<html>
<body>
<pre>
<h1>µVision Build Log</h1>
<h2>Tool Versions:</h2>
IDE-Version: µVision V5.16a
Copyright (C) 2015 ARM Ltd and ARM Germany GmbH. All rights reserved.
License Information: user Computer Science and S, Trinity College Dublin, LIC=----
 
Tool Versions:
Toolchain:       MDK-Lite  Version: 5.16a
Toolchain Path:  C:\Keil_v5\ARM\ARMCC_505u2\Bin
C Compiler:      Armcc.exe V5.05 update 2 (build 169)
Assembler:       Armasm.exe V5.05 update 2 (build 169)
Linker/Locator:  ArmLink.exe V5.05 update 2 (build 169)
Library Manager: ArmAr.exe V5.05 update 2 (build 169)
Hex Converter:   FromElf.exe V5.05 update 2 (build 169)
CPU DLL:         SARM.DLL V5.16a
Dialog DLL:      DARMP.DLL V1.51
Target DLL:      UL2ARM.DLL V1.74.6.0
Dialog DLL:      TARMP.DLL V1.51
 
<h2>Project:</h2>
U:\Program11-Touch\LCD.uvproj
Project File Date:  11/21/2016

<h2>Output:</h2>
*** Using Compiler 'V5.05 update 2 (build 169)', folder: 'C:\Keil_v5\ARM\ARMCC_505u2\Bin'
Rebuild target 'Internal Flash'
assembling serialISR.s...
compiling Retarget.c...
assembling LPC2400.s...
compiling serial.c...
compiling main.c...
compiling console.c...
console.c(29): warning:  #167-D: argument of type "signed char *" is incompatible with parameter of type "const char *const"
  	xTaskCreate( vConsoleTask, ( signed char * ) "Console", 
onsoleSTACK_SIZE, 
ULL, uxPriority, ( 
TaskHandle * ) 
ULL );
console.c: 1 warning, 0 errors
compiling lcd.c...
UI.h(26): warning:  #1295-D: Deprecated declaration drawDefaultInterface - give arg types
  void drawDefaultInterface();
UI.h(28): warning:  #1295-D: Deprecated declaration initialiseButtons - give arg types
  ButtonController initialiseButtons();
UI.h(34): warning:  #1-D: last line of file ends without a newline
  #endif
lcd.c(22): warning:  #1295-D: Deprecated declaration drawDefaultUI - give arg types
  void drawDefaultUI();
lcd.c(39): warning:  #167-D: argument of type "signed char *" is incompatible with parameter of type "const char *const"
  	xTaskCreate( vLcdTask, ( signed char * ) "Lcd", 
cdSTACK_SIZE, 
ULL, uxPriority, ( 
TaskHandle * ) 
ULL );
lcd.c(101): warning:  #167-D: argument of type "unsigned char *" is incompatible with parameter of type "char *restrict"
  			strcpy(buttonController.masterButton.text, "MASTER ON");
lcd.c(109): warning:  #167-D: argument of type "unsigned char *" is incompatible with parameter of type "char *restrict"
  			strcpy(buttonController.masterButton.text, "MASTER OFF");
lcd.c: 7 warnings, 0 errors
assembling lcdISR.s...
compiling UI.c...
UI.h(26): warning:  #1295-D: Deprecated declaration drawDefaultInterface - give arg types
  void drawDefaultInterface();
UI.h(28): warning:  #1295-D: Deprecated declaration initialiseButtons - give arg types
  ButtonController initialiseButtons();
UI.h(34): warning:  #1-D: last line of file ends without a newline
  #endif
UI.c: 3 warnings, 0 errors
compiling list.c...
compiling queue.c...
compiling port.c...
assembling portASM.s...
compiling tasks.c...
compiling heap_3.c...
compiling font5x7.c...
compiling lcd_grph.c...
compiling lcd_hw.c...
linking...
Program Size: Code=22476 RO-data=1040 RW-data=100 ZI-data=4199684  
".\LCD.axf" - 0 Error(s), 11 Warning(s).
Build Time Elapsed:  00:00:03
</pre>
</body>
</html>
