Component: ARM Compiler 5.05 update 2 (build 169) Tool: armlink [4d0f33]

==============================================================================

Section Cross References

    lpc2400.o(STACK) refers (Special) to heapauxi.o(.text) for __use_two_region_memory
    lpc2400.o(HEAP) refers (Special) to heapauxi.o(.text) for __use_two_region_memory
    lpc2400.o(RESET) refers (Special) to heapauxi.o(.text) for __use_two_region_memory
    lpc2400.o(RESET) refers to portasm.o(PORT_ASM) for vPortYieldProcessor
    lpc2400.o(RESET) refers to lpc2400.o(STACK) for Stack_Top
    lpc2400.o(RESET) refers to __main.o(!!!main) for __main
    lpc2400.o(.text) refers (Special) to heapauxi.o(.text) for __use_two_region_memory
    lpc2400.o(.text) refers to lpc2400.o(HEAP) for Heap_Mem
    lpc2400.o(.text) refers to lpc2400.o(STACK) for Stack_Mem
    main.o(.text) refers to lcd_hw.o(.text) for lcd_hw_init
    main.o(.text) refers to console.o(.text) for vStartConsole
    main.o(.text) refers to lcd.o(.text) for vStartLcd
    main.o(.text) refers to tasks.o(.text) for vTaskStartScheduler
    main.o(.text) refers to lcdisr.o(.text) for vLCD_ISREntry
    console.o(.text) refers to strlen.o(.text) for strlen
    console.o(.text) refers to serial.o(.text) for vSerialPutString
    console.o(.text) refers to tasks.o(.text) for xTaskCreate
    console.o(.text) refers to noretval__2printf.o(.text) for __2printf
    console.o(.text) refers to console.o(.data) for pcPrompt
    console.o(.data) refers to console.o(.conststring) for .conststring
    retarget.o(.text) refers (Special) to use_no_semi.o(.text) for __use_no_semihosting_swi
    retarget.o(.text) refers to console.o(.text) for xConsolePortHandle
    retarget.o(.text) refers to serial.o(.text) for xSerialPutChar
    retarget.o(.data) refers (Special) to use_no_semi.o(.text) for __use_no_semihosting_swi
    serial.o(.text) refers to queue.o(.text) for xQueueGenericCreate
    serial.o(.text) refers to port.o(.text) for vPortEnterCritical
    serial.o(.text) refers to aeabi_sdiv.o(.text_udiv) for __aeabi_uidivmod
    serial.o(.text) refers to tasks.o(.text) for vTaskSwitchContext
    serial.o(.text) refers to serial.o(.data) for xRxedChars
    serial.o(.text) refers to serialisr.o(.text) for vUART_ISREntry
    serialisr.o(.text) refers to port.o(.data) for ulCriticalNesting
    serialisr.o(.text) refers to tasks.o(.data) for pxCurrentTCB
    serialisr.o(.text) refers to serial.o(.text) for vUART_ISRHandler
    lcd.o(.text) refers to noretval__2printf.o(.text) for __2printf
    lcd.o(.text) refers to lcd_hw.o(.text) for lcd_init
    lcd.o(.text) refers to ui.o(.text) for initialiseButtons
    lcd.o(.text) refers to rt_memcpy_w.o(.text) for __aeabi_memcpy4
    lcd.o(.text) refers to lcd_grph.o(.text) for lcd_fillScreen
    lcd.o(.text) refers to queue.o(.text) for xQueueGenericReceive
    lcd.o(.text) refers to tasks.o(.text) for xTaskGetTickCount
    lcd.o(.text) refers to strcpy.o(.text) for strcpy
    lcd.o(.text) refers to lcd.o(.data) for xLcdSemphr
    lcdisr.o(.text) refers to port.o(.data) for ulCriticalNesting
    lcdisr.o(.text) refers to tasks.o(.data) for pxCurrentTCB
    lcdisr.o(.text) refers to lcd.o(.text) for vLCD_ISRHandler
    ui.o(.text) refers to rt_memcpy_w.o(.text) for __aeabi_memcpy4
    ui.o(.text) refers to lcd_grph.o(.text) for lcd_fillRect
    ui.o(.text) refers to ui.o(.constdata) for .constdata
    ui.o(.text) refers to ui.o(.bss) for buttonController
    queue.o(.text) refers to port.o(.text) for vPortEnterCritical
    queue.o(.text) refers to tasks.o(.text) for xTaskRemoveFromEventList
    queue.o(.text) refers to portasm.o(PORT_ASM) for vPortYield
    queue.o(.text) refers to list.o(.text) for vListInitialise
    queue.o(.text) refers to heap_3.o(.text) for pvPortMalloc
    queue.o(.text) refers to rt_memcpy.o(.text) for __aeabi_memcpy
    tasks.o(.text) refers to list.o(.text) for vListInitialise
    tasks.o(.text) refers to port.o(.text) for vPortEnterCritical
    tasks.o(.text) refers to portasm.o(PORT_ASM) for vPortYield
    tasks.o(.text) refers to heap_3.o(.text) for pvPortMalloc
    tasks.o(.text) refers to tasks.o(.bss) for pxReadyTasksLists
    tasks.o(.text) refers to tasks.o(.data) for pxDelayedTaskList
    port.o(.text) refers to portasm.o(PORT_ASM) for vPortStartFirstTask
    port.o(.text) refers to port.o(.data) for ulCriticalNesting
    portasm.o(PORT_ASM) refers to tasks.o(.data) for pxCurrentTCB
    portasm.o(PORT_ASM) refers to port.o(.data) for ulCriticalNesting
    portasm.o(PORT_ASM) refers to tasks.o(.text) for vTaskSwitchContext
    heap_3.o(.text) refers to tasks.o(.text) for vTaskSuspendAll
    heap_3.o(.text) refers to h1_alloc.o(.text) for malloc
    heap_3.o(.text) refers to h1_free.o(.text) for free
    lcd_grph.o(.text) refers to lcd_hw.o(.text) for writeToReg
    lcd_grph.o(.text) refers to lcd_hw.o(.data) for activeController
    lcd_grph.o(.text) refers to font5x7.o(.constdata) for font5x7
[...]
    h1_alloc_mt.o(.text) refers (Special) to h1_init.o(.text) for __Heap_Initialize
    h1_alloc_mt.o(.text) refers to init_alloc.o(.text) for __Heap_Full
    h1_alloc_mt.o(.text) refers to rt_heap_descriptor_intlibspace.o(.text) for __rt_heap_descriptor
    h1_free_mt.o(.text) refers to rt_heap_descriptor_intlibspace.o(.text) for __rt_heap_descriptor
    heap2.o(i._FDIterate) refers to heap2.o(i.__ARM_common_call_via_r6) for __ARM_common_call_via_r6
    heap2.o(i._FDIterate) refers to heap2.o(.conststring) for .conststring
    heap2.o(i.___Heap_ProvideMemory$realtime) refers to fdtree.o(i._FDTree_Delete) for _FDTree_Delete
    heap2.o(i.___Heap_ProvideMemory$realtime) refers to fdtree.o(i._FDTree_Insert) for _FDTree_Insert
    heap2.o(i.___Heap_Stats$realtime) refers to heap2.o(i._Heap2_StatsIterate) for _Heap2_StatsIterate
    heap2.o(i.___Heap_Stats$realtime) refers to aeabi_sdiv.o(.text_udiv) for __aeabi_uidivmod
    heap2.o(i.___Heap_Stats$realtime) refers to heap2.o(i.__ARM_common_call_via_r5) for __ARM_common_call_via_r5
    heap2.o(i.___Heap_Valid$realtime) refers to heap2.o(i.__ARM_common_call_via_r5) for __ARM_common_call_via_r5
    heap2.o(i.___Heap_Valid$realtime) refers to heap2.o(i._FDIterate) for _FDIterate
    heap2.o(i.___Heap_Valid$realtime) refers to heap2.o(.conststring) for .conststring
    heap2.o(i._free$realtime) refers to rt_heap_descriptor_intlibspace.o(.text) for __rt_heap_descriptor
    heap2.o(i._free$realtime) refers to fdtree.o(i._FDTree_Delete) for _FDTree_Delete
    heap2.o(i._free$realtime) refers to fdtree.o(i._FDTree_Insert) for _FDTree_Insert
    heap2.o(i._malloc$realtime) refers to rt_heap_descriptor_intlibspace.o(.text) for __rt_heap_descriptor
    heap2.o(i._malloc$realtime) refers to fdtree.o(i._FDTree_FindFirst) for _FDTree_FindFirst
    heap2.o(i._malloc$realtime) refers to init_alloc.o(.text) for __Heap_Full
    heap2.o(i._malloc$realtime) refers to fdtree.o(i._FDTree_RemoveNode) for _FDTree_RemoveNode
    heap2.o(i._malloc$realtime) refers to fdtree.o(i._FDTree_Insert) for _FDTree_Insert
    heap2.o(i._posix_memalign$realtime) refers to rt_heap_descriptor_intlibspace.o(.text) for __rt_heap_descriptor
    heap2.o(i._posix_memalign$realtime) refers to fdtree.o(i._FDTree_FindFirst) for _FDTree_FindFirst
    heap2.o(i._posix_memalign$realtime) refers to init_alloc.o(.text) for __Heap_Full
    heap2.o(i._posix_memalign$realtime) refers to fdtree.o(i._FDTree_RemoveNode) for _FDTree_RemoveNode
    heap2.o(i._posix_memalign$realtime) refers to fdtree.o(i._FDTree_Insert) for _FDTree_Insert
    heap2.o(i._realloc$realtime) refers to rt_heap_descriptor_intlibspace.o(.text) for __rt_heap_descriptor
    heap2.o(i._realloc$realtime) refers to h1_free.o(.text) for free
    heap2.o(i._realloc$realtime) refers to h1_alloc.o(.text) for malloc
    heap2.o(i._realloc$realtime) refers to fdtree.o(i._FDTree_Delete) for _FDTree_Delete
    heap2.o(i._realloc$realtime) refers to fdtree.o(i._FDTree_Insert) for _FDTree_Insert
    heap2.o(i._realloc$realtime) refers to rt_memcpy_w.o(.text) for __aeabi_memcpy4
    heap2mt.o(i._FDIterate) refers to heap2.o(i.__ARM_common_call_via_r6) for __ARM_common_call_via_r6
    heap2mt.o(i._FDIterate) refers to heap2mt.o(.conststring) for .conststring
    heap2mt.o(i.___Heap_Initialize$realtime$concurrent) refers to mutex_dummy.o(.text) for _mutex_initialize
    heap2mt.o(i.___Heap_ProvideMemory$realtime$concurrent) refers to fdtree.o(i._FDTree_Delete) for _FDTree_Delete
    heap2mt.o(i.___Heap_ProvideMemory$realtime$concurrent) refers to fdtree.o(i._FDTree_Insert) for _FDTree_Insert
    heap2mt.o(i.___Heap_Stats$realtime$concurrent) refers to heap2mt.o(i._Heap2_StatsIterate) for _Heap2_StatsIterate
    heap2mt.o(i.___Heap_Stats$realtime$concurrent) refers to aeabi_sdiv.o(.text_udiv) for __aeabi_uidivmod
    heap2mt.o(i.___Heap_Stats$realtime$concurrent) refers to heap2.o(i.__ARM_common_call_via_r5) for __ARM_common_call_via_r5
    heap2mt.o(i.___Heap_Valid$realtime$concurrent) refers to heap2.o(i.__ARM_common_call_via_r5) for __ARM_common_call_via_r5
    heap2mt.o(i.___Heap_Valid$realtime$concurrent) refers to heap2mt.o(i._FDIterate) for _FDIterate
    heap2mt.o(i.___Heap_Valid$realtime$concurrent) refers to heap2mt.o(.conststring) for .conststring
    heap2mt.o(i._free$realtime$concurrent) refers to rt_heap_descriptor_intlibspace.o(.text) for __rt_heap_descriptor
    heap2mt.o(i._free$realtime$concurrent) refers to fdtree.o(i._FDTree_Delete) for _FDTree_Delete
    heap2mt.o(i._free$realtime$concurrent) refers to fdtree.o(i._FDTree_Insert) for _FDTree_Insert
    heap2mt.o(i._malloc$realtime$concurrent) refers to rt_heap_descriptor_intlibspace.o(.text) for __rt_heap_descriptor
    heap2mt.o(i._malloc$realtime$concurrent) refers to fdtree.o(i._FDTree_FindFirst) for _FDTree_FindFirst
    heap2mt.o(i._malloc$realtime$concurrent) refers to init_alloc.o(.text) for __Heap_Full
    heap2mt.o(i._malloc$realtime$concurrent) refers to fdtree.o(i._FDTree_RemoveNode) for _FDTree_RemoveNode
    heap2mt.o(i._malloc$realtime$concurrent) refers to fdtree.o(i._FDTree_Insert) for _FDTree_Insert
    heap2mt.o(i._posix_memalign$realtime$concurrent) refers to rt_heap_descriptor_intlibspace.o(.text) for __rt_heap_descriptor
    heap2mt.o(i._posix_memalign$realtime$concurrent) refers to fdtree.o(i._FDTree_FindFirst) for _FDTree_FindFirst
    heap2mt.o(i._posix_memalign$realtime$concurrent) refers to init_alloc.o(.text) for __Heap_Full
    heap2mt.o(i._posix_memalign$realtime$concurrent) refers to fdtree.o(i._FDTree_RemoveNode) for _FDTree_RemoveNode
    heap2mt.o(i._posix_memalign$realtime$concurrent) refers to fdtree.o(i._FDTree_Insert) for _FDTree_Insert
    heap2mt.o(i._realloc$realtime$concurrent) refers to rt_heap_descriptor_intlibspace.o(.text) for __rt_heap_descriptor
    heap2mt.o(i._realloc$realtime$concurrent) refers to h1_free.o(.text) for free
    heap2mt.o(i._realloc$realtime$concurrent) refers to h1_alloc.o(.text) for malloc
    heap2mt.o(i._realloc$realtime$concurrent) refers to fdtree.o(i._FDTree_Delete) for _FDTree_Delete
    heap2mt.o(i._realloc$realtime$concurrent) refers to fdtree.o(i._FDTree_Insert) for _FDTree_Insert
    heap2mt.o(i._realloc$realtime$concurrent) refers to rt_memcpy_w.o(.text) for __aeabi_memcpy4
    __2printf.o(.text) refers to _printf_char_file.o(.text) for _printf_char_file
    __2printf.o(.text) refers to retarget.o(.data) for __stdout
    noretval__2printf.o(.text) refers to _printf_char_file.o(.text) for _printf_char_file
    noretval__2printf.o(.text) refers to retarget.o(.data) for __stdout
    rt_memcpy.o(.text) refers to rt_memcpy_w.o(.text) for __aeabi_memcpy4
    aeabi_sdiv.o(.text_udiv) refers to aeabi_sdiv.o(.text) for __arm_div2
    aeabi_sdiv_div0.o(.text_udiv) refers to aeabi_sdiv_div0.o(.text) for __arm_div2
    __main.o(!!!main) refers to __rtentry.o(.ARM.Collect$$rtentry$$00000000) for __rt_entry
    __rtentry.o(.ARM.Collect$$rtentry$$00000000) refers (Special) to __rtentry2.o(.ARM.Collect$$rtentry$$0000000A) for __rt_entry_li
    __rtentry.o(.ARM.Collect$$rtentry$$00000000) refers (Special) to __rtentry2.o(.ARM.Collect$$rtentry$$0000000D) for __rt_entry_main
    __rtentry.o(.ARM.Collect$$rtentry$$00000000) refers (Special) to __rtentry2.o(.ARM.Collect$$rtentry$$0000000C) for __rt_entry_postli_1
    __rtentry.o(.ARM.Collect$$rtentry$$00000000) refers (Special) to __rtentry2.o(.ARM.Collect$$rtentry$$00000009) for __rt_entry_postsh_1
    __rtentry.o(.ARM.Collect$$rtentry$$00000000) refers (Special) to __rtentry2.o(.ARM.Collect$$rtentry$$00000002) for __rt_entry_presh_1
    __rtentry.o(.ARM.Collect$$rtentry$$00000000) refers (Special) to __rtentry4.o(.ARM.Collect$$rtentry$$00000004) for __rt_entry_sh
    aeabi_idiv0_sigfpe.o(.text) refers to rt_div0.o(.text) for __rt_div0
    rt_heap_descriptor.o(.text) refers to rt_heap_descriptor.o(.bss) for __rt_heap_descriptor_data
    rt_heap_descriptor_intlibspace.o(.text) refers to libspace.o(.bss) for __libspace_start
    init_alloc.o(.text) refers (Special) to hguard.o(.text) for __heap$guard
    init_alloc.o(.text) refers (Special) to libinit2.o(.ARM.Collect$$libinit$$00000005) for __rt_lib_init_heap_2
    init_alloc.o(.text) refers (Special) to maybetermalloc1.o(.emb_text) for _maybe_terminate_alloc
    init_alloc.o(.text) refers to h1_extend.o(.text) for __Heap_ProvideMemory
    init_alloc.o(.text) refers to defsig_rtmem_outer.o(.text) for __rt_SIGRTMEM
    init_alloc.o(.text) refers to rt_heap_descriptor_intlibspace.o(.text) for __rt_heap_descriptor
    init_alloc.o(.text) refers to h1_init.o(.text) for __Heap_Initialize
    h1_init_mt.o(.text) refers to mutex_dummy.o(.text) for _mutex_initialize
    _printf_char_file.o(.text) refers to _printf_char_common.o(.text) for _printf_char_common
    _printf_char_file.o(.text) refers to retarget.o(.text) for ferror
    _get_argv.o(.text) refers (Special) to hrguard.o(.text) for __heap_region$guard
    _get_argv.o(.text) refers to h1_alloc.o(.text) for malloc
    _get_argv.o(.text) refers to defsig_rtmem_outer.o(.text) for __rt_SIGRTMEM
    _get_argv.o(.text) refers to sys_command.o(.text) for _sys_command_string
    libinit2.o(.ARM.Collect$$libinit$$00000001) refers to fpinit.o(x$fpl$fpinit) for _fp_init
    libinit2.o(.ARM.Collect$$libinit$$00000005) refers (Weak) to init_alloc.o(.text) for _init_alloc
    libinit2.o(.ARM.Collect$$libinit$$00000010) refers to libinit2.o(.ARM.Collect$$libinit$$0000000F) for .ARM.Collect$$libinit$$0000000F
    libinit2.o(.ARM.Collect$$libinit$$00000012) refers to libinit2.o(.ARM.Collect$$libinit$$0000000F) for .ARM.Collect$$libinit$$0000000F
    libinit2.o(.ARM.Collect$$libinit$$00000014) refers to libinit2.o(.ARM.Collect$$libinit$$0000000F) for .ARM.Collect$$libinit$$0000000F
    libinit2.o(.ARM.Collect$$libinit$$00000016) refers to libinit2.o(.ARM.Collect$$libinit$$0000000F) for .ARM.Collect$$libinit$$0000000F
    libinit2.o(.ARM.Collect$$libinit$$00000018) refers to libinit2.o(.ARM.Collect$$libinit$$0000000F) for .ARM.Collect$$libinit$$0000000F
    libinit2.o(.ARM.Collect$$libinit$$00000026) refers to argv_veneer.o(.emb_text) for __ARM_argv_veneer
    libinit2.o(.ARM.Collect$$libinit$$00000027) refers to argv_veneer.o(.emb_text) for __ARM_argv_veneer
    sys_command.o(.text) refers (Special) to use_no_semi.o(.text) for __I$use$semihosting
    sys_command.o(.text) refers (Special) to indicate_semi.o(.text) for __semihosting_library_function
    libspace.o(.text) refers to libspace.o(.bss) for __libspace_start
    __rtentry2.o(.ARM.Collect$$rtentry$$00000008) refers to boardinit2.o(.text) for _platform_post_stackheap_init
    __rtentry2.o(.ARM.Collect$$rtentry$$0000000A) refers to libinit.o(.ARM.Collect$$libinit$$00000000) for __rt_lib_init
    __rtentry2.o(.ARM.Collect$$rtentry$$0000000B) refers to boardinit3.o(.text) for _platform_post_lib_init
    __rtentry2.o(.ARM.Collect$$rtentry$$0000000D) refers to exit.o(.text) for exit
    __rtentry2.o(.ARM.Collect$$rtentry$$0000000D) refers to main.o(.text) for main
    __rtentry2.o(.ARM.exidx) refers to __rtentry2.o(.ARM.Collect$$rtentry$$00000001) for .ARM.Collect$$rtentry$$00000001
    __rtentry2.o(.ARM.exidx) refers to __rtentry2.o(.ARM.Collect$$rtentry$$00000008) for .ARM.Collect$$rtentry$$00000008
    __rtentry2.o(.ARM.exidx) refers to __rtentry2.o(.ARM.Collect$$rtentry$$0000000A) for .ARM.Collect$$rtentry$$0000000A
    __rtentry2.o(.ARM.exidx) refers to __rtentry2.o(.ARM.Collect$$rtentry$$0000000B) for .ARM.Collect$$rtentry$$0000000B
    __rtentry2.o(.ARM.exidx) refers to __rtentry2.o(.ARM.Collect$$rtentry$$0000000D) for .ARM.Collect$$rtentry$$0000000D
    __rtentry4.o(.ARM.Collect$$rtentry$$00000004) refers to sys_stackheap_outer.o(.text) for __user_setup_stackheap
    __rtentry4.o(.ARM.exidx) refers to __rtentry4.o(.ARM.Collect$$rtentry$$00000004) for .ARM.Collect$$rtentry$$00000004
    rt_div0.o(.text) refers to defsig_fpe_outer.o(.text) for __rt_SIGFPE
    maybetermalloc2.o(.emb_text) refers (Special) to term_alloc.o(.text) for _terminate_alloc
    h1_extend.o(.text) refers to h1_free.o(.text) for free
    h1_extend_mt.o(.text) refers to h1_free_mt.o(.text) for _free_internal
    _printf_char_common.o(.text) refers to __printf_nopercent.o(.text) for __printf
    defsig_rtmem_outer.o(.text) refers to defsig_rtmem_inner.o(.text) for __rt_SIGRTMEM_inner
    defsig_rtmem_outer.o(.text) refers to defsig_exit.o(.text) for __sig_exit
    defsig_rtmem_formal.o(.text) refers to rt_raise.o(.text) for __rt_raise
    heapauxa.o(.text) refers to heapauxa.o(.data) for .data
    argv_veneer.o(.emb_text) refers to no_argv.o(.text) for __ARM_get_argv
    sys_stackheap_outer.o(.text) refers to libspace.o(.text) for __user_perproc_libspace
    sys_stackheap_outer.o(.text) refers to lpc2400.o(.text) for __user_initial_stackheap
    rt_raise.o(.text) refers to __raise.o(.text) for __raise
    rt_raise.o(.text) refers to retarget.o(.text) for _sys_exit
    term_alloc.o(.text) refers (Special) to libshutdown2.o(.ARM.Collect$$libshutdown$$0000000D) for __rt_lib_shutdown_heap_2
    term_alloc.o(.text) refers to rt_heap_descriptor_intlibspace.o(.text) for __rt_heap_descriptor
    __printf_nopercent.o(.text) refers to __printf_nopercent.o(i.__ARM_common_call_via_r7) for __ARM_common_call_via_r7
    __printf_nopercent.o(.text) refers to heap2.o(i.__ARM_common_call_via_r5) for __ARM_common_call_via_r5
    exit.o(.text) refers to rtexit.o(.ARM.Collect$$rtexit$$00000000) for __rt_exit
    defsig_exit.o(.text) refers to retarget.o(.text) for _sys_exit
    defsig_fpe_outer.o(.text) refers to defsig_fpe_inner.o(.text) for __rt_SIGFPE_inner
    defsig_fpe_outer.o(.text) refers to defsig_exit.o(.text) for __sig_exit
    defsig_fpe_formal.o(.text) refers to rt_raise.o(.text) for __rt_raise
    defsig_rtmem_inner.o(.text) refers to defsig_general.o(.text) for __default_signal_display
    _get_argv_nomalloc.o(.text) refers (Special) to hrguard.o(.text) for __heap_region$guard
    _get_argv_nomalloc.o(.text) refers to defsig_rtmem_outer.o(.text) for __rt_SIGRTMEM
    _get_argv_nomalloc.o(.text) refers to sys_command.o(.text) for _sys_command_string
    libinit.o(.ARM.Collect$$libinit$$00000000) refers (Special) to libinit2.o(.ARM.Collect$$libinit$$0000002E) for __rt_lib_init_alloca_1
    libinit.o(.ARM.Collect$$libinit$$00000000) refers (Special) to libinit2.o(.ARM.Collect$$libinit$$0000002C) for __rt_lib_init_argv_1
    libinit.o(.ARM.Collect$$libinit$$00000000) refers (Special) to libinit2.o(.ARM.Collect$$libinit$$0000001B) for __rt_lib_init_atexit_1
    libinit.o(.ARM.Collect$$libinit$$00000000) refers (Special) to libinit2.o(.ARM.Collect$$libinit$$00000021) for __rt_lib_init_clock_1
    libinit.o(.ARM.Collect$$libinit$$00000000) refers (Special) to libinit2.o(.ARM.Collect$$libinit$$00000032) for __rt_lib_init_cpp_1
    libinit.o(.ARM.Collect$$libinit$$00000000) refers (Special) to libinit2.o(.ARM.Collect$$libinit$$00000030) for __rt_lib_init_exceptions_1
    libinit.o(.ARM.Collect$$libinit$$00000000) refers (Special) to libinit2.o(.ARM.Collect$$libinit$$00000002) for __rt_lib_init_fp_1
    libinit.o(.ARM.Collect$$libinit$$00000000) refers (Special) to libinit2.o(.ARM.Collect$$libinit$$0000001F) for __rt_lib_init_fp_trap_1
    libinit.o(.ARM.Collect$$libinit$$00000000) refers (Special) to libinit2.o(.ARM.Collect$$libinit$$00000023) for __rt_lib_init_getenv_1
    libinit.o(.ARM.Collect$$libinit$$00000000) refers (Special) to libinit2.o(.ARM.Collect$$libinit$$0000000A) for __rt_lib_init_heap_1
    libinit.o(.ARM.Collect$$libinit$$00000000) refers (Special) to libinit2.o(.ARM.Collect$$libinit$$00000011) for __rt_lib_init_lc_collate_1
    libinit.o(.ARM.Collect$$libinit$$00000000) refers (Special) to libinit2.o(.ARM.Collect$$libinit$$00000013) for __rt_lib_init_lc_ctype_1
    libinit.o(.ARM.Collect$$libinit$$00000000) refers (Special) to libinit2.o(.ARM.Collect$$libinit$$00000015) for __rt_lib_init_lc_monetary_1
    libinit.o(.ARM.Collect$$libinit$$00000000) refers (Special) to libinit2.o(.ARM.Collect$$libinit$$00000017) for __rt_lib_init_lc_numeric_1
    libinit.o(.ARM.Collect$$libinit$$00000000) refers (Special) to libinit2.o(.ARM.Collect$$libinit$$00000019) for __rt_lib_init_lc_time_1
    libinit.o(.ARM.Collect$$libinit$$00000000) refers (Special) to libinit2.o(.ARM.Collect$$libinit$$00000004) for __rt_lib_init_preinit_1
    libinit.o(.ARM.Collect$$libinit$$00000000) refers (Special) to libinit2.o(.ARM.Collect$$libinit$$0000000E) for __rt_lib_init_rand_1
    libinit.o(.ARM.Collect$$libinit$$00000000) refers (Special) to libinit2.o(.ARM.Collect$$libinit$$00000033) for __rt_lib_init_return
    libinit.o(.ARM.Collect$$libinit$$00000000) refers (Special) to libinit2.o(.ARM.Collect$$libinit$$0000001D) for __rt_lib_init_signal_1
    libinit.o(.ARM.Collect$$libinit$$00000000) refers (Special) to libinit2.o(.ARM.Collect$$libinit$$00000025) for __rt_lib_init_stdio_1
    libinit.o(.ARM.Collect$$libinit$$00000000) refers (Special) to libinit2.o(.ARM.Collect$$libinit$$0000000C) for __rt_lib_init_user_alloc_1
    rtexit.o(.ARM.Collect$$rtexit$$00000000) refers (Special) to rtexit2.o(.ARM.Collect$$rtexit$$00000004) for __rt_exit_exit
    rtexit.o(.ARM.Collect$$rtexit$$00000000) refers (Special) to rtexit2.o(.ARM.Collect$$rtexit$$00000003) for __rt_exit_ls
    rtexit.o(.ARM.Collect$$rtexit$$00000000) refers (Special) to rtexit2.o(.ARM.Collect$$rtexit$$00000002) for __rt_exit_prels_1
    rtexit.o(.ARM.exidx) refers (Special) to rtexit2.o(.ARM.Collect$$rtexit$$00000004) for __rt_exit_exit
    rtexit.o(.ARM.exidx) refers (Special) to rtexit2.o(.ARM.Collect$$rtexit$$00000003) for __rt_exit_ls
    rtexit.o(.ARM.exidx) refers (Special) to rtexit2.o(.ARM.Collect$$rtexit$$00000002) for __rt_exit_prels_1
    rtexit.o(.ARM.exidx) refers to rtexit.o(.ARM.Collect$$rtexit$$00000000) for .ARM.Collect$$rtexit$$00000000
    __raise.o(.text) refers to __raise.o(i.__ARM_common_call_via_r2) for __ARM_common_call_via_r2
    __raise.o(.text) refers to defsig.o(CL$$defsig) for __default_signal_handler
    defsig_general.o(.text) refers to retarget.o(.text) for _ttywrch
    defsig_fpe_inner.o(.text) refers to defsig_general.o(.text) for __default_signal_display
    libshutdown2.o(.ARM.Collect$$libshutdown$$0000000C) refers (Weak) to term_alloc.o(.text) for _terminate_alloc
    rtexit2.o(.ARM.Collect$$rtexit$$00000003) refers to libshutdown.o(.ARM.Collect$$libshutdown$$00000000) for __rt_lib_shutdown
    rtexit2.o(.ARM.Collect$$rtexit$$00000004) refers to retarget.o(.text) for _sys_exit
    rtexit2.o(.ARM.exidx) refers to rtexit2.o(.ARM.Collect$$rtexit$$00000001) for .ARM.Collect$$rtexit$$00000001
    rtexit2.o(.ARM.exidx) refers to rtexit2.o(.ARM.Collect$$rtexit$$00000003) for .ARM.Collect$$rtexit$$00000003
    rtexit2.o(.ARM.exidx) refers to rtexit2.o(.ARM.Collect$$rtexit$$00000004) for .ARM.Collect$$rtexit$$00000004
    defsig.o(CL$$defsig) refers to defsig_fpe_inner.o(.text) for __rt_SIGFPE_inner
    defsig.o(CL$$defsig) refers to defsig_rtmem_inner.o(.text) for __rt_SIGRTMEM_inner
    defsig_abrt_inner.o(.text) refers to defsig_general.o(.text) for __default_signal_display
    defsig_rtred_inner.o(.text) refers to defsig_general.o(.text) for __default_signal_display
    defsig_stak_inner.o(.text) refers to defsig_general.o(.text) for __default_signal_display
    defsig_pvfn_inner.o(.text) refers to defsig_general.o(.text) for __default_signal_display
    defsig_cppl_inner.o(.text) refers to defsig_general.o(.text) for __default_signal_display
    defsig_segv_inner.o(.text) refers to defsig_general.o(.text) for __default_signal_display
    defsig_other.o(.text) refers to defsig_general.o(.text) for __default_signal_display
    libshutdown.o(.ARM.Collect$$libshutdown$$00000000) refers (Special) to libshutdown2.o(.ARM.Collect$$libshutdown$$00000006) for __rt_lib_shutdown_fp_trap_1
    libshutdown.o(.ARM.Collect$$libshutdown$$00000000) refers (Special) to libshutdown2.o(.ARM.Collect$$libshutdown$$0000000E) for __rt_lib_shutdown_heap_1
    libshutdown.o(.ARM.Collect$$libshutdown$$00000000) refers (Special) to libshutdown2.o(.ARM.Collect$$libshutdown$$0000000F) for __rt_lib_shutdown_return
    libshutdown.o(.ARM.Collect$$libshutdown$$00000000) refers (Special) to libshutdown2.o(.ARM.Collect$$libshutdown$$00000009) for __rt_lib_shutdown_signal_1
    libshutdown.o(.ARM.Collect$$libshutdown$$00000000) refers (Special) to libshutdown2.o(.ARM.Collect$$libshutdown$$00000003) for __rt_lib_shutdown_stdio_1
    libshutdown.o(.ARM.Collect$$libshutdown$$00000000) refers (Special) to libshutdown2.o(.ARM.Collect$$libshutdown$$0000000B) for __rt_lib_shutdown_user_alloc_1


==============================================================================

Adding Veneers to the image

    Adding AT veneer (8 bytes, Inline) for call to '__rt_lib_init' from __rtentry2.o(.ARM.Collect$$rtentry$$0000000A).
    Adding AT veneer (8 bytes, Inline) for call to '__rt_lib_shutdown' from rtexit2.o(.ARM.Collect$$rtexit$$00000003).
    Adding TA veneer (4 bytes, Inline) for call to '__rt_exit' from exit.o(.text).
    Adding AT veneer (8 bytes, Inline) for call to 'malloc' from heap_3.o(.text).
    Adding AT veneer (8 bytes, Inline) for call to 'free' from heap_3.o(.text).
    Adding AT veneer (8 bytes, Inline) for call to '__2printf' from console.o(.text).
    Adding AT veneer (8 bytes, Inline) for call to 'strcpy' from lcd.o(.text).
    Adding AT veneer (8 bytes, Inline) for call to 'strlen' from console.o(.text).
    Adding TA veneer (4 bytes, Inline) for call to '__rt_heap_descriptor' from h1_alloc.o(.text).
    Adding TA veneer (8 bytes, Short) for call to 'ferror' from _printf_char_file.o(.text).
    Adding TA veneer (8 bytes, Short) for call to '_sys_exit' from defsig_exit.o(.text).
    Adding TA veneer (8 bytes, Short) for call to '_ttywrch' from defsig_general.o(.text).

12 Veneer(s) (total 88 bytes) added to the image.

==============================================================================

Image Symbol Table

    Local Symbols

    Symbol Name                              Value     Ov Type        Size  Object(Section)

    RESET                                    0x00000000   Section      832  lpc2400.o(RESET)
    ../clib/angel/boardlib.s                 0x00000000   Number         0  boardinit3.o ABSOLUTE
    ../clib/angel/boardlib.s                 0x00000000   Number         0  boardinit2.o ABSOLUTE
    ../clib/angel/boardlib.s                 0x00000000   Number         0  boardinit1.o ABSOLUTE
    ../clib/angel/boardlib.s                 0x00000000   Number         0  boardshut.o ABSOLUTE
    ../clib/angel/handlers.s                 0x00000000   Number         0  __scatter_zi.o ABSOLUTE
    ../clib/angel/handlers.s                 0x00000000   Number         0  __scatter_copy.o ABSOLUTE
    ../clib/angel/kernel.s                   0x00000000   Number         0  __rtentry.o ABSOLUTE
    ../clib/angel/kernel.s                   0x00000000   Number         0  rtexit.o ABSOLUTE
    ../clib/angel/kernel.s                   0x00000000   Number         0  __rtentry4.o ABSOLUTE
    ../clib/angel/kernel.s                   0x00000000   Number         0  rtexit2.o ABSOLUTE
    ../clib/angel/kernel.s                   0x00000000   Number         0  __rtentry2.o ABSOLUTE
    ../clib/angel/rt.s                       0x00000000   Number         0  aeabi_idiv0_sigfpe.o ABSOLUTE
    ../clib/angel/rt.s                       0x00000000   Number         0  aeabi_idiv0.o ABSOLUTE
    ../clib/angel/rt.s                       0x00000000   Number         0  rt_div0.o ABSOLUTE
    ../clib/angel/rt.s                       0x00000000   Number         0  rt_heap_descriptor.o ABSOLUTE
    ../clib/angel/rt.s                       0x00000000   Number         0  rt_heap_descriptor_intlibspace.o ABSOLUTE
    ../clib/angel/rt.s                       0x00000000   Number         0  rt_raise.o ABSOLUTE
    ../clib/angel/scatter.s                  0x00000000   Number         0  __scatter.o ABSOLUTE
    ../clib/angel/startup.s                  0x00000000   Number         0  __main.o ABSOLUTE
    ../clib/angel/sys.s                      0x00000000   Number         0  use_no_semi.o ABSOLUTE
    ../clib/angel/sys.s                      0x00000000   Number         0  indicate_semi.o ABSOLUTE
    ../clib/angel/sys.s                      0x00000000   Number         0  mutex_dummy.o ABSOLUTE
    ../clib/angel/sys.s                      0x00000000   Number         0  sys_stackheap_outer.o ABSOLUTE
    ../clib/angel/sys.s                      0x00000000   Number         0  libspace.o ABSOLUTE
    ../clib/angel/sysapp.c                   0x00000000   Number         0  sys_command.o ABSOLUTE
    ../clib/armsys.c                         0x00000000   Number         0  _get_argv_nomalloc.o ABSOLUTE
    ../clib/armsys.c                         0x00000000   Number         0  argv_veneer.o ABSOLUTE
    ../clib/armsys.c                         0x00000000   Number         0  no_argv.o ABSOLUTE
    ../clib/armsys.c                         0x00000000   Number         0  argv_veneer.o ABSOLUTE
    ../clib/armsys.c                         0x00000000   Number         0  _get_argv.o ABSOLUTE
    ../clib/division.s                       0x00000000   Number         0  aeabi_sdiv.o ABSOLUTE
    ../clib/division.s                       0x00000000   Number         0  aeabi_sdiv_div0.o ABSOLUTE
    ../clib/divrt.s                          0x00000000   Number         0  divrt_7tdmi.o ABSOLUTE
    ../clib/divrt.s                          0x00000000   Number         0  divrt_7tdmi_div0.o ABSOLUTE
    ../clib/heap1.c                          0x00000000   Number         0  h1_init_mt.o ABSOLUTE
    ../clib/heap1.c                          0x00000000   Number         0  h1_final_mt.o ABSOLUTE
    ../clib/heap1.c                          0x00000000   Number         0  h1_init.o ABSOLUTE
    ../clib/heap1.c                          0x00000000   Number         0  h1_extend.o ABSOLUTE
    ../clib/heap1.c                          0x00000000   Number         0  h1_extend_mt.o ABSOLUTE
    ../clib/heap1.c                          0x00000000   Number         0  h1_final.o ABSOLUTE
    ../clib/heap1.c                          0x00000000   Number         0  h1_free.o ABSOLUTE
    ../clib/heap1.c                          0x00000000   Number         0  h1_alloc_mt.o ABSOLUTE
    ../clib/heap1.c                          0x00000000   Number         0  h1_free_mt.o ABSOLUTE
    ../clib/heap1.c                          0x00000000   Number         0  h1_alloc.o ABSOLUTE
    ../clib/heap2.c                          0x00000000   Number         0  fdtree.o ABSOLUTE
    ../clib/heap2.c                          0x00000000   Number         0  heap2.o ABSOLUTE
    ../clib/heap2.c                          0x00000000   Number         0  heap2mt.o ABSOLUTE
    ../clib/heapalloc.c                      0x00000000   Number         0  free.o ABSOLUTE
    ../clib/heapalloc.c                      0x00000000   Number         0  hrguard.o ABSOLUTE
    ../clib/heapalloc.c                      0x00000000   Number         0  maybetermalloc1.o ABSOLUTE
    ../clib/heapalloc.c                      0x00000000   Number         0  init_alloc.o ABSOLUTE
    ../clib/heapalloc.c                      0x00000000   Number         0  maybetermalloc1.o ABSOLUTE
    ../clib/heapalloc.c                      0x00000000   Number         0  maybetermalloc2.o ABSOLUTE
    ../clib/heapalloc.c                      0x00000000   Number         0  malloc.o ABSOLUTE
    ../clib/heapalloc.c                      0x00000000   Number         0  hguard.o ABSOLUTE
    ../clib/heapalloc.c                      0x00000000   Number         0  maybetermalloc2.o ABSOLUTE
    ../clib/heapalloc.c                      0x00000000   Number         0  term_alloc.o ABSOLUTE
    ../clib/heapalloc.c                      0x00000000   Number         0  heapstubs.o ABSOLUTE
    ../clib/heapaux.c                        0x00000000   Number         0  heapauxi.o ABSOLUTE
    ../clib/heapaux.c                        0x00000000   Number         0  heapauxa.o ABSOLUTE
    ../clib/libinit.s                        0x00000000   Number         0  libshutdown.o ABSOLUTE
    ../clib/libinit.s                        0x00000000   Number         0  libinit2.o ABSOLUTE
    ../clib/libinit.s                        0x00000000   Number         0  libshutdown2.o ABSOLUTE
    ../clib/libinit.s                        0x00000000   Number         0  libinit.o ABSOLUTE
    ../clib/memcpset.s                       0x00000000   Number         0  rt_memcpy_w.o ABSOLUTE
    ../clib/memcpset.s                       0x00000000   Number         0  rt_memcpy.o ABSOLUTE
    ../clib/printf.c                         0x00000000   Number         0  _printf_char_common.o ABSOLUTE
    ../clib/printf.c                         0x00000000   Number         0  _printf_char_file.o ABSOLUTE
    ../clib/printf.c                         0x00000000   Number         0  __printf_nopercent.o ABSOLUTE
    ../clib/printf.c                         0x00000000   Number         0  __2printf.o ABSOLUTE
    ../clib/printf.c                         0x00000000   Number         0  noretval__2printf.o ABSOLUTE
    ../clib/signal.c                         0x00000000   Number         0  defsig_rtmem_inner.o ABSOLUTE
    ../clib/signal.c                         0x00000000   Number         0  defsig_fpe_formal.o ABSOLUTE
    ../clib/signal.c                         0x00000000   Number         0  defsig_fpe_outer.o ABSOLUTE
    ../clib/signal.c                         0x00000000   Number         0  defsig_exit.o ABSOLUTE
    ../clib/signal.c                         0x00000000   Number         0  defsig_segv_inner.o ABSOLUTE
    ../clib/signal.c                         0x00000000   Number         0  defsig_rtmem_outer.o ABSOLUTE
    ../clib/signal.c                         0x00000000   Number         0  defsig_other.o ABSOLUTE
    ../clib/signal.c                         0x00000000   Number         0  __raise.o ABSOLUTE
    ../clib/signal.c                         0x00000000   Number         0  defsig_fpe_inner.o ABSOLUTE
    ../clib/signal.c                         0x00000000   Number         0  defsig_abrt_inner.o ABSOLUTE
    ../clib/signal.c                         0x00000000   Number         0  defsig_rtred_inner.o ABSOLUTE
    ../clib/signal.c                         0x00000000   Number         0  defsig_general.o ABSOLUTE
    ../clib/signal.c                         0x00000000   Number         0  defsig_stak_inner.o ABSOLUTE
    ../clib/signal.c                         0x00000000   Number         0  defsig_pvfn_inner.o ABSOLUTE
    ../clib/signal.c                         0x00000000   Number         0  defsig_cppl_inner.o ABSOLUTE
    ../clib/signal.c                         0x00000000   Number         0  defsig_rtmem_formal.o ABSOLUTE
    ../clib/signal.s                         0x00000000   Number         0  defsig.o ABSOLUTE
    ../clib/stdlib.c                         0x00000000   Number         0  exit.o ABSOLUTE
    ../clib/string.c                         0x00000000   Number         0  strcpy.o ABSOLUTE
    ../clib/string.c                         0x00000000   Number         0  strlen.o ABSOLUTE
    ../fplib/fpinit.s                        0x00000000   Number         0  fpinit.o ABSOLUTE
    ..\FreeRTOS\Source\list.c                0x00000000   Number         0  list.o ABSOLUTE
    ..\FreeRTOS\Source\portable\MemMang\heap_3.c 0x00000000   Number         0  heap_3.o ABSOLUTE
    ..\FreeRTOS\Source\portable\TCD\ARM7_LPC2468\port.c 0x00000000   Number         0  port.o ABSOLUTE
    ..\FreeRTOS\Source\portable\TCD\ARM7_LPC2468\portASM.s 0x00000000   Number         0  portasm.o ABSOLUTE
    ..\FreeRTOS\Source\queue.c               0x00000000   Number         0  queue.o ABSOLUTE
    ..\FreeRTOS\Source\tasks.c               0x00000000   Number         0  tasks.o ABSOLUTE
    LCD\font5x7.c                            0x00000000   Number         0  font5x7.o ABSOLUTE
    LCD\lcd_grph.c                           0x00000000   Number         0  lcd_grph.o ABSOLUTE
    LCD\lcd_hw.c                             0x00000000   Number         0  lcd_hw.o ABSOLUTE
    LPC2400.s                                0x00000000   Number         0  lpc2400.o ABSOLUTE
    Retarget.c                               0x00000000   Number         0  retarget.o ABSOLUTE
    UI.c                                     0x00000000   Number         0  ui.o ABSOLUTE
    console.c                                0x00000000   Number         0  console.o ABSOLUTE
    dc.s                                     0x00000000   Number         0  dc.o ABSOLUTE
    lcd.c                                    0x00000000   Number         0  lcd.o ABSOLUTE
    lcdISR.s                                 0x00000000   Number         0  lcdisr.o ABSOLUTE
    main.c                                   0x00000000   Number         0  main.o ABSOLUTE
    serial.c                                 0x00000000   Number         0  serial.o ABSOLUTE
    serialISR.s                              0x00000000   Number         0  serialisr.o ABSOLUTE
    Undef_Handler                            0x00000040   ARM Code       4  lpc2400.o(RESET)
    PAbt_Handler                             0x00000048   ARM Code       4  lpc2400.o(RESET)
    DAbt_Handler                             0x0000004c   ARM Code       4  lpc2400.o(RESET)
    IRQ_Handler                              0x00000050   ARM Code       4  lpc2400.o(RESET)
    !!!main                                  0x00000340   Section        8  __main.o(!!!main)
    !!!scatter                               0x00000348   Section       60  __scatter.o(!!!scatter)
    !!handler_copy                           0x00000384   Section       40  __scatter_copy.o(!!handler_copy)
    !!handler_zi                             0x000003ac   Section       44  __scatter_zi.o(!!handler_zi)
    .ARM.Collect$$libinit$$00000000          0x000003e0   Section        2  libinit.o(.ARM.Collect$$libinit$$00000000)
    .ARM.Collect$$libinit$$00000002          0x000003e2   Section        0  libinit2.o(.ARM.Collect$$libinit$$00000002)
    .ARM.Collect$$libinit$$00000004          0x000003e2   Section        0  libinit2.o(.ARM.Collect$$libinit$$00000004)
    .ARM.Collect$$libinit$$00000005          0x000003e2   Section        8  libinit2.o(.ARM.Collect$$libinit$$00000005)
    .ARM.Collect$$libinit$$0000000A          0x000003ea   Section        0  libinit2.o(.ARM.Collect$$libinit$$0000000A)
    .ARM.Collect$$libinit$$0000000C          0x000003ea   Section        0  libinit2.o(.ARM.Collect$$libinit$$0000000C)
    .ARM.Collect$$libinit$$0000000E          0x000003ea   Section        0  libinit2.o(.ARM.Collect$$libinit$$0000000E)
    .ARM.Collect$$libinit$$00000011          0x000003ea   Section        0  libinit2.o(.ARM.Collect$$libinit$$00000011)
    .ARM.Collect$$libinit$$00000013          0x000003ea   Section        0  libinit2.o(.ARM.Collect$$libinit$$00000013)
    .ARM.Collect$$libinit$$00000015          0x000003ea   Section        0  libinit2.o(.ARM.Collect$$libinit$$00000015)
    .ARM.Collect$$libinit$$00000017          0x000003ea   Section        0  libinit2.o(.ARM.Collect$$libinit$$00000017)
    .ARM.Collect$$libinit$$00000019          0x000003ea   Section        0  libinit2.o(.ARM.Collect$$libinit$$00000019)
    .ARM.Collect$$libinit$$0000001B          0x000003ea   Section        0  libinit2.o(.ARM.Collect$$libinit$$0000001B)
    .ARM.Collect$$libinit$$0000001D          0x000003ea   Section        0  libinit2.o(.ARM.Collect$$libinit$$0000001D)
    .ARM.Collect$$libinit$$0000001F          0x000003ea   Section        0  libinit2.o(.ARM.Collect$$libinit$$0000001F)
    .ARM.Collect$$libinit$$00000021          0x000003ea   Section        0  libinit2.o(.ARM.Collect$$libinit$$00000021)
    .ARM.Collect$$libinit$$00000023          0x000003ea   Section        0  libinit2.o(.ARM.Collect$$libinit$$00000023)
    .ARM.Collect$$libinit$$00000025          0x000003ea   Section        0  libinit2.o(.ARM.Collect$$libinit$$00000025)
    .ARM.Collect$$libinit$$0000002C          0x000003ea   Section        0  libinit2.o(.ARM.Collect$$libinit$$0000002C)
    .ARM.Collect$$libinit$$0000002E          0x000003ea   Section        0  libinit2.o(.ARM.Collect$$libinit$$0000002E)
    .ARM.Collect$$libinit$$00000030          0x000003ea   Section        0  libinit2.o(.ARM.Collect$$libinit$$00000030)
    .ARM.Collect$$libinit$$00000032          0x000003ea   Section        0  libinit2.o(.ARM.Collect$$libinit$$00000032)
    .ARM.Collect$$libinit$$00000033          0x000003ea   Section       12  libinit2.o(.ARM.Collect$$libinit$$00000033)
    .ARM.Collect$$libshutdown$$00000000      0x00000400   Section        4  libshutdown.o(.ARM.Collect$$libshutdown$$00000000)
    .ARM.Collect$$libshutdown$$00000003      0x00000404   Section        0  libshutdown2.o(.ARM.Collect$$libshutdown$$00000003)
    .ARM.Collect$$libshutdown$$00000006      0x00000404   Section        0  libshutdown2.o(.ARM.Collect$$libshutdown$$00000006)
    .ARM.Collect$$libshutdown$$00000009      0x00000404   Section        0  libshutdown2.o(.ARM.Collect$$libshutdown$$00000009)
    .ARM.Collect$$libshutdown$$0000000B      0x00000404   Section        0  libshutdown2.o(.ARM.Collect$$libshutdown$$0000000B)
    .ARM.Collect$$libshutdown$$0000000E      0x00000404   Section        0  libshutdown2.o(.ARM.Collect$$libshutdown$$0000000E)
    .ARM.Collect$$libshutdown$$0000000F      0x00000404   Section        6  libshutdown2.o(.ARM.Collect$$libshutdown$$0000000F)
    .ARM.Collect$$rtentry$$00000000          0x0000040c   Section        0  __rtentry.o(.ARM.Collect$$rtentry$$00000000)
    .ARM.Collect$$rtentry$$00000002          0x0000040c   Section        0  __rtentry2.o(.ARM.Collect$$rtentry$$00000002)
    .ARM.Collect$$rtentry$$00000004          0x0000040c   Section        8  __rtentry4.o(.ARM.Collect$$rtentry$$00000004)
    .ARM.Collect$$rtentry$$00000009          0x00000414   Section        0  __rtentry2.o(.ARM.Collect$$rtentry$$00000009)
    .ARM.Collect$$rtentry$$0000000A          0x00000414   Section        4  __rtentry2.o(.ARM.Collect$$rtentry$$0000000A)
    .ARM.Collect$$rtentry$$0000000C          0x00000418   Section        0  __rtentry2.o(.ARM.Collect$$rtentry$$0000000C)
    .ARM.Collect$$rtentry$$0000000D          0x00000418   Section       40  __rtentry2.o(.ARM.Collect$$rtentry$$0000000D)
    .ARM.Collect$$rtexit$$00000000           0x00000444   Section        4  rtexit.o(.ARM.Collect$$rtexit$$00000000)
    .ARM.Collect$$rtexit$$00000002           0x00000448   Section        0  rtexit2.o(.ARM.Collect$$rtexit$$00000002)
    .ARM.Collect$$rtexit$$00000003           0x00000448   Section        4  rtexit2.o(.ARM.Collect$$rtexit$$00000003)
    .ARM.Collect$$rtexit$$00000004           0x0000044c   Section        8  rtexit2.o(.ARM.Collect$$rtexit$$00000004)
    .emb_text                                0x00000454   Section        0  maybetermalloc1.o(.emb_text)
    .text                                    0x00000454   Section       36  lpc2400.o(.text)
    .text                                    0x00000478   Section        0  main.o(.text)
    prvSetupHardware                         0x00000478   ARM Code     148  main.o(.text)
    .text                                    0x0000053c   Section        0  console.o(.text)
    vConsoleTask                             0x0000053c   ARM Code     152  console.o(.text)
    .text                                    0x00000660   Section        0  retarget.o(.text)
    .text                                    0x00000710   Section        0  serial.o(.text)
    .text                                    0x00000a98   Section      148  serialisr.o(.text)
    .text                                    0x00000b2c   Section        0  lcd.o(.text)
    vLcdTask                                 0x00000b2c   ARM Code     568  lcd.o(.text)
    .text                                    0x00000e24   Section      148  lcdisr.o(.text)
    .text                                    0x00000eb8   Section        0  ui.o(.text)
    .text                                    0x00001224   Section        0  list.o(.text)
    .text                                    0x00001338   Section        0  queue.o(.text)
    prvInitialiseNewQueue                    0x000013f4   ARM Code      72  queue.o(.text)
    prvUnlockQueue                           0x0000149c   ARM Code     232  queue.o(.text)
    prvIsQueueFull                           0x00001584   ARM Code      56  queue.o(.text)
    prvCopyDataToQueue                       0x000015bc   ARM Code     208  queue.o(.text)
    prvIsQueueEmpty                          0x00001968   ARM Code      52  queue.o(.text)
    prvCopyDataFromQueue                     0x0000199c   ARM Code      88  queue.o(.text)
    .text                                    0x00001d60   Section        0  tasks.o(.text)
    prvInitialiseTaskLists                   0x00001d60   ARM Code     112  tasks.o(.text)
    prvAddNewTaskToReadyList                 0x00001dd0   ARM Code     260  tasks.o(.text)
    prvInitialiseNewTask                     0x00001ed4   ARM Code     204  tasks.o(.text)
    prvResetNextTaskUnblockTime              0x0000204c   ARM Code      88  tasks.o(.text)
    prvDeleteTCB                             0x000020a4   ARM Code      32  tasks.o(.text)
    prvAddCurrentTaskToDelayedList           0x000024b4   ARM Code     184  tasks.o(.text)
    prvTaskIsTaskSuspended                   0x00002980   ARM Code     124  tasks.o(.text)
    prvCheckTasksWaitingTermination          0x00002b48   ARM Code     240  tasks.o(.text)
    prvIdleTask                              0x00002c38   ARM Code      32  tasks.o(.text)
    .text                                    0x00003584   Section        0  port.o(.text)
    prvSetupTimerInterrupt                   0x00003674   ARM Code     116  port.o(.text)
    .text                                    0x00003790   Section        0  heap_3.o(.text)
    .text                                    0x000037e0   Section        0  lcd_grph.o(.text)
    hLine                                    0x00003894   ARM Code     108  lcd_grph.o(.text)
    vLine                                    0x00003900   ARM Code      88  lcd_grph.o(.text)
    .text                                    0x000044cc   Section        0  lcd_hw.o(.text)
    sendSpi                                  0x000044e4   ARM Code     104  lcd_hw.o(.text)
    .text                                    0x00004f08   Section        4  use_no_semi.o(.text)
    .text                                    0x00004f14   Section        0  h1_alloc.o(.text)
    .text                                    0x00004f8c   Section        0  h1_free.o(.text)
    .text                                    0x00004fe8   Section        0  noretval__2printf.o(.text)
    .text                                    0x0000500c   Section        0  strcpy.o(.text)
    .text                                    0x00005064   Section        0  strlen.o(.text)
    .text                                    0x000050a8   Section      212  rt_memcpy.o(.text)
    .text                                    0x0000517c   Section      100  rt_memcpy_w.o(.text)
    .text                                    0x000051e0   Section      384  aeabi_sdiv.o(.text)
    __arm_div8                               0x0000520c   ARM Code       0  aeabi_sdiv.o(.text)
    __arm_div5                               0x00005230   ARM Code       0  aeabi_sdiv.o(.text)
    __arm_div2                               0x00005254   ARM Code       0  aeabi_sdiv.o(.text)
    __arm_div_large                          0x00005290   ARM Code       0  aeabi_sdiv.o(.text)
    .text                                    0x00005360   Section        0  heapauxi.o(.text)
    .text                                    0x0000536c   Section       12  rt_heap_descriptor_intlibspace.o(.text)
    .text                                    0x00005378   Section        0  hguard.o(.text)
    .text                                    0x0000537c   Section        0  init_alloc.o(.text)
    .text                                    0x00005410   Section        0  h1_init.o(.text)
    .text                                    0x00005420   Section        0  _printf_char_file.o(.text)
    .text                                    0x0000544c   Section       12  libspace.o(.text)
    .text                                    0x00005458   Section        0  h1_extend.o(.text)
    .text                                    0x00005490   Section        0  _printf_char_common.o(.text)
    _printf_input_char                       0x00005491   Thumb Code    10  _printf_char_common.o(.text)
    .text                                    0x000054c0   Section        0  defsig_rtmem_outer.o(.text)
    .text                                    0x000054d0   Section       96  sys_stackheap_outer.o(.text)
    .text                                    0x00005530   Section        0  __printf_nopercent.o(.text)
    .text                                    0x0000555c   Section        0  exit.o(.text)
    .text                                    0x00005568   Section        0  defsig_exit.o(.text)
    .text                                    0x00005578   Section        0  defsig_rtmem_inner.o(.text)
    .text                                    0x000055cc   Section        0  defsig_general.o(.text)
    .text_udiv                               0x00005604   Section       36  aeabi_sdiv.o(.text_udiv)
    PORT_ASM                                 0x00005628   Section      392  portasm.o(PORT_ASM)
    i.__ARM_common_call_via_r5               0x000057c8   Section        0  heap2.o(i.__ARM_common_call_via_r5)
    i.__ARM_common_call_via_r7               0x000057ca   Section        0  __printf_nopercent.o(i.__ARM_common_call_via_r7)
    .constdata                               0x000057cc   Section      220  ui.o(.constdata)
    .constdata                               0x000058a8   Section      768  font5x7.o(.constdata)
    .constdata                               0x00005ba8   Section        8  lcd_grph.o(.constdata)
    font_mask                                0x00005ba8   Data           8  lcd_grph.o(.constdata)
    .conststring                             0x00005bb0   Section       10  console.o(.conststring)
    .data                                    0xa0000000   Section        8  console.o(.data)
    xPort                                    0xa0000000   Data           4  console.o(.data)
    .data                                    0xa0000008   Section        4  retarget.o(.data)
    .data                                    0xa000000c   Section       12  serial.o(.data)
    xRxedChars                               0xa000000c   Data           4  serial.o(.data)
    xCharsForTx                              0xa0000010   Data           4  serial.o(.data)
    lTHREEmpty                               0xa0000014   Data           4  serial.o(.data)
    .data                                    0xa0000018   Section        4  lcd.o(.data)
    .data                                    0xa000001c   Section       60  tasks.o(.data)
    pxDelayedTaskList                        0xa0000020   Data           4  tasks.o(.data)
    pxOverflowDelayedTaskList                0xa0000024   Data           4  tasks.o(.data)
    uxDeletedTasksWaitingCleanUp             0xa0000028   Data           4  tasks.o(.data)
    uxCurrentNumberOfTasks                   0xa000002c   Data           4  tasks.o(.data)
    xTickCount                               0xa0000030   Data           4  tasks.o(.data)
    uxTopReadyPriority                       0xa0000034   Data           4  tasks.o(.data)
    xSchedulerRunning                        0xa0000038   Data           4  tasks.o(.data)
    uxPendedTicks                            0xa000003c   Data           4  tasks.o(.data)
    xYieldPending                            0xa0000040   Data           4  tasks.o(.data)
    xNumOfOverflows                          0xa0000044   Data           4  tasks.o(.data)
    uxTaskNumber                             0xa0000048   Data           4  tasks.o(.data)
    xNextTaskUnblockTime                     0xa000004c   Data           4  tasks.o(.data)
    xIdleTaskHandle                          0xa0000050   Data           4  tasks.o(.data)
    uxSchedulerSuspended                     0xa0000054   Data           4  tasks.o(.data)
    .data                                    0xa0000058   Section        4  port.o(.data)
    .data                                    0xa000005c   Section        4  lcd_grph.o(.data)
    foregroundColor                          0xa000005c   Data           2  lcd_grph.o(.data)
    backgroundColor                          0xa000005e   Data           2  lcd_grph.o(.data)
    .data                                    0xa0000060   Section        1  lcd_hw.o(.data)
    .bss                                     0xa0000064   Section      220  ui.o(.bss)
    .bss                                     0xa0000140   Section      180  tasks.o(.bss)
    pxReadyTasksLists                        0xa0000140   Data          80  tasks.o(.bss)
    xDelayedTaskList1                        0xa0000190   Data          20  tasks.o(.bss)
    xDelayedTaskList2                        0xa00001a4   Data          20  tasks.o(.bss)
    xPendingReadyList                        0xa00001b8   Data          20  tasks.o(.bss)
    xTasksWaitingTermination                 0xa00001cc   Data          20  tasks.o(.bss)
    xSuspendedTaskList                       0xa00001e0   Data          20  tasks.o(.bss)
    .bss                                     0xa00001f4   Section       96  libspace.o(.bss)
    HEAP                                     0xa0000258   Section    4194304  lpc2400.o(HEAP)
    Heap_Mem                                 0xa0000258   Data       4194304  lpc2400.o(HEAP)
    STACK                                    0xa0400258   Section     4880  lpc2400.o(STACK)
    Stack_Mem                                0xa0400258   Data        4880  lpc2400.o(STACK)
    Stack_Top                                0xa0401568   Data           0  lpc2400.o(STACK)

    Global Symbols

    Symbol Name                              Value     Ov Type        Size  Object(Section)

    BuildAttributes$$THM_ISAv1$ARM_ISAv4$S$PE$A:L22$X:L11$S22$IEEE1$IW$USESV6$~STKCKD$USESV7$~SHL$OTIME$ROPI$EBA8$UX$STANDARDLIB$REQ8$PRES8$EABIv2 0x00000000   Number         0  anon$$obj.o ABSOLUTE
    __ARM_use_no_argv                        0x00000000   Number         0  main.o ABSOLUTE
    __ARM_exceptions_init                     - Undefined Weak Reference
    __alloca_initialize                       - Undefined Weak Reference
    __arm_preinit_                            - Undefined Weak Reference
    __cpp_initialize__aeabi_                  - Undefined Weak Reference
    __cxa_finalize                            - Undefined Weak Reference
    __rt_locale                               - Undefined Weak Reference
    __sigvec_lookup                           - Undefined Weak Reference
    __user_heap_extent                        - Undefined Weak Reference
    _atexit_init                              - Undefined Weak Reference
    _call_atexit_fns                          - Undefined Weak Reference
    _clock_init                               - Undefined Weak Reference
    _fp_trap_init                             - Undefined Weak Reference
    _fp_trap_shutdown                         - Undefined Weak Reference
    _get_lc_collate                           - Undefined Weak Reference
    _get_lc_ctype                             - Undefined Weak Reference
    _get_lc_monetary                          - Undefined Weak Reference
    _get_lc_numeric                           - Undefined Weak Reference
    _get_lc_time                              - Undefined Weak Reference
    _getenv_init                              - Undefined Weak Reference
    _handle_redirection                       - Undefined Weak Reference
    _initio                                   - Undefined Weak Reference
    _mutex_acquire                            - Undefined Weak Reference
    _mutex_free                               - Undefined Weak Reference
    _mutex_release                            - Undefined Weak Reference
    _rand_init                                - Undefined Weak Reference
    _signal_finish                            - Undefined Weak Reference
    _signal_init                              - Undefined Weak Reference
    _terminateio                              - Undefined Weak Reference
    Reset_Handler                            0x00000058   ARM Code       0  lpc2400.o(RESET)
    __main                                   0x00000340   ARM Code       8  __main.o(!!!main)
    __scatterload                            0x00000348   ARM Code       0  __scatter.o(!!!scatter)
    __scatterload_rt2                        0x00000348   ARM Code      52  __scatter.o(!!!scatter)
    __scatterload_null                       0x0000035c   ARM Code       0  __scatter.o(!!!scatter)
    __scatterload_copy                       0x00000384   ARM Code      40  __scatter_copy.o(!!handler_copy)
    __scatterload_zeroinit                   0x000003ac   ARM Code      44  __scatter_zi.o(!!handler_zi)
    Inline ARM to Thumb Veneer to __rt_lib_init 0x000003d8   ARM Code       8  libinit.o(.ARM.Collect$$libinit$$00000000)
    __rt_lib_init                            0x000003e1   Thumb Code     0  libinit.o(.ARM.Collect$$libinit$$00000000)
    __rt_lib_init_fp_1                       0x000003e3   Thumb Code     0  libinit2.o(.ARM.Collect$$libinit$$00000002)
    __rt_lib_init_heap_2                     0x000003e3   Thumb Code     0  libinit2.o(.ARM.Collect$$libinit$$00000005)
    __rt_lib_init_preinit_1                  0x000003e3   Thumb Code     0  libinit2.o(.ARM.Collect$$libinit$$00000004)
    __rt_lib_init_alloca_1                   0x000003eb   Thumb Code     0  libinit2.o(.ARM.Collect$$libinit$$0000002E)
    __rt_lib_init_argv_1                     0x000003eb   Thumb Code     0  libinit2.o(.ARM.Collect$$libinit$$0000002C)
    __rt_lib_init_atexit_1                   0x000003eb   Thumb Code     0  libinit2.o(.ARM.Collect$$libinit$$0000001B)
    __rt_lib_init_clock_1                    0x000003eb   Thumb Code     0  libinit2.o(.ARM.Collect$$libinit$$00000021)
    __rt_lib_init_cpp_1                      0x000003eb   Thumb Code     0  libinit2.o(.ARM.Collect$$libinit$$00000032)
    __rt_lib_init_exceptions_1               0x000003eb   Thumb Code     0  libinit2.o(.ARM.Collect$$libinit$$00000030)
    __rt_lib_init_fp_trap_1                  0x000003eb   Thumb Code     0  libinit2.o(.ARM.Collect$$libinit$$0000001F)
    __rt_lib_init_getenv_1                   0x000003eb   Thumb Code     0  libinit2.o(.ARM.Collect$$libinit$$00000023)
    __rt_lib_init_heap_1                     0x000003eb   Thumb Code     0  libinit2.o(.ARM.Collect$$libinit$$0000000A)
    __rt_lib_init_lc_collate_1               0x000003eb   Thumb Code     0  libinit2.o(.ARM.Collect$$libinit$$00000011)
    __rt_lib_init_lc_ctype_1                 0x000003eb   Thumb Code     0  libinit2.o(.ARM.Collect$$libinit$$00000013)
    __rt_lib_init_lc_monetary_1              0x000003eb   Thumb Code     0  libinit2.o(.ARM.Collect$$libinit$$00000015)
    __rt_lib_init_lc_numeric_1               0x000003eb   Thumb Code     0  libinit2.o(.ARM.Collect$$libinit$$00000017)
    __rt_lib_init_lc_time_1                  0x000003eb   Thumb Code     0  libinit2.o(.ARM.Collect$$libinit$$00000019)
    __rt_lib_init_rand_1                     0x000003eb   Thumb Code     0  libinit2.o(.ARM.Collect$$libinit$$0000000E)
    __rt_lib_init_return                     0x000003eb   Thumb Code     0  libinit2.o(.ARM.Collect$$libinit$$00000033)
    __rt_lib_init_signal_1                   0x000003eb   Thumb Code     0  libinit2.o(.ARM.Collect$$libinit$$0000001D)
    __rt_lib_init_stdio_1                    0x000003eb   Thumb Code     0  libinit2.o(.ARM.Collect$$libinit$$00000025)
    __rt_lib_init_user_alloc_1               0x000003eb   Thumb Code     0  libinit2.o(.ARM.Collect$$libinit$$0000000C)
    Inline ARM to Thumb Veneer to __rt_lib_shutdown 0x000003f8   ARM Code       8  libshutdown.o(.ARM.Collect$$libshutdown$$00000000)
    __rt_lib_shutdown                        0x00000401   Thumb Code     0  libshutdown.o(.ARM.Collect$$libshutdown$$00000000)
    __rt_lib_shutdown_fp_trap_1              0x00000405   Thumb Code     0  libshutdown2.o(.ARM.Collect$$libshutdown$$00000006)
    __rt_lib_shutdown_heap_1                 0x00000405   Thumb Code     0  libshutdown2.o(.ARM.Collect$$libshutdown$$0000000E)
    __rt_lib_shutdown_return                 0x00000405   Thumb Code     0  libshutdown2.o(.ARM.Collect$$libshutdown$$0000000F)
    __rt_lib_shutdown_signal_1               0x00000405   Thumb Code     0  libshutdown2.o(.ARM.Collect$$libshutdown$$00000009)
    __rt_lib_shutdown_stdio_1                0x00000405   Thumb Code     0  libshutdown2.o(.ARM.Collect$$libshutdown$$00000003)
    __rt_lib_shutdown_user_alloc_1           0x00000405   Thumb Code     0  libshutdown2.o(.ARM.Collect$$libshutdown$$0000000B)
    __rt_entry                               0x0000040c   ARM Code       0  __rtentry.o(.ARM.Collect$$rtentry$$00000000)
    __rt_entry_presh_1                       0x0000040c   ARM Code       0  __rtentry2.o(.ARM.Collect$$rtentry$$00000002)
    __rt_entry_sh                            0x0000040c   ARM Code       0  __rtentry4.o(.ARM.Collect$$rtentry$$00000004)
    __rt_entry_li                            0x00000414   ARM Code       0  __rtentry2.o(.ARM.Collect$$rtentry$$0000000A)
    __rt_entry_postsh_1                      0x00000414   ARM Code       0  __rtentry2.o(.ARM.Collect$$rtentry$$00000009)
    __rt_entry_main                          0x00000418   ARM Code       0  __rtentry2.o(.ARM.Collect$$rtentry$$0000000D)
    __rt_entry_postli_1                      0x00000418   ARM Code       0  __rtentry2.o(.ARM.Collect$$rtentry$$0000000C)
    Inline Thumb to ARM Veneer to __rt_exit  0x00000441   Thumb Code     4  rtexit.o(.ARM.Collect$$rtexit$$00000000)
    __rt_exit                                0x00000444   ARM Code       0  rtexit.o(.ARM.Collect$$rtexit$$00000000)
    __rt_exit_ls                             0x00000448   ARM Code       0  rtexit2.o(.ARM.Collect$$rtexit$$00000003)
    __rt_exit_prels_1                        0x00000448   ARM Code       0  rtexit2.o(.ARM.Collect$$rtexit$$00000002)
    __rt_exit_exit                           0x0000044c   ARM Code       0  rtexit2.o(.ARM.Collect$$rtexit$$00000004)
    __user_initial_stackheap                 0x00000454   ARM Code       0  lpc2400.o(.text)
    _maybe_terminate_alloc                   0x00000455   Thumb Code     0  maybetermalloc1.o(.emb_text)
    main                                     0x0000050c   ARM Code      36  main.o(.text)
    vStartConsole                            0x000005d4   ARM Code      80  console.o(.text)
    xConsolePortHandle                       0x00000624   ARM Code      12  console.o(.text)
    fputc                                    0x00000660   ARM Code      48  retarget.o(.text)
    fgetc                                    0x00000690   ARM Code      68  retarget.o(.text)
    ferror                                   0x000006d4   ARM Code      12  retarget.o(.text)
    _ttywrch                                 0x000006e0   ARM Code      40  retarget.o(.text)
    _sys_exit                                0x00000708   ARM Code       8  retarget.o(.text)
    xSerialPortInitMinimal                   0x00000710   ARM Code     292  serial.o(.text)
    xSerialGetChar                           0x00000834   ARM Code      68  serial.o(.text)
    xSerialPutChar                           0x00000878   ARM Code     172  serial.o(.text)
    vSerialPutString                         0x00000924   ARM Code      72  serial.o(.text)
    vUART_ISRHandler                         0x0000096c   ARM Code     276  serial.o(.text)
    vUART_ISREntry                           0x00000a98   ARM Code       0  serialisr.o(.text)
    vStartLcd                                0x00000d64   ARM Code     112  lcd.o(.text)
    vLCD_ISRHandler                          0x00000dd4   ARM Code      72  lcd.o(.text)
    vLCD_ISREntry                            0x00000e24   ARM Code       0  lcdisr.o(.text)
    initialiseButtons                        0x00000eb8   ARM Code     200  ui.o(.text)
    drawDefaultInterface                     0x00000f80   ARM Code     600  ui.o(.text)
    setButtonController                      0x000011d8   ARM Code      36  ui.o(.text)
    vListInitialise                          0x00001224   ARM Code      44  list.o(.text)
    vListInitialiseItem                      0x00001250   ARM Code      12  list.o(.text)
    vListInsertEnd                           0x0000125c   ARM Code      48  list.o(.text)
    vListInsert                              0x0000128c   ARM Code      96  list.o(.text)
    uxListRemove                             0x000012ec   ARM Code      76  list.o(.text)
    xQueueGenericReset                       0x00001338   ARM Code     188  queue.o(.text)
    xQueueGenericCreate                      0x0000143c   ARM Code      96  queue.o(.text)
    xQueueGenericSend                        0x0000168c   ARM Code     380  queue.o(.text)
    xQueueGenericSendFromISR                 0x00001808   ARM Code     188  queue.o(.text)
    xQueueGiveFromISR                        0x000018c4   ARM Code     164  queue.o(.text)
    xQueueGenericReceive                     0x000019f4   ARM Code     440  queue.o(.text)
    xQueueReceiveFromISR                     0x00001bac   ARM Code     176  queue.o(.text)
    xQueuePeekFromISR                        0x00001c5c   ARM Code      76  queue.o(.text)
    uxQueueMessagesWaiting                   0x00001ca8   ARM Code      32  queue.o(.text)
    uxQueueSpacesAvailable                   0x00001cc8   ARM Code      44  queue.o(.text)
    uxQueueMessagesWaitingFromISR            0x00001cf4   ARM Code      12  queue.o(.text)
    vQueueDelete                             0x00001d00   ARM Code      28  queue.o(.text)
    xQueueIsQueueEmptyFromISR                0x00001d1c   ARM Code      32  queue.o(.text)
    xQueueIsQueueFullFromISR                 0x00001d3c   ARM Code      36  queue.o(.text)
    xTaskCreate                              0x00001fa0   ARM Code     172  tasks.o(.text)
    vTaskDelete                              0x000020c4   ARM Code     220  tasks.o(.text)
    xTaskIncrementTick                       0x000021a0   ARM Code     440  tasks.o(.text)
    xTaskResumeAll                           0x00002358   ARM Code     348  tasks.o(.text)
    vTaskSuspendAll                          0x0000256c   ARM Code      24  tasks.o(.text)
    vTaskDelayUntil                          0x00002584   ARM Code     152  tasks.o(.text)
    vTaskDelay                               0x0000261c   ARM Code      64  tasks.o(.text)
    uxTaskPriorityGet                        0x0000265c   ARM Code      60  tasks.o(.text)
    uxTaskPriorityGetFromISR                 0x00002698   ARM Code      44  tasks.o(.text)
    vTaskPrioritySet                         0x000026c4   ARM Code     312  tasks.o(.text)
    vTaskSwitchContext                       0x000027fc   ARM Code     184  tasks.o(.text)
    vTaskSuspend                             0x000028b4   ARM Code     204  tasks.o(.text)
    vTaskResume                              0x000029fc   ARM Code     160  tasks.o(.text)
    xTaskResumeFromISR                       0x00002a9c   ARM Code     172  tasks.o(.text)
    vTaskStartScheduler                      0x00002c58   ARM Code     112  tasks.o(.text)
    vTaskEndScheduler                        0x00002cc8   ARM Code      40  tasks.o(.text)
    xTaskGetTickCount                        0x00002cf0   ARM Code      32  tasks.o(.text)
    xTaskGetTickCountFromISR                 0x00002d10   ARM Code      16  tasks.o(.text)
    uxTaskGetNumberOfTasks                   0x00002d20   ARM Code      12  tasks.o(.text)
    pcTaskGetName                            0x00002d2c   ARM Code      40  tasks.o(.text)
    vTaskPlaceOnEventList                    0x00002d54   ARM Code      52  tasks.o(.text)
    vTaskPlaceOnUnorderedEventList           0x00002d88   ARM Code      72  tasks.o(.text)
    xTaskRemoveFromEventList                 0x00002dd0   ARM Code     196  tasks.o(.text)
    xTaskRemoveFromUnorderedEventList        0x00002e94   ARM Code     156  tasks.o(.text)
    vTaskSetTimeOutState                     0x00002f30   ARM Code      28  tasks.o(.text)
    xTaskCheckForTimeOut                     0x00002f4c   ARM Code     160  tasks.o(.text)
    vTaskMissedYield                         0x00002fec   ARM Code      16  tasks.o(.text)
    uxTaskResetEventItemValue                0x00002ffc   ARM Code      44  tasks.o(.text)
    ulTaskNotifyTake                         0x00003028   ARM Code     180  tasks.o(.text)
    xTaskNotifyWait                          0x000030dc   ARM Code     228  tasks.o(.text)
    xTaskGenericNotify                       0x000031c0   ARM Code     300  tasks.o(.text)
    xTaskGenericNotifyFromISR                0x000032ec   ARM Code     364  tasks.o(.text)
    vTaskNotifyGiveFromISR                   0x00003458   ARM Code     212  tasks.o(.text)
    xTaskNotifyStateClear                    0x0000352c   ARM Code      88  tasks.o(.text)
    pxPortInitialiseStack                    0x00003584   ARM Code     240  port.o(.text)
    xPortStartScheduler                      0x000036e8   ARM Code      24  port.o(.text)
    vPortEndScheduler                        0x00003700   ARM Code       4  port.o(.text)
    vPortEnterCritical                       0x00003704   ARM Code      36  port.o(.text)
    vPortExitCritical                        0x00003728   ARM Code      68  port.o(.text)
    pvPortMalloc                             0x00003790   ARM Code      40  heap_3.o(.text)
    vPortFree                                0x000037b8   ARM Code      40  heap_3.o(.text)
    lcd_movePen                              0x000037e0   ARM Code     108  lcd_grph.o(.text)
    lcd_point                                0x0000384c   ARM Code      72  lcd_grph.o(.text)
    lcd_setWindow                            0x00003958   ARM Code     144  lcd_grph.o(.text)
    lcd_fillScreen                           0x000039e8   ARM Code     120  lcd_grph.o(.text)
    lcd_drawRect                             0x00003a60   ARM Code     112  lcd_grph.o(.text)
    lcd_fillRect                             0x00003ad0   ARM Code     188  lcd_grph.o(.text)
    lcd_line                                 0x00003b8c   ARM Code     536  lcd_grph.o(.text)
    lcd_circle                               0x00003da4   ARM Code    1184  lcd_grph.o(.text)
    lcd_putChar                              0x00004244   ARM Code     248  lcd_grph.o(.text)
    lcd_putString                            0x0000433c   ARM Code      92  lcd_grph.o(.text)
    lcd_fontColor                            0x00004398   ARM Code      20  lcd_grph.o(.text)
    lcd_pictureBegin                         0x000043ac   ARM Code      84  lcd_grph.o(.text)
    lcd_pictureData                          0x00004400   ARM Code      60  lcd_grph.o(.text)
    lcd_pictureEnd                           0x0000443c   ARM Code      32  lcd_grph.o(.text)
    lcd_picture                              0x0000445c   ARM Code      76  lcd_grph.o(.text)
    mdelay                                   0x000044cc   ARM Code      24  lcd_hw.o(.text)
    lcd_hw_init                              0x0000454c   ARM Code     384  lcd_hw.o(.text)
    writeToDisp                              0x000046cc   ARM Code      12  lcd_hw.o(.text)
    readFromDisp                             0x000046d8   ARM Code      40  lcd_hw.o(.text)
    writeToReg                               0x00004700   ARM Code      56  lcd_hw.o(.text)
    readFromReg                              0x00004738   ARM Code      60  lcd_hw.o(.text)
    writeLcdCommand                          0x00004774   ARM Code     252  lcd_hw.o(.text)
    lcd_init                                 0x00004870   ARM Code    1104  lcd_hw.o(.text)
    getTouch                                 0x00004cc0   ARM Code     336  lcd_hw.o(.text)
    __I$use$semihosting                      0x00004f08   ARM Code       0  use_no_semi.o(.text)
    __use_no_semihosting_swi                 0x00004f08   ARM Code       4  use_no_semi.o(.text)
    Inline ARM to Thumb Veneer to malloc     0x00004f0c   ARM Code       8  h1_alloc.o(.text)
    malloc                                   0x00004f15   Thumb Code   110  h1_alloc.o(.text)
    Inline ARM to Thumb Veneer to free       0x00004f84   ARM Code       8  h1_free.o(.text)
    free                                     0x00004f8d   Thumb Code    84  h1_free.o(.text)
    Inline ARM to Thumb Veneer to __2printf  0x00004fe0   ARM Code       8  noretval__2printf.o(.text)
    __2printf                                0x00004fe9   Thumb Code    22  noretval__2printf.o(.text)
    Inline ARM to Thumb Veneer to strcpy     0x00005004   ARM Code       8  strcpy.o(.text)
    strcpy                                   0x0000500d   Thumb Code    74  strcpy.o(.text)
    Inline ARM to Thumb Veneer to strlen     0x0000505c   ARM Code       8  strlen.o(.text)
    strlen                                   0x00005065   Thumb Code    64  strlen.o(.text)
    __aeabi_memcpy                           0x000050a8   ARM Code       0  rt_memcpy.o(.text)
    __rt_memcpy                              0x000050a8   ARM Code     212  rt_memcpy.o(.text)
    _memcpy_lastbytes                        0x0000515c   ARM Code       0  rt_memcpy.o(.text)
    __aeabi_memcpy4                          0x0000517c   ARM Code       0  rt_memcpy_w.o(.text)
    __aeabi_memcpy8                          0x0000517c   ARM Code       0  rt_memcpy_w.o(.text)
    __rt_memcpy_w                            0x0000517c   ARM Code     100  rt_memcpy_w.o(.text)
    _memcpy_lastbytes_aligned                0x000051c8   ARM Code       0  rt_memcpy_w.o(.text)
    __aeabi_idiv                             0x000051e0   ARM Code       0  aeabi_sdiv.o(.text)
    __aeabi_idivmod                          0x000051e0   ARM Code     384  aeabi_sdiv.o(.text)
    __use_two_region_memory                  0x00005361   Thumb Code     2  heapauxi.o(.text)
    __rt_heap_escrow                         0x00005363   Thumb Code     2  heapauxi.o(.text)
    __rt_heap_expand                         0x00005365   Thumb Code     2  heapauxi.o(.text)
    Inline Thumb to ARM Veneer to __rt_heap_descriptor 0x00005369   Thumb Code     4  rt_heap_descriptor_intlibspace.o(.text)
    __rt_heap_descriptor                     0x0000536c   ARM Code      12  rt_heap_descriptor_intlibspace.o(.text)
    __use_no_heap                            0x00005379   Thumb Code     2  hguard.o(.text)
    __heap$guard                             0x0000537b   Thumb Code     2  hguard.o(.text)
    _terminate_user_alloc                    0x0000537d   Thumb Code     2  init_alloc.o(.text)
    _init_user_alloc                         0x0000537f   Thumb Code     2  init_alloc.o(.text)
    __Heap_Full                              0x00005381   Thumb Code    36  init_alloc.o(.text)
    __Heap_Broken                            0x000053a5   Thumb Code    14  init_alloc.o(.text)
    _init_alloc                              0x000053b3   Thumb Code    94  init_alloc.o(.text)
    __Heap_Initialize                        0x00005411   Thumb Code    10  h1_init.o(.text)
    __Heap_DescSize                          0x0000541b   Thumb Code     4  h1_init.o(.text)
    _printf_char_file                        0x00005421   Thumb Code    38  _printf_char_file.o(.text)
    __user_libspace                          0x0000544c   ARM Code      12  libspace.o(.text)
    __user_perproc_libspace                  0x0000544c   ARM Code       0  libspace.o(.text)
    __user_perthread_libspace                0x0000544c   ARM Code       0  libspace.o(.text)
    __Heap_ProvideMemory                     0x00005459   Thumb Code    56  h1_extend.o(.text)
    _printf_char_common                      0x0000549b   Thumb Code    34  _printf_char_common.o(.text)
    __rt_SIGRTMEM                            0x000054c1   Thumb Code    16  defsig_rtmem_outer.o(.text)
    __user_setup_stackheap                   0x000054d0   ARM Code      96  sys_stackheap_outer.o(.text)
    __printf                                 0x00005531   Thumb Code    44  __printf_nopercent.o(.text)
    exit                                     0x0000555d   Thumb Code    12  exit.o(.text)
    __sig_exit                               0x00005569   Thumb Code    16  defsig_exit.o(.text)
    __rt_SIGRTMEM_inner                      0x00005579   Thumb Code    26  defsig_rtmem_inner.o(.text)
    __default_signal_display                 0x000055cd   Thumb Code    56  defsig_general.o(.text)
    __aeabi_uidiv                            0x00005604   ARM Code       0  aeabi_sdiv.o(.text_udiv)
    __aeabi_uidivmod                         0x00005604   ARM Code      36  aeabi_sdiv.o(.text_udiv)
    vPortStartFirstTask                      0x00005628   ARM Code       0  portasm.o(PORT_ASM)
    vPortYield                               0x00005658   ARM Code       0  portasm.o(PORT_ASM)
    vPortYieldProcessor                      0x00005660   ARM Code       0  portasm.o(PORT_ASM)
    vPreemptiveTick                          0x000056ec   ARM Code       0  portasm.o(PORT_ASM)
    Short Thumb to ARM Veneer to ferror      0x000057b1   Thumb Code     8  anon$$obj.o(Veneer$$Code)
    Short Thumb to ARM Veneer to _sys_exit   0x000057b9   Thumb Code     8  anon$$obj.o(Veneer$$Code)
    Short Thumb to ARM Veneer to _ttywrch    0x000057c1   Thumb Code     8  anon$$obj.o(Veneer$$Code)
    __ARM_common_call_via_r5                 0x000057c9   Thumb Code     2  heap2.o(i.__ARM_common_call_via_r5)
    __ARM_common_call_via_r7                 0x000057cb   Thumb Code     2  __printf_nopercent.o(i.__ARM_common_call_via_r7)
    font5x7                                  0x000058a8   Data         768  font5x7.o(.constdata)
    Region$$Table$$Base                      0x00005bbc   Number         0  anon$$obj.o(Region$$Table)
    Region$$Table$$Limit                     0x00005bdc   Number         0  anon$$obj.o(Region$$Table)
    pcPrompt                                 0xa0000004   Data           4  console.o(.data)
    __stdout                                 0xa0000008   Data           4  retarget.o(.data)
    xLcdSemphr                               0xa0000018   Data           4  lcd.o(.data)
    pxCurrentTCB                             0xa000001c   Data           4  tasks.o(.data)
    ulCriticalNesting                        0xa0000058   Data           4  port.o(.data)
    activeController                         0xa0000060   Data           1  lcd_hw.o(.data)
    buttonController                         0xa0000064   Data         220  ui.o(.bss)
    __libspace_start                         0xa00001f4   Data          96  libspace.o(.bss)
    __temporary_stack_top$libspace           0xa0000254   Data           0  libspace.o(.bss)



==============================================================================

Memory Map of the image

  Image Entry point : 0x00000340

  Load Region LR_IROM1 (Base: 0x00000000, Size: 0x00005c40, Max: 0x00080000, ABSOLUTE)

    Execution Region ER_IROM1 (Base: 0x00000000, Size: 0x00005bdc, Max: 0x00080000, ABSOLUTE)

    Base Addr    Size         Type   Attr      Idx    E Section Name        Object

    0x00000000   0x00000340   Code   RO            3    RESET               lpc2400.o
    0x00000340   0x00000008   Code   RO          451  * !!!main             c_t.l(__main.o)
    0x00000348   0x0000003c   Code   RO          665    !!!scatter          c_t.l(__scatter.o)
    0x00000384   0x00000028   Code   RO          667    !!handler_copy      c_t.l(__scatter_copy.o)
    0x000003ac   0x0000002c   Code   RO          669    !!handler_zi        c_t.l(__scatter_zi.o)
    0x000003d8   0x00000008   Ven    RO          607    .ARM.Collect$$libinit$$00000000  c_t.l(libinit.o)
    0x000003e0   0x00000002   Code   RO          607    .ARM.Collect$$libinit$$00000000  c_t.l(libinit.o)
    0x000003e2   0x00000000   Code   RO          490    .ARM.Collect$$libinit$$00000002  c_t.l(libinit2.o)
    0x000003e2   0x00000000   Code   RO          492    .ARM.Collect$$libinit$$00000004  c_t.l(libinit2.o)
    0x000003e2   0x00000008   Code   RO          493    .ARM.Collect$$libinit$$00000005  c_t.l(libinit2.o)
    0x000003ea   0x00000000   Code   RO          495    .ARM.Collect$$libinit$$0000000A  c_t.l(libinit2.o)
    0x000003ea   0x00000000   Code   RO          497    .ARM.Collect$$libinit$$0000000C  c_t.l(libinit2.o)
    0x000003ea   0x00000000   Code   RO          499    .ARM.Collect$$libinit$$0000000E  c_t.l(libinit2.o)
    0x000003ea   0x00000000   Code   RO          502    .ARM.Collect$$libinit$$00000011  c_t.l(libinit2.o)
    0x000003ea   0x00000000   Code   RO          504    .ARM.Collect$$libinit$$00000013  c_t.l(libinit2.o)
    0x000003ea   0x00000000   Code   RO          506    .ARM.Collect$$libinit$$00000015  c_t.l(libinit2.o)
    0x000003ea   0x00000000   Code   RO          508    .ARM.Collect$$libinit$$00000017  c_t.l(libinit2.o)
    0x000003ea   0x00000000   Code   RO          510    .ARM.Collect$$libinit$$00000019  c_t.l(libinit2.o)
    0x000003ea   0x00000000   Code   RO          512    .ARM.Collect$$libinit$$0000001B  c_t.l(libinit2.o)
    0x000003ea   0x00000000   Code   RO          514    .ARM.Collect$$libinit$$0000001D  c_t.l(libinit2.o)
    0x000003ea   0x00000000   Code   RO          516    .ARM.Collect$$libinit$$0000001F  c_t.l(libinit2.o)
    0x000003ea   0x00000000   Code   RO          518    .ARM.Collect$$libinit$$00000021  c_t.l(libinit2.o)
    0x000003ea   0x00000000   Code   RO          520    .ARM.Collect$$libinit$$00000023  c_t.l(libinit2.o)
    0x000003ea   0x00000000   Code   RO          522    .ARM.Collect$$libinit$$00000025  c_t.l(libinit2.o)
    0x000003ea   0x00000000   Code   RO          526    .ARM.Collect$$libinit$$0000002C  c_t.l(libinit2.o)
    0x000003ea   0x00000000   Code   RO          528    .ARM.Collect$$libinit$$0000002E  c_t.l(libinit2.o)
    0x000003ea   0x00000000   Code   RO          530    .ARM.Collect$$libinit$$00000030  c_t.l(libinit2.o)
    0x000003ea   0x00000000   Code   RO          532    .ARM.Collect$$libinit$$00000032  c_t.l(libinit2.o)
    0x000003ea   0x0000000c   Code   RO          533    .ARM.Collect$$libinit$$00000033  c_t.l(libinit2.o)
    0x000003f6   0x00000002   PAD
    0x000003f8   0x00000008   Ven    RO          662    .ARM.Collect$$libshutdown$$00000000  c_t.l(libshutdown.o)
    0x00000400   0x00000004   Code   RO          662    .ARM.Collect$$libshutdown$$00000000  c_t.l(libshutdown.o)
    0x00000404   0x00000000   Code   RO          624    .ARM.Collect$$libshutdown$$00000003  c_t.l(libshutdown2.o)
    0x00000404   0x00000000   Code   RO          627    .ARM.Collect$$libshutdown$$00000006  c_t.l(libshutdown2.o)
    0x00000404   0x00000000   Code   RO          630    .ARM.Collect$$libshutdown$$00000009  c_t.l(libshutdown2.o)
    0x00000404   0x00000000   Code   RO          632    .ARM.Collect$$libshutdown$$0000000B  c_t.l(libshutdown2.o)
    0x00000404   0x00000000   Code   RO          635    .ARM.Collect$$libshutdown$$0000000E  c_t.l(libshutdown2.o)
    0x00000404   0x00000006   Code   RO          636    .ARM.Collect$$libshutdown$$0000000F  c_t.l(libshutdown2.o)
    0x0000040a   0x00000002   PAD
    0x0000040c   0x00000000   Code   RO          455    .ARM.Collect$$rtentry$$00000000  c_t.l(__rtentry.o)
    0x0000040c   0x00000000   Code   RO          540    .ARM.Collect$$rtentry$$00000002  c_t.l(__rtentry2.o)
    0x0000040c   0x00000008   Code   RO          552    .ARM.Collect$$rtentry$$00000004  c_t.l(__rtentry4.o)
    0x00000414   0x00000000   Code   RO          542    .ARM.Collect$$rtentry$$00000009  c_t.l(__rtentry2.o)
    0x00000414   0x00000004   Code   RO          543    .ARM.Collect$$rtentry$$0000000A  c_t.l(__rtentry2.o)
    0x00000418   0x00000000   Code   RO          545    .ARM.Collect$$rtentry$$0000000C  c_t.l(__rtentry2.o)
    0x00000418   0x00000028   Code   RO          546    .ARM.Collect$$rtentry$$0000000D  c_t.l(__rtentry2.o)
    0x00000440   0x00000004   Ven    RO          608    .ARM.Collect$$rtexit$$00000000  c_t.l(rtexit.o)
    0x00000444   0x00000004   Code   RO          608    .ARM.Collect$$rtexit$$00000000  c_t.l(rtexit.o)
    0x00000448   0x00000000   Code   RO          638    .ARM.Collect$$rtexit$$00000002  c_t.l(rtexit2.o)
    0x00000448   0x00000004   Code   RO          639    .ARM.Collect$$rtexit$$00000003  c_t.l(rtexit2.o)
    0x0000044c   0x00000008   Code   RO          640    .ARM.Collect$$rtexit$$00000004  c_t.l(rtexit2.o)
    0x00000454   0x00000000   Code   RO          558    .emb_text           c_t.l(maybetermalloc1.o)
    0x00000454   0x00000024   Code   RO            4    .text               lpc2400.o
    0x00000478   0x000000c4   Code   RO           11    .text               main.o
    0x0000053c   0x00000124   Code   RO           79    .text               console.o
    0x00000660   0x000000b0   Code   RO          102    .text               retarget.o
    0x00000710   0x00000388   Code   RO          130    .text               serial.o
    0x00000a98   0x00000094   Code   RO          147    .text               serialisr.o
    0x00000b2c   0x000002f8   Code   RO          150    .text               lcd.o
    0x00000e24   0x00000094   Code   RO          184    .text               lcdisr.o
    0x00000eb8   0x0000036c   Code   RO          187    .text               ui.o
    0x00001224   0x00000114   Code   RO          210    .text               list.o
    0x00001338   0x00000a28   Code   RO          222    .text               queue.o
    0x00001d60   0x00001824   Code   RO          234    .text               tasks.o
    0x00003584   0x0000020c   Code   RO          256    .text               port.o
    0x00003790   0x00000050   Code   RO          274    .text               heap_3.o
    0x000037e0   0x00000cec   Code   RO          301    .text               lcd_grph.o
    0x000044cc   0x00000a3c   Code   RO          330    .text               lcd_hw.o
    0x00004f08   0x00000004   Code   RO          353    .text               c_t.l(use_no_semi.o)
    0x00004f0c   0x00000008   Ven    RO          359    .text               c_t.l(h1_alloc.o)
    0x00004f14   0x0000006e   Code   RO          359    .text               c_t.l(h1_alloc.o)
    0x00004f82   0x00000002   PAD
    0x00004f84   0x00000008   Ven    RO          361    .text               c_t.l(h1_free.o)
    0x00004f8c   0x00000054   Code   RO          361    .text               c_t.l(h1_free.o)
    0x00004fe0   0x00000008   Ven    RO          423    .text               c_t.l(noretval__2printf.o)
    0x00004fe8   0x0000001c   Code   RO          423    .text               c_t.l(noretval__2printf.o)
    0x00005004   0x00000008   Ven    RO          425    .text               c_t.l(strcpy.o)
    0x0000500c   0x00000050   Code   RO          425    .text               c_t.l(strcpy.o)
    0x0000505c   0x00000008   Ven    RO          427    .text               c_t.l(strlen.o)
    0x00005064   0x00000044   Code   RO          427    .text               c_t.l(strlen.o)
    0x000050a8   0x000000d4   Code   RO          429    .text               c_t.l(rt_memcpy.o)
    0x0000517c   0x00000064   Code   RO          431    .text               c_t.l(rt_memcpy_w.o)
    0x000051e0   0x00000180   Code   RO          433    .text               c_t.l(aeabi_sdiv.o)
    0x00005360   0x00000006   Code   RO          449    .text               c_t.l(heapauxi.o)
    0x00005366   0x00000002   PAD
    0x00005368   0x00000004   Ven    RO          463    .text               c_t.l(rt_heap_descriptor_intlibspace.o)
    0x0000536c   0x0000000c   Code   RO          463    .text               c_t.l(rt_heap_descriptor_intlibspace.o)
    0x00005378   0x00000004   Code   RO          465    .text               c_t.l(hguard.o)
    0x0000537c   0x00000094   Code   RO          467    .text               c_t.l(init_alloc.o)
    0x00005410   0x0000000e   Code   RO          471    .text               c_t.l(h1_init.o)
    0x0000541e   0x00000002   PAD
    0x00005420   0x0000002c   Code   RO          485    .text               c_t.l(_printf_char_file.o)
    0x0000544c   0x0000000c   Code   RO          536    .text               c_t.l(libspace.o)
    0x00005458   0x00000038   Code   RO          560    .text               c_t.l(h1_extend.o)
    0x00005490   0x00000030   Code   RO          564    .text               c_t.l(_printf_char_common.o)
    0x000054c0   0x00000010   Code   RO          566    .text               c_t.l(defsig_rtmem_outer.o)
    0x000054d0   0x00000060   Code   RO          578    .text               c_t.l(sys_stackheap_outer.o)
    0x00005530   0x0000002c   Code   RO          584    .text               c_t.l(__printf_nopercent.o)
    0x0000555c   0x0000000c   Code   RO          588    .text               c_t.l(exit.o)
    0x00005568   0x00000010   Code   RO          590    .text               c_t.l(defsig_exit.o)
    0x00005578   0x00000054   Code   RO          596    .text               c_t.l(defsig_rtmem_inner.o)
    0x000055cc   0x00000038   Code   RO          618    .text               c_t.l(defsig_general.o)
    0x00005604   0x00000024   Code   RO          434    .text_udiv          c_t.l(aeabi_sdiv.o)
    0x00005628   0x00000188   Code   RO          271    PORT_ASM            portasm.o
    0x000057b0   0x00000008   Ven    RO          680    Veneer$$Code        anon$$obj.o
    0x000057b8   0x00000008   Ven    RO          681    Veneer$$Code        anon$$obj.o
    0x000057c0   0x00000008   Ven    RO          682    Veneer$$Code        anon$$obj.o
    0x000057c8   0x00000002   Code   RO          394    i.__ARM_common_call_via_r5  c_t.l(heap2.o)
    0x000057ca   0x00000002   Code   RO          586    i.__ARM_common_call_via_r7  c_t.l(__printf_nopercent.o)
    0x000057cc   0x000000dc   Data   RO          189    .constdata          ui.o
    0x000058a8   0x00000300   Data   RO          286    .constdata          font5x7.o
    0x00005ba8   0x00000008   Data   RO          302    .constdata          lcd_grph.o
    0x00005bb0   0x0000000a   Data   RO           80    .conststring        console.o
    0x00005bba   0x00000002   PAD
    0x00005bbc   0x00000020   Data   RO          663    Region$$Table       anon$$obj.o


    Execution Region RW_RAM1 (Base: 0xa0000000, Size: 0x00401568, Max: 0x02000000, ABSOLUTE)

    Base Addr    Size         Type   Attr      Idx    E Section Name        Object

    0xa0000000   0x00000008   Data   RW           81    .data               console.o
    0xa0000008   0x00000004   Data   RW          103    .data               retarget.o
    0xa000000c   0x0000000c   Data   RW          131    .data               serial.o
    0xa0000018   0x00000004   Data   RW          151    .data               lcd.o
    0xa000001c   0x0000003c   Data   RW          236    .data               tasks.o
    0xa0000058   0x00000004   Data   RW          257    .data               port.o
    0xa000005c   0x00000004   Data   RW          303    .data               lcd_grph.o
    0xa0000060   0x00000001   Data   RW          331    .data               lcd_hw.o
    0xa0000061   0x00000003   PAD
    0xa0000064   0x000000dc   Zero   RW          188    .bss                ui.o
    0xa0000140   0x000000b4   Zero   RW          235    .bss                tasks.o
    0xa00001f4   0x00000060   Zero   RW          537    .bss                c_t.l(libspace.o)
    0xa0000254   0x00000004   PAD
    0xa0000258   0x00400000   Zero   RW            2    HEAP                lpc2400.o
    0xa0400258   0x00001310   Zero   RW            1    STACK               lpc2400.o


==============================================================================

Image component sizes


      Code (inc. data)   RO Data    RW Data    ZI Data      Debug   Object Name

       292         48         10          8          0       1094   console.o
         0          0        768          0          0        470   font5x7.o
        80          0          0          0          0        745   heap_3.o
       760         68          0          4          0       3645   lcd.o
      3308         36          8          4          0       8619   lcd_grph.o
      2620        248          0          1          0       3470   lcd_hw.o
       148         12          0          0          0        192   lcdisr.o
       276          0          0          0          0       1746   list.o
       868        112          0          0    4199184        632   lpc2400.o
       196         12          0          0          0      15971   main.o
       524         36          0          4          0       2827   port.o
       392         20          0          0          0        312   portasm.o
      2600          0          0          0          0       9362   queue.o
       176          0          0          4          0       2910   retarget.o
       904         24          0         12          0       4705   serial.o
       148         12          0          0          0        200   serialisr.o
      6180         96          0         60        180      17755   tasks.o
       876         40        220          0        220       1692   ui.o

    ----------------------------------------------------------------------
     20372        764       1040        100    4199584      76347   Object Totals
        24          0         32          0          0          0   (incl. Generated)
         0          0          2          3          0          0   (incl. Padding)

    ----------------------------------------------------------------------

      Code (inc. data)   RO Data    RW Data    ZI Data      Debug   Library Member Name

         8          0          0          0          0         68   __main.o
        46          0          0          0          0        148   __printf_nopercent.o
         0          0          0          0          0          0   __rtentry.o
        44          4          0          0          0          0   __rtentry2.o
         8          0          0          0          0          0   __rtentry4.o
        60          8          0          0          0          0   __scatter.o
        40          0          0          0          0          0   __scatter_copy.o
        44          0          0          0          0          0   __scatter_zi.o
        48          4          0          0          0         96   _printf_char_common.o
        44          6          0          0          0         88   _printf_char_file.o
       420          0          0          0          0        148   aeabi_sdiv.o
        16          0          0          0          0         80   defsig_exit.o
        56          0          0          0          0         84   defsig_general.o
        84         58          0          0          0         80   defsig_rtmem_inner.o
        16          0          0          0          0         80   defsig_rtmem_outer.o
        12          0          0          0          0         64   exit.o
       118          0          0          0          0        116   h1_alloc.o
        56          0          0          0          0         80   h1_extend.o
        92          0          0          0          0        100   h1_free.o
        14          0          0          0          0         76   h1_init.o
         2          0          0          0          0         60   heap2.o
         6          0          0          0          0        136   heapauxi.o
         4          0          0          0          0        120   hguard.o
       148          0          0          0          0        192   init_alloc.o
        10          0          0          0          0          0   libinit.o
        20          0          0          0          0          0   libinit2.o
        12          0          0          0          0          0   libshutdown.o
         6          0          0          0          0          0   libshutdown2.o
        12          4          0          0         96         68   libspace.o
         0          0          0          0          0          0   maybetermalloc1.o
        36          6          0          0          0         84   noretval__2printf.o
        16          4          0          0          0         68   rt_heap_descriptor_intlibspace.o
       212          0          0          0          0         68   rt_memcpy.o
       100          0          0          0          0         80   rt_memcpy_w.o
         8          0          0          0          0          0   rtexit.o
        12          0          0          0          0          0   rtexit2.o
        88          6          0          0          0         76   strcpy.o
        76          4          0          0          0         76   strlen.o
        96          0          0          0          0         80   sys_stackheap_outer.o
         4          0          0          0          0         68   use_no_semi.o

    ----------------------------------------------------------------------
      2104        104          0          0        100       2484   Library Totals
        10          0          0          0          4          0   (incl. Padding)

    ----------------------------------------------------------------------

      Code (inc. data)   RO Data    RW Data    ZI Data      Debug   Library Name

      2094        104          0          0         96       2484   c_t.l

    ----------------------------------------------------------------------
      2104        104          0          0        100       2484   Library Totals

    ----------------------------------------------------------------------

==============================================================================


      Code (inc. data)   RO Data    RW Data    ZI Data      Debug   

     22476        868       1040        100    4199684      76543   Grand Totals
     22476        868       1040        100    4199684      76543   ELF Image Totals
     22476        868       1040        100          0          0   ROM Totals

==============================================================================

    Total RO  Size (Code + RO Data)                23516 (  22.96kB)
    Total RW  Size (RW Data + ZI Data)           4199784 (4101.35kB)
    Total ROM Size (Code + RO Data + RW Data)      23616 (  23.06kB)

==============================================================================

