Component: ARM Compiler 5.06 update 4 (build 422) Tool: armlink [4d35d2]

==============================================================================

Section Cross References

    lpc2400.o(STACK) refers (Special) to heapauxi.o(.text) for __use_two_region_memory
    lpc2400.o(HEAP) refers (Special) to heapauxi.o(.text) for __use_two_region_memory
    lpc2400.o(RESET) refers (Special) to heapauxi.o(.text) for __use_two_region_memory
    lpc2400.o(RESET) refers to portasm.o(PORT_ASM) for vPortYieldProcessor
    lpc2400.o(RESET) refers to lpc2400.o(STACK) for Stack_Top
    lpc2400.o(RESET) refers to __main.o(!!!main) for __main
    lpc2400.o(.text) refers (Special) to heapauxi.o(.text) for __use_two_region_memory
    lpc2400.o(.text) refers to lpc2400.o(HEAP) for Heap_Mem
    lpc2400.o(.text) refers to lpc2400.o(STACK) for Stack_Mem
    main.o(.text) refers to queue.o(.text) for xQueueGenericCreate
    main.o(.text) refers to console.o(.text) for vStartConsole
    main.o(.text) refers to lcd.o(.text) for vStartLcd
    main.o(.text) refers to sensors.o(.text) for vStartSensors
    main.o(.text) refers to ledlights.o(.text) for vStartLights
    main.o(.text) refers to tasks.o(.text) for vTaskStartScheduler
    main.o(.text) refers to lcd_hw.o(.text) for lcd_hw_init
    main.o(.text) refers to lcdisr.o(.text) for vLCD_ISREntry
    console.o(.text) refers to strlen.o(.text) for strlen
    console.o(.text) refers to serial.o(.text) for vSerialPutString
    console.o(.text) refers to tasks.o(.text) for xTaskCreate
    console.o(.text) refers to noretval__2printf.o(.text) for __2printf
    console.o(.text) refers to console.o(.data) for .data
    console.o(.data) refers to console.o(.conststring) for .conststring
    retarget.o(.text) refers (Special) to use_no_semi.o(.text) for __use_no_semihosting_swi
    retarget.o(.text) refers to console.o(.text) for xConsolePortHandle
    retarget.o(.text) refers to serial.o(.text) for xSerialPutChar
    retarget.o(.data) refers (Special) to use_no_semi.o(.text) for __use_no_semihosting_swi
    serial.o(.text) refers to queue.o(.text) for xQueueGenericCreate
    serial.o(.text) refers to port.o(.text) for vPortEnterCritical
    serial.o(.text) refers to aeabi_sdiv.o(.text_udiv) for __aeabi_uidivmod
    serial.o(.text) refers to tasks.o(.text) for vTaskSwitchContext
    serial.o(.text) refers to serial.o(.data) for .data
    serial.o(.text) refers to serialisr.o(.text) for vUART_ISREntry
    serialisr.o(.text) refers to port.o(.data) for ulCriticalNesting
    serialisr.o(.text) refers to tasks.o(.data) for pxCurrentTCB
    serialisr.o(.text) refers to serial.o(.text) for vUART_ISRHandler
    lcd.o(.text) refers to _printf_percent.o(.ARM.Collect$$_printf_percent$$00000000) for _printf_percent
    lcd.o(.text) refers to _printf_u.o(.ARM.Collect$$_printf_percent$$0000000A) for _printf_u
    lcd.o(.text) refers to _printf_dec.o(.text) for _printf_int_dec
    lcd.o(.text) refers to timers.o(.text) for xTimerGenericCommand
    lcd.o(.text) refers to lcd_grph.o(.text) for lcd_fillRect
    lcd.o(.text) refers to rt_memcpy.o(.text) for __aeabi_memcpy
    lcd.o(.text) refers to noretval__2printf.o(.text) for __2printf
    lcd.o(.text) refers to lcd_hw.o(.text) for lcd_init
    lcd.o(.text) refers to ui.o(.text) for initialiseButtons
    lcd.o(.text) refers to rt_memcpy_w.o(.text) for __aeabi_memcpy4
    lcd.o(.text) refers to queue.o(.text) for xQueueGenericReceive
    lcd.o(.text) refers to tasks.o(.text) for xTaskGetTickCount
    lcd.o(.text) refers to strcpy.o(.text) for strcpy
    lcd.o(.text) refers to lcd.o(i.__ARM_common_switch8) for __ARM_common_switch8
    lcd.o(.text) refers to lcd.o(.data) for .data
    lcd.o(.text) refers to lcd.o(.bss) for .bss
    lcdisr.o(.text) refers to port.o(.data) for ulCriticalNesting
    lcdisr.o(.text) refers to tasks.o(.data) for pxCurrentTCB
    lcdisr.o(.text) refers to lcd.o(.text) for vLCD_ISRHandler
    ui.o(.text) refers to rt_memcpy_w.o(.text) for __aeabi_memcpy4
    ui.o(.text) refers to lcd_grph.o(.text) for lcd_fillRect
    ui.o(.text) refers to ui.o(.constdata) for .constdata
    ui.o(.text) refers to ui.o(.bss) for .bss
    sensors.o(.text) refers to _printf_percent.o(.ARM.Collect$$_printf_percent$$00000000) for _printf_percent
    sensors.o(.text) refers to _printf_u.o(.ARM.Collect$$_printf_percent$$0000000A) for _printf_u
    sensors.o(.text) refers to _printf_dec.o(.text) for _printf_int_dec
    sensors.o(.text) refers to noretval__2printf.o(.text) for __2printf
    sensors.o(.text) refers to tasks.o(.text) for xTaskGetTickCount
    sensors.o(.text) refers to queue.o(.text) for xQueueGenericSend
    sensors.o(.text) refers to ui.o(.bss) for buttonController
    sensors.o(.text) refers to sensors.o(.data) for .data
    ledlights.o(.text) refers to timers.o(.text) for xTimerGenericCommand
    ledlights.o(.text) refers to noretval__2printf.o(.text) for __2printf
    ledlights.o(.text) refers to tasks.o(.text) for xTaskGetTickCount
[...]
    defsig_exit.o(.text) refers to retarget.o(.text) for _sys_exit
    defsig_fpe_outer.o(.text) refers to defsig_fpe_inner.o(.text) for __rt_SIGFPE_inner
    defsig_fpe_outer.o(.text) refers to defsig_exit.o(.text) for __sig_exit
    defsig_fpe_formal.o(.text) refers to rt_raise.o(.text) for __rt_raise
    defsig_rtmem_inner.o(.text) refers to defsig_general.o(.text) for __default_signal_display
    _get_argv_nomalloc.o(.text) refers (Special) to hrguard.o(.text) for __heap_region$guard
    _get_argv_nomalloc.o(.text) refers to defsig_rtmem_outer.o(.text) for __rt_SIGRTMEM
    _get_argv_nomalloc.o(.text) refers to sys_command.o(.text) for _sys_command_string
    libinit.o(.ARM.Collect$$libinit$$00000000) refers (Special) to libinit2.o(.ARM.Collect$$libinit$$0000002E) for __rt_lib_init_alloca_1
    libinit.o(.ARM.Collect$$libinit$$00000000) refers (Special) to libinit2.o(.ARM.Collect$$libinit$$0000002C) for __rt_lib_init_argv_1
    libinit.o(.ARM.Collect$$libinit$$00000000) refers (Special) to libinit2.o(.ARM.Collect$$libinit$$0000001B) for __rt_lib_init_atexit_1
    libinit.o(.ARM.Collect$$libinit$$00000000) refers (Special) to libinit2.o(.ARM.Collect$$libinit$$00000021) for __rt_lib_init_clock_1
    libinit.o(.ARM.Collect$$libinit$$00000000) refers (Special) to libinit2.o(.ARM.Collect$$libinit$$00000032) for __rt_lib_init_cpp_1
    libinit.o(.ARM.Collect$$libinit$$00000000) refers (Special) to libinit2.o(.ARM.Collect$$libinit$$00000030) for __rt_lib_init_exceptions_1
    libinit.o(.ARM.Collect$$libinit$$00000000) refers (Special) to libinit2.o(.ARM.Collect$$libinit$$00000002) for __rt_lib_init_fp_1
    libinit.o(.ARM.Collect$$libinit$$00000000) refers (Special) to libinit2.o(.ARM.Collect$$libinit$$0000001F) for __rt_lib_init_fp_trap_1
    libinit.o(.ARM.Collect$$libinit$$00000000) refers (Special) to libinit2.o(.ARM.Collect$$libinit$$00000023) for __rt_lib_init_getenv_1
    libinit.o(.ARM.Collect$$libinit$$00000000) refers (Special) to libinit2.o(.ARM.Collect$$libinit$$0000000A) for __rt_lib_init_heap_1
    libinit.o(.ARM.Collect$$libinit$$00000000) refers (Special) to libinit2.o(.ARM.Collect$$libinit$$00000011) for __rt_lib_init_lc_collate_1
    libinit.o(.ARM.Collect$$libinit$$00000000) refers (Special) to libinit2.o(.ARM.Collect$$libinit$$00000013) for __rt_lib_init_lc_ctype_1
    libinit.o(.ARM.Collect$$libinit$$00000000) refers (Special) to libinit2.o(.ARM.Collect$$libinit$$00000015) for __rt_lib_init_lc_monetary_1
    libinit.o(.ARM.Collect$$libinit$$00000000) refers (Special) to libinit2.o(.ARM.Collect$$libinit$$00000017) for __rt_lib_init_lc_numeric_1
    libinit.o(.ARM.Collect$$libinit$$00000000) refers (Special) to libinit2.o(.ARM.Collect$$libinit$$00000019) for __rt_lib_init_lc_time_1
    libinit.o(.ARM.Collect$$libinit$$00000000) refers (Special) to libinit2.o(.ARM.Collect$$libinit$$00000004) for __rt_lib_init_preinit_1
    libinit.o(.ARM.Collect$$libinit$$00000000) refers (Special) to libinit2.o(.ARM.Collect$$libinit$$0000000E) for __rt_lib_init_rand_1
    libinit.o(.ARM.Collect$$libinit$$00000000) refers (Special) to libinit2.o(.ARM.Collect$$libinit$$00000033) for __rt_lib_init_return
    libinit.o(.ARM.Collect$$libinit$$00000000) refers (Special) to libinit2.o(.ARM.Collect$$libinit$$0000001D) for __rt_lib_init_signal_1
    libinit.o(.ARM.Collect$$libinit$$00000000) refers (Special) to libinit2.o(.ARM.Collect$$libinit$$00000025) for __rt_lib_init_stdio_1
    libinit.o(.ARM.Collect$$libinit$$00000000) refers (Special) to libinit2.o(.ARM.Collect$$libinit$$0000000C) for __rt_lib_init_user_alloc_1
    rtexit.o(.ARM.Collect$$rtexit$$00000000) refers (Special) to rtexit2.o(.ARM.Collect$$rtexit$$00000004) for __rt_exit_exit
    rtexit.o(.ARM.Collect$$rtexit$$00000000) refers (Special) to rtexit2.o(.ARM.Collect$$rtexit$$00000003) for __rt_exit_ls
    rtexit.o(.ARM.Collect$$rtexit$$00000000) refers (Special) to rtexit2.o(.ARM.Collect$$rtexit$$00000002) for __rt_exit_prels_1
    rtexit.o(.ARM.exidx) refers (Special) to rtexit2.o(.ARM.Collect$$rtexit$$00000004) for __rt_exit_exit
    rtexit.o(.ARM.exidx) refers (Special) to rtexit2.o(.ARM.Collect$$rtexit$$00000003) for __rt_exit_ls
    rtexit.o(.ARM.exidx) refers (Special) to rtexit2.o(.ARM.Collect$$rtexit$$00000002) for __rt_exit_prels_1
    rtexit.o(.ARM.exidx) refers to rtexit.o(.ARM.Collect$$rtexit$$00000000) for .ARM.Collect$$rtexit$$00000000
    __raise.o(.text) refers to __printf.o(i.__ARM_common_call_via_r2) for __ARM_common_call_via_r2
    __raise.o(.text) refers to defsig.o(CL$$defsig) for __default_signal_handler
    defsig_general.o(.text) refers to retarget.o(.text) for _ttywrch
    defsig_fpe_inner.o(.text) refers to defsig_general.o(.text) for __default_signal_display
    libshutdown2.o(.ARM.Collect$$libshutdown$$0000000D) refers (Weak) to term_alloc.o(.text) for _terminate_alloc
    rtexit2.o(.ARM.Collect$$rtexit$$00000003) refers to libshutdown.o(.ARM.Collect$$libshutdown$$00000000) for __rt_lib_shutdown
    rtexit2.o(.ARM.Collect$$rtexit$$00000004) refers to retarget.o(.text) for _sys_exit
    rtexit2.o(.ARM.exidx) refers to rtexit2.o(.ARM.Collect$$rtexit$$00000001) for .ARM.Collect$$rtexit$$00000001
    rtexit2.o(.ARM.exidx) refers to rtexit2.o(.ARM.Collect$$rtexit$$00000003) for .ARM.Collect$$rtexit$$00000003
    rtexit2.o(.ARM.exidx) refers to rtexit2.o(.ARM.Collect$$rtexit$$00000004) for .ARM.Collect$$rtexit$$00000004
    defsig.o(CL$$defsig) refers to defsig_fpe_inner.o(.text) for __rt_SIGFPE_inner
    defsig.o(CL$$defsig) refers to defsig_rtmem_inner.o(.text) for __rt_SIGRTMEM_inner
    defsig_abrt_inner.o(.text) refers to defsig_general.o(.text) for __default_signal_display
    defsig_rtred_inner.o(.text) refers to defsig_general.o(.text) for __default_signal_display
    defsig_stak_inner.o(.text) refers to defsig_general.o(.text) for __default_signal_display
    defsig_pvfn_inner.o(.text) refers to defsig_general.o(.text) for __default_signal_display
    defsig_cppl_inner.o(.text) refers to defsig_general.o(.text) for __default_signal_display
    defsig_segv_inner.o(.text) refers to defsig_general.o(.text) for __default_signal_display
    defsig_other.o(.text) refers to defsig_general.o(.text) for __default_signal_display
    libshutdown.o(.ARM.Collect$$libshutdown$$00000000) refers (Special) to libshutdown2.o(.ARM.Collect$$libshutdown$$00000002) for __rt_lib_shutdown_cpp_1
    libshutdown.o(.ARM.Collect$$libshutdown$$00000000) refers (Special) to libshutdown2.o(.ARM.Collect$$libshutdown$$00000007) for __rt_lib_shutdown_fp_trap_1
    libshutdown.o(.ARM.Collect$$libshutdown$$00000000) refers (Special) to libshutdown2.o(.ARM.Collect$$libshutdown$$0000000F) for __rt_lib_shutdown_heap_1
    libshutdown.o(.ARM.Collect$$libshutdown$$00000000) refers (Special) to libshutdown2.o(.ARM.Collect$$libshutdown$$00000010) for __rt_lib_shutdown_return
    libshutdown.o(.ARM.Collect$$libshutdown$$00000000) refers (Special) to libshutdown2.o(.ARM.Collect$$libshutdown$$0000000A) for __rt_lib_shutdown_signal_1
    libshutdown.o(.ARM.Collect$$libshutdown$$00000000) refers (Special) to libshutdown2.o(.ARM.Collect$$libshutdown$$00000004) for __rt_lib_shutdown_stdio_1
    libshutdown.o(.ARM.Collect$$libshutdown$$00000000) refers (Special) to libshutdown2.o(.ARM.Collect$$libshutdown$$0000000C) for __rt_lib_shutdown_user_alloc_1


==============================================================================

Adding Veneers to the image

    Adding TA veneer (4 bytes, Inline) for call to '_printf_percent' from __printf.o(.text).
    Adding AT veneer (8 bytes, Inline) for call to '__rt_lib_init' from __rtentry2.o(.ARM.Collect$$rtentry$$0000000A).
    Adding AT veneer (8 bytes, Inline) for call to '__rt_lib_shutdown' from rtexit2.o(.ARM.Collect$$rtexit$$00000003).
    Adding TA veneer (4 bytes, Inline) for call to '__rt_exit' from exit.o(.text).
    Adding AT veneer (8 bytes, Inline) for call to '_sys_exit' from rtexit2.o(.ARM.Collect$$rtexit$$00000004).
    Adding AT veneer (8 bytes, Inline) for call to '_printf_int_dec' from _printf_u.o(.ARM.Collect$$_printf_percent$$0000000A).
    Adding TA veneer (4 bytes, Inline) for call to '__aeabi_memcpy' from lcd.o(.text).
    Adding TA veneer (4 bytes, Inline) for call to '__aeabi_memcpy4' from lcd.o(.text).
    Adding TA veneer (4 bytes, Inline) for call to '__rt_heap_descriptor' from h1_alloc.o(.text).
    Adding TA veneer (4 bytes, Inline) for call to '__rt_udiv10' from _printf_dec.o(.text).
    Adding TA veneer (4 bytes, Inline) for call to '__aeabi_uidivmod' from serial.o(.text).
    Adding TA veneer (4 bytes, Inline) for call to 'vPortStartFirstTask' from port.o(.text).
    Adding TA veneer (8 bytes, Short) for call to 'vPortYield' from queue.o(.text).
    Adding TA veneer (4 bytes, Inline) for call to '__ARM_common_disable_irq' from tasks.o(.text).
    Adding TA veneer (4 bytes, Inline) for call to '__ARM_common_enable_irq' from port.o(.text).
    Adding TA veneer (4 bytes, Inline) for call to '__ARM_common_switch8' from lcd.o(.text).

16 Veneer(s) (total 84 bytes) added to the image.

==============================================================================

Image Symbol Table

    Local Symbols

    Symbol Name                              Value     Ov Type        Size  Object(Section)

    RESET                                    0x00000000   Section      832  lpc2400.o(RESET)
    ../clib/angel/boardlib.s                 0x00000000   Number         0  boardinit1.o ABSOLUTE
    ../clib/angel/boardlib.s                 0x00000000   Number         0  boardinit2.o ABSOLUTE
    ../clib/angel/boardlib.s                 0x00000000   Number         0  boardinit3.o ABSOLUTE
    ../clib/angel/boardlib.s                 0x00000000   Number         0  boardshut.o ABSOLUTE
    ../clib/angel/handlers.s                 0x00000000   Number         0  __scatter_copy.o ABSOLUTE
    ../clib/angel/handlers.s                 0x00000000   Number         0  __scatter_zi.o ABSOLUTE
    ../clib/angel/kernel.s                   0x00000000   Number         0  __rtentry2.o ABSOLUTE
    ../clib/angel/kernel.s                   0x00000000   Number         0  rtexit2.o ABSOLUTE
    ../clib/angel/kernel.s                   0x00000000   Number         0  __rtentry.o ABSOLUTE
    ../clib/angel/kernel.s                   0x00000000   Number         0  __rtentry4.o ABSOLUTE
    ../clib/angel/kernel.s                   0x00000000   Number         0  rtexit.o ABSOLUTE
    ../clib/angel/rt.s                       0x00000000   Number         0  rt_heap_descriptor_intlibspace.o ABSOLUTE
    ../clib/angel/rt.s                       0x00000000   Number         0  rt_heap_descriptor.o ABSOLUTE
    ../clib/angel/rt.s                       0x00000000   Number         0  aeabi_idiv0_sigfpe.o ABSOLUTE
    ../clib/angel/rt.s                       0x00000000   Number         0  aeabi_idiv0.o ABSOLUTE
    ../clib/angel/rt.s                       0x00000000   Number         0  rt_div0.o ABSOLUTE
    ../clib/angel/rt.s                       0x00000000   Number         0  rt_raise.o ABSOLUTE
    ../clib/angel/scatter.s                  0x00000000   Number         0  __scatter.o ABSOLUTE
    ../clib/angel/startup.s                  0x00000000   Number         0  __main.o ABSOLUTE
    ../clib/angel/sys.s                      0x00000000   Number         0  mutex_dummy.o ABSOLUTE
    ../clib/angel/sys.s                      0x00000000   Number         0  libspace.o ABSOLUTE
    ../clib/angel/sys.s                      0x00000000   Number         0  use_no_semi.o ABSOLUTE
    ../clib/angel/sys.s                      0x00000000   Number         0  indicate_semi.o ABSOLUTE
    ../clib/angel/sys.s                      0x00000000   Number         0  sys_stackheap_outer.o ABSOLUTE
    ../clib/angel/sysapp.c                   0x00000000   Number         0  sys_command.o ABSOLUTE
    ../clib/armsys.c                         0x00000000   Number         0  argv_veneer.o ABSOLUTE
    ../clib/armsys.c                         0x00000000   Number         0  _get_argv.o ABSOLUTE
    ../clib/armsys.c                         0x00000000   Number         0  _get_argv_nomalloc.o ABSOLUTE
    ../clib/armsys.c                         0x00000000   Number         0  no_argv.o ABSOLUTE
    ../clib/armsys.c                         0x00000000   Number         0  argv_veneer.o ABSOLUTE
    ../clib/division.s                       0x00000000   Number         0  rtudiv10.o ABSOLUTE
    ../clib/division.s                       0x00000000   Number         0  aeabi_sdiv_div0.o ABSOLUTE
    ../clib/division.s                       0x00000000   Number         0  aeabi_sdiv.o ABSOLUTE
    ../clib/divrt.s                          0x00000000   Number         0  divrt_7tdmi.o ABSOLUTE
    ../clib/divrt.s                          0x00000000   Number         0  divrt_7tdmi_div0.o ABSOLUTE
    ../clib/heap1.c                          0x00000000   Number         0  h1_alloc.o ABSOLUTE
    ../clib/heap1.c                          0x00000000   Number         0  h1_alloc_mt.o ABSOLUTE
    ../clib/heap1.c                          0x00000000   Number         0  h1_extend.o ABSOLUTE
    ../clib/heap1.c                          0x00000000   Number         0  h1_extend_mt.o ABSOLUTE
    ../clib/heap1.c                          0x00000000   Number         0  h1_final_mt.o ABSOLUTE
    ../clib/heap1.c                          0x00000000   Number         0  h1_free_mt.o ABSOLUTE
    ../clib/heap1.c                          0x00000000   Number         0  h1_init.o ABSOLUTE
    ../clib/heap1.c                          0x00000000   Number         0  h1_init_mt.o ABSOLUTE
    ../clib/heap1.c                          0x00000000   Number         0  h1_free.o ABSOLUTE
    ../clib/heap1.c                          0x00000000   Number         0  h1_final.o ABSOLUTE
    ../clib/heap2.c                          0x00000000   Number         0  heap2.o ABSOLUTE
    ../clib/heap2.c                          0x00000000   Number         0  heap2mt.o ABSOLUTE
    ../clib/heap2.c                          0x00000000   Number         0  fdtree.o ABSOLUTE
    ../clib/heapalloc.c                      0x00000000   Number         0  term_alloc.o ABSOLUTE
    ../clib/heapalloc.c                      0x00000000   Number         0  maybetermalloc2.o ABSOLUTE
    ../clib/heapalloc.c                      0x00000000   Number         0  heapstubs.o ABSOLUTE
    ../clib/heapalloc.c                      0x00000000   Number         0  init_alloc.o ABSOLUTE
    ../clib/heapalloc.c                      0x00000000   Number         0  hguard.o ABSOLUTE
    ../clib/heapalloc.c                      0x00000000   Number         0  maybetermalloc2.o ABSOLUTE
    ../clib/heapalloc.c                      0x00000000   Number         0  maybetermalloc1.o ABSOLUTE
    ../clib/heapalloc.c                      0x00000000   Number         0  hrguard.o ABSOLUTE
    ../clib/heapalloc.c                      0x00000000   Number         0  malloc.o ABSOLUTE
    ../clib/heapalloc.c                      0x00000000   Number         0  free.o ABSOLUTE
    ../clib/heapalloc.c                      0x00000000   Number         0  maybetermalloc1.o ABSOLUTE
    ../clib/heapaux.c                        0x00000000   Number         0  heapauxa.o ABSOLUTE
    ../clib/heapaux.c                        0x00000000   Number         0  heapauxi.o ABSOLUTE
    ../clib/libinit.s                        0x00000000   Number         0  libshutdown2.o ABSOLUTE
    ../clib/libinit.s                        0x00000000   Number         0  libshutdown.o ABSOLUTE
    ../clib/libinit.s                        0x00000000   Number         0  libinit2.o ABSOLUTE
    ../clib/libinit.s                        0x00000000   Number         0  libinit.o ABSOLUTE
    ../clib/memcpset.s                       0x00000000   Number         0  rt_memcpy.o ABSOLUTE
    ../clib/memcpset.s                       0x00000000   Number         0  rt_memcpy_w.o ABSOLUTE
    ../clib/printf.c                         0x00000000   Number         0  _printf_intcommon.o ABSOLUTE
    ../clib/printf.c                         0x00000000   Number         0  _printf_char_common.o ABSOLUTE
    ../clib/printf.c                         0x00000000   Number         0  __printf_nopercent.o ABSOLUTE
    ../clib/printf.c                         0x00000000   Number         0  __printf_flags_wp.o ABSOLUTE
    ../clib/printf.c                         0x00000000   Number         0  __printf_wp.o ABSOLUTE
    ../clib/printf.c                         0x00000000   Number         0  __printf_ss.o ABSOLUTE
    ../clib/printf.c                         0x00000000   Number         0  noretval__2printf.o ABSOLUTE
    ../clib/printf.c                         0x00000000   Number         0  __printf_flags.o ABSOLUTE
    ../clib/printf.c                         0x00000000   Number         0  _printf_dec.o ABSOLUTE
    ../clib/printf.c                         0x00000000   Number         0  __printf_flags_ss.o ABSOLUTE
    ../clib/printf.c                         0x00000000   Number         0  __printf.o ABSOLUTE
    ../clib/printf.c                         0x00000000   Number         0  __2printf.o ABSOLUTE
    ../clib/printf.c                         0x00000000   Number         0  _printf_char_file.o ABSOLUTE
    ../clib/printf.c                         0x00000000   Number         0  __printf_flags_ss_wp.o ABSOLUTE
    ../clib/printf.c                         0x00000000   Number         0  __printf_ss_wp.o ABSOLUTE
    ../clib/printf_percent.s                 0x00000000   Number         0  _printf_u.o ABSOLUTE
    ../clib/printf_percent.s                 0x00000000   Number         0  _printf_percent.o ABSOLUTE
    ../clib/printf_percent.s                 0x00000000   Number         0  _printf_percent_end.o ABSOLUTE
    ../clib/signal.c                         0x00000000   Number         0  defsig_segv_inner.o ABSOLUTE
    ../clib/signal.c                         0x00000000   Number         0  defsig_fpe_inner.o ABSOLUTE
    ../clib/signal.c                         0x00000000   Number         0  defsig_general.o ABSOLUTE
    ../clib/signal.c                         0x00000000   Number         0  __raise.o ABSOLUTE
    ../clib/signal.c                         0x00000000   Number         0  defsig_other.o ABSOLUTE
    ../clib/signal.c                         0x00000000   Number         0  defsig_abrt_inner.o ABSOLUTE
    ../clib/signal.c                         0x00000000   Number         0  defsig_cppl_inner.o ABSOLUTE
    ../clib/signal.c                         0x00000000   Number         0  defsig_rtred_inner.o ABSOLUTE
    ../clib/signal.c                         0x00000000   Number         0  defsig_rtmem_inner.o ABSOLUTE
    ../clib/signal.c                         0x00000000   Number         0  defsig_pvfn_inner.o ABSOLUTE
    ../clib/signal.c                         0x00000000   Number         0  defsig_stak_inner.o ABSOLUTE
    ../clib/signal.c                         0x00000000   Number         0  defsig_rtmem_formal.o ABSOLUTE
    ../clib/signal.c                         0x00000000   Number         0  defsig_exit.o ABSOLUTE
    ../clib/signal.c                         0x00000000   Number         0  defsig_rtmem_outer.o ABSOLUTE
    ../clib/signal.c                         0x00000000   Number         0  defsig_fpe_outer.o ABSOLUTE
    ../clib/signal.c                         0x00000000   Number         0  defsig_fpe_formal.o ABSOLUTE
    ../clib/signal.s                         0x00000000   Number         0  defsig.o ABSOLUTE
    ../clib/stdlib.c                         0x00000000   Number         0  exit.o ABSOLUTE
    ../clib/string.c                         0x00000000   Number         0  strlen.o ABSOLUTE
    ../clib/string.c                         0x00000000   Number         0  strcpy.o ABSOLUTE
    ../fplib/fpinit.s                        0x00000000   Number         0  fpinit.o ABSOLUTE
    ..\FreeRTOS\Source\list.c                0x00000000   Number         0  list.o ABSOLUTE
    ..\FreeRTOS\Source\portable\MemMang\heap_3.c 0x00000000   Number         0  heap_3.o ABSOLUTE
    ..\FreeRTOS\Source\portable\TCD\ARM7_LPC2468\port.c 0x00000000   Number         0  port.o ABSOLUTE
    ..\FreeRTOS\Source\portable\TCD\ARM7_LPC2468\portASM.s 0x00000000   Number         0  portasm.o ABSOLUTE
    ..\FreeRTOS\Source\queue.c               0x00000000   Number         0  queue.o ABSOLUTE
    ..\FreeRTOS\Source\tasks.c               0x00000000   Number         0  tasks.o ABSOLUTE
    FreeRTOS\Source\timers.c                 0x00000000   Number         0  timers.o ABSOLUTE
    LCD\font5x7.c                            0x00000000   Number         0  font5x7.o ABSOLUTE
    LCD\lcd_grph.c                           0x00000000   Number         0  lcd_grph.o ABSOLUTE
    LCD\lcd_hw.c                             0x00000000   Number         0  lcd_hw.o ABSOLUTE
    LPC2400.s                                0x00000000   Number         0  lpc2400.o ABSOLUTE
    Retarget.c                               0x00000000   Number         0  retarget.o ABSOLUTE
    UI.c                                     0x00000000   Number         0  ui.o ABSOLUTE
    console.c                                0x00000000   Number         0  console.o ABSOLUTE
    dc.s                                     0x00000000   Number         0  dc.o ABSOLUTE
    lcd.c                                    0x00000000   Number         0  lcd.o ABSOLUTE
    lcdISR.s                                 0x00000000   Number         0  lcdisr.o ABSOLUTE
    ledlights.c                              0x00000000   Number         0  ledlights.o ABSOLUTE
    main.c                                   0x00000000   Number         0  main.o ABSOLUTE
    sensors.c                                0x00000000   Number         0  sensors.o ABSOLUTE
    serial.c                                 0x00000000   Number         0  serial.o ABSOLUTE
    serialISR.s                              0x00000000   Number         0  serialisr.o ABSOLUTE
    Undef_Handler                            0x00000040   ARM Code       4  lpc2400.o(RESET)
    PAbt_Handler                             0x00000048   ARM Code       4  lpc2400.o(RESET)
    DAbt_Handler                             0x0000004c   ARM Code       4  lpc2400.o(RESET)
    IRQ_Handler                              0x00000050   ARM Code       4  lpc2400.o(RESET)
    !!!main                                  0x00000340   Section        8  __main.o(!!!main)
    !!!scatter                               0x00000348   Section       60  __scatter.o(!!!scatter)
    !!handler_copy                           0x00000384   Section       40  __scatter_copy.o(!!handler_copy)
    !!handler_zi                             0x000003ac   Section       44  __scatter_zi.o(!!handler_zi)
    .ARM.Collect$$_printf_percent$$00000000  0x000003dc   Section        0  _printf_percent.o(.ARM.Collect$$_printf_percent$$00000000)
    .ARM.Collect$$_printf_percent$$0000000A  0x000003dc   Section        8  _printf_u.o(.ARM.Collect$$_printf_percent$$0000000A)
    .ARM.Collect$$_printf_percent$$00000017  0x000003e4   Section        8  _printf_percent_end.o(.ARM.Collect$$_printf_percent$$00000017)
    .ARM.Collect$$libinit$$00000000          0x000003f4   Section        2  libinit.o(.ARM.Collect$$libinit$$00000000)
    .ARM.Collect$$libinit$$00000002          0x000003f6   Section        0  libinit2.o(.ARM.Collect$$libinit$$00000002)
    .ARM.Collect$$libinit$$00000004          0x000003f6   Section        0  libinit2.o(.ARM.Collect$$libinit$$00000004)
    .ARM.Collect$$libinit$$00000005          0x000003f6   Section        8  libinit2.o(.ARM.Collect$$libinit$$00000005)
    .ARM.Collect$$libinit$$0000000A          0x000003fe   Section        0  libinit2.o(.ARM.Collect$$libinit$$0000000A)
    .ARM.Collect$$libinit$$0000000C          0x000003fe   Section        0  libinit2.o(.ARM.Collect$$libinit$$0000000C)
    .ARM.Collect$$libinit$$0000000E          0x000003fe   Section        0  libinit2.o(.ARM.Collect$$libinit$$0000000E)
    .ARM.Collect$$libinit$$00000011          0x000003fe   Section        0  libinit2.o(.ARM.Collect$$libinit$$00000011)
    .ARM.Collect$$libinit$$00000013          0x000003fe   Section        0  libinit2.o(.ARM.Collect$$libinit$$00000013)
    .ARM.Collect$$libinit$$00000015          0x000003fe   Section        0  libinit2.o(.ARM.Collect$$libinit$$00000015)
    .ARM.Collect$$libinit$$00000017          0x000003fe   Section        0  libinit2.o(.ARM.Collect$$libinit$$00000017)
    .ARM.Collect$$libinit$$00000019          0x000003fe   Section        0  libinit2.o(.ARM.Collect$$libinit$$00000019)
    .ARM.Collect$$libinit$$0000001B          0x000003fe   Section        0  libinit2.o(.ARM.Collect$$libinit$$0000001B)
    .ARM.Collect$$libinit$$0000001D          0x000003fe   Section        0  libinit2.o(.ARM.Collect$$libinit$$0000001D)
    .ARM.Collect$$libinit$$0000001F          0x000003fe   Section        0  libinit2.o(.ARM.Collect$$libinit$$0000001F)
    .ARM.Collect$$libinit$$00000021          0x000003fe   Section        0  libinit2.o(.ARM.Collect$$libinit$$00000021)
    .ARM.Collect$$libinit$$00000023          0x000003fe   Section        0  libinit2.o(.ARM.Collect$$libinit$$00000023)
    .ARM.Collect$$libinit$$00000025          0x000003fe   Section        0  libinit2.o(.ARM.Collect$$libinit$$00000025)
    .ARM.Collect$$libinit$$0000002C          0x000003fe   Section        0  libinit2.o(.ARM.Collect$$libinit$$0000002C)
    .ARM.Collect$$libinit$$0000002E          0x000003fe   Section        0  libinit2.o(.ARM.Collect$$libinit$$0000002E)
    .ARM.Collect$$libinit$$00000030          0x000003fe   Section        0  libinit2.o(.ARM.Collect$$libinit$$00000030)
    .ARM.Collect$$libinit$$00000032          0x000003fe   Section        0  libinit2.o(.ARM.Collect$$libinit$$00000032)
    .ARM.Collect$$libinit$$00000033          0x000003fe   Section       12  libinit2.o(.ARM.Collect$$libinit$$00000033)
    .ARM.Collect$$libshutdown$$00000000      0x00000414   Section        4  libshutdown.o(.ARM.Collect$$libshutdown$$00000000)
    .ARM.Collect$$libshutdown$$00000002      0x00000418   Section        0  libshutdown2.o(.ARM.Collect$$libshutdown$$00000002)
    .ARM.Collect$$libshutdown$$00000004      0x00000418   Section        0  libshutdown2.o(.ARM.Collect$$libshutdown$$00000004)
    .ARM.Collect$$libshutdown$$00000007      0x00000418   Section        0  libshutdown2.o(.ARM.Collect$$libshutdown$$00000007)
    .ARM.Collect$$libshutdown$$0000000A      0x00000418   Section        0  libshutdown2.o(.ARM.Collect$$libshutdown$$0000000A)
    .ARM.Collect$$libshutdown$$0000000C      0x00000418   Section        0  libshutdown2.o(.ARM.Collect$$libshutdown$$0000000C)
    .ARM.Collect$$libshutdown$$0000000F      0x00000418   Section        0  libshutdown2.o(.ARM.Collect$$libshutdown$$0000000F)
    .ARM.Collect$$libshutdown$$00000010      0x00000418   Section        6  libshutdown2.o(.ARM.Collect$$libshutdown$$00000010)
    .ARM.Collect$$rtentry$$00000000          0x00000420   Section        0  __rtentry.o(.ARM.Collect$$rtentry$$00000000)
    .ARM.Collect$$rtentry$$00000002          0x00000420   Section        0  __rtentry2.o(.ARM.Collect$$rtentry$$00000002)
    .ARM.Collect$$rtentry$$00000004          0x00000420   Section        8  __rtentry4.o(.ARM.Collect$$rtentry$$00000004)
    .ARM.Collect$$rtentry$$00000009          0x00000428   Section        0  __rtentry2.o(.ARM.Collect$$rtentry$$00000009)
    .ARM.Collect$$rtentry$$0000000A          0x00000428   Section        4  __rtentry2.o(.ARM.Collect$$rtentry$$0000000A)
    .ARM.Collect$$rtentry$$0000000C          0x0000042c   Section        0  __rtentry2.o(.ARM.Collect$$rtentry$$0000000C)
    .ARM.Collect$$rtentry$$0000000D          0x0000042c   Section       40  __rtentry2.o(.ARM.Collect$$rtentry$$0000000D)
    .ARM.Collect$$rtexit$$00000000           0x00000458   Section        4  rtexit.o(.ARM.Collect$$rtexit$$00000000)
    .ARM.Collect$$rtexit$$00000002           0x0000045c   Section        0  rtexit2.o(.ARM.Collect$$rtexit$$00000002)
    .ARM.Collect$$rtexit$$00000003           0x0000045c   Section        4  rtexit2.o(.ARM.Collect$$rtexit$$00000003)
    .ARM.Collect$$rtexit$$00000004           0x00000460   Section        8  rtexit2.o(.ARM.Collect$$rtexit$$00000004)
    .emb_text                                0x00000468   Section        0  maybetermalloc1.o(.emb_text)
    .text                                    0x00000468   Section       36  lpc2400.o(.text)
    .text                                    0x0000048c   Section        0  main.o(.text)
    prvSetupHardware                         0x000004c5   Thumb Code    78  main.o(.text)
    .text                                    0x0000052c   Section        0  console.o(.text)
    vConsoleTask                             0x0000052d   Thumb Code    86  console.o(.text)
    .text                                    0x000005f0   Section        0  retarget.o(.text)
    .text                                    0x00000660   Section        0  serial.o(.text)
    .text                                    0x00000814   Section      148  serialisr.o(.text)
    .text                                    0x000008a8   Section        0  lcd.o(.text)
    vLcdTask                                 0x00000955   Thumb Code  1556  lcd.o(.text)
    .text                                    0x0000103c   Section      148  lcdisr.o(.text)
    .text                                    0x000010d0   Section        0  ui.o(.text)
    .text                                    0x000014dc   Section        0  sensors.o(.text)
    vSensorsTask                             0x00001545   Thumb Code   140  sensors.o(.text)
    .text                                    0x000016a4   Section        0  ledlights.o(.text)
    vLightsTask                              0x00001759   Thumb Code   326  ledlights.o(.text)
    .text                                    0x00001994   Section        0  list.o(.text)
    .text                                    0x00001a1e   Section        0  queue.o(.text)
    prvUnlockQueue                           0x00001abf   Thumb Code   120  queue.o(.text)
    prvCopyDataToQueue                       0x00001b37   Thumb Code    92  queue.o(.text)
    prvCopyDataFromQueue                     0x00001d0b   Thumb Code    38  queue.o(.text)
    prvIsQueueEmpty                          0x00001f1d   Thumb Code    28  queue.o(.text)
    .text                                    0x00001f38   Section        0  tasks.o(.text)
    prvAddNewTaskToReadyList                 0x00001f39   Thumb Code   180  tasks.o(.text)
    prvAddCurrentTaskToDelayedList           0x000021eb   Thumb Code    80  tasks.o(.text)
    prvIdleTask                              0x000024ab   Thumb Code    18  tasks.o(.text)
    prvInitialiseNewTask                     0x00002937   Thumb Code   110  tasks.o(.text)
    prvResetNextTaskUnblockTime              0x000029a5   Thumb Code    28  tasks.o(.text)
    prvDeleteTCB                             0x000029c1   Thumb Code    18  tasks.o(.text)
    prvTaskIsTaskSuspended                   0x000029d3   Thumb Code    32  tasks.o(.text)
    prvCheckTasksWaitingTermination          0x000029f3   Thumb Code    74  tasks.o(.text)
    .text                                    0x00002a44   Section        0  port.o(.text)
    .text                                    0x00002b74   Section        0  heap_3.o(.text)
    .text                                    0x00002ba8   Section        0  timers.o(.text)
    prvInsertTimerInActiveList               0x00002ba9   Thumb Code    56  timers.o(.text)
    prvTimerTask                             0x00002c29   Thumb Code    32  timers.o(.text)
    prvCheckForValidListAndQueue             0x00002c49   Thumb Code    58  timers.o(.text)
    prvProcessReceivedCommands               0x00002d45   Thumb Code   156  timers.o(.text)
    prvProcessTimerOrBlockTask               0x00002de1   Thumb Code   146  timers.o(.text)
    prvSampleTimeNow                         0x00002e73   Thumb Code    36  timers.o(.text)
    prvSwitchTimerLists                      0x00002e97   Thumb Code    90  timers.o(.text)
    .text                                    0x00002f04   Section        0  lcd_grph.o(.text)
    hLine                                    0x00003553   Thumb Code    44  lcd_grph.o(.text)
    vLine                                    0x0000357f   Thumb Code    42  lcd_grph.o(.text)
    .text                                    0x000035b4   Section        0  lcd_hw.o(.text)
    sendSpi                                  0x000035c1   Thumb Code    42  lcd_hw.o(.text)
    .text                                    0x00003c54   Section        4  use_no_semi.o(.text)
    .text                                    0x00003c58   Section        0  h1_alloc.o(.text)
    .text                                    0x00003cc6   Section        0  h1_free.o(.text)
    .text                                    0x00003d1c   Section        0  noretval__2printf.o(.text)
    .text                                    0x00003d38   Section        0  __printf.o(.text)
    .text                                    0x00003db8   Section        0  _printf_dec.o(.text)
    .text                                    0x00003e28   Section        0  strcpy.o(.text)
    .text                                    0x00003e78   Section        0  strlen.o(.text)
    .text                                    0x00003ec0   Section      212  rt_memcpy.o(.text)
    .text                                    0x00003f98   Section      100  rt_memcpy_w.o(.text)
    .text                                    0x00003ffc   Section      384  aeabi_sdiv.o(.text)
    __arm_div8                               0x00004028   ARM Code       0  aeabi_sdiv.o(.text)
    __arm_div5                               0x0000404c   ARM Code       0  aeabi_sdiv.o(.text)
    __arm_div2                               0x00004070   ARM Code       0  aeabi_sdiv.o(.text)
    __arm_div_large                          0x000040ac   ARM Code       0  aeabi_sdiv.o(.text)
    .text                                    0x0000417c   Section        0  heapauxi.o(.text)
    .text                                    0x00004188   Section       12  rt_heap_descriptor_intlibspace.o(.text)
    .text                                    0x00004194   Section        0  hguard.o(.text)
    .text                                    0x00004198   Section        0  init_alloc.o(.text)
    .text                                    0x0000422c   Section        0  h1_init.o(.text)
    .text                                    0x0000423a   Section        0  _printf_intcommon.o(.text)
    .text                                    0x000042f4   Section        0  _printf_char_file.o(.text)
    .text                                    0x00004324   Section       44  rtudiv10.o(.text)
    .text                                    0x00004350   Section       12  libspace.o(.text)
    .text                                    0x0000435c   Section        0  h1_extend.o(.text)
    .text                                    0x00004394   Section        0  _printf_char_common.o(.text)
    _printf_input_char                       0x00004395   Thumb Code    10  _printf_char_common.o(.text)
    .text                                    0x000043c4   Section        0  defsig_rtmem_outer.o(.text)
    .text                                    0x000043d4   Section       96  sys_stackheap_outer.o(.text)
    .text                                    0x00004434   Section        0  exit.o(.text)
    .text                                    0x00004448   Section        0  defsig_exit.o(.text)
    .text                                    0x00004458   Section        0  defsig_rtmem_inner.o(.text)
    .text                                    0x000044ac   Section        0  defsig_general.o(.text)
    .text_udiv                               0x000044e8   Section       36  aeabi_sdiv.o(.text_udiv)
    PORT_ASM                                 0x00004510   Section      392  portasm.o(PORT_ASM)
    i.__ARM_common_call_via_r1               0x000046a0   Section        0  timers.o(i.__ARM_common_call_via_r1)
    i.__ARM_common_call_via_r2               0x000046a2   Section        0  __printf.o(i.__ARM_common_call_via_r2)
    i.__ARM_common_disable_irq               0x000046a8   Section        0  tasks.o(i.__ARM_common_disable_irq)
    i.__ARM_common_enable_irq                0x000046c0   Section        0  port.o(i.__ARM_common_enable_irq)
    i.__ARM_common_switch8                   0x000046d4   Section        0  lcd.o(i.__ARM_common_switch8)
    .constdata                               0x000046ec   Section      836  ui.o(.constdata)
    .constdata                               0x00004a30   Section      768  font5x7.o(.constdata)
    .constdata                               0x00004d30   Section        8  lcd_grph.o(.constdata)
    font_mask                                0x00004d30   Data           8  lcd_grph.o(.constdata)
    .conststring                             0x00004d38   Section       10  console.o(.conststring)
    .data                                    0xa0000000   Section        8  console.o(.data)
    xPort                                    0xa0000004   Data           4  console.o(.data)
    .data                                    0xa0000008   Section        4  retarget.o(.data)
    .data                                    0xa000000c   Section       12  serial.o(.data)
    xRxedChars                               0xa000000c   Data           4  serial.o(.data)
    xCharsForTx                              0xa0000010   Data           4  serial.o(.data)
    lTHREEmpty                               0xa0000014   Data           4  serial.o(.data)
    .data                                    0xa0000018   Section       28  lcd.o(.data)
    .data                                    0xa0000034   Section        4  sensors.o(.data)
    .data                                    0xa0000038   Section        8  ledlights.o(.data)
    xCmdQ                                    0xa0000038   Data           4  ledlights.o(.data)
    .data                                    0xa0000040   Section       60  tasks.o(.data)
    uxDeletedTasksWaitingCleanUp             0xa0000044   Data           4  tasks.o(.data)
    uxCurrentNumberOfTasks                   0xa0000048   Data           4  tasks.o(.data)
    xTickCount                               0xa000004c   Data           4  tasks.o(.data)
    uxTopReadyPriority                       0xa0000050   Data           4  tasks.o(.data)
    xSchedulerRunning                        0xa0000054   Data           4  tasks.o(.data)
    uxPendedTicks                            0xa0000058   Data           4  tasks.o(.data)
    xYieldPending                            0xa000005c   Data           4  tasks.o(.data)
    xNumOfOverflows                          0xa0000060   Data           4  tasks.o(.data)
    uxTaskNumber                             0xa0000064   Data           4  tasks.o(.data)
    xNextTaskUnblockTime                     0xa0000068   Data           4  tasks.o(.data)
    xIdleTaskHandle                          0xa000006c   Data           4  tasks.o(.data)
    uxSchedulerSuspended                     0xa0000070   Data           4  tasks.o(.data)
    pxDelayedTaskList                        0xa0000074   Data           4  tasks.o(.data)
    pxOverflowDelayedTaskList                0xa0000078   Data           4  tasks.o(.data)
    .data                                    0xa000007c   Section        4  port.o(.data)
    .data                                    0xa0000080   Section       20  timers.o(.data)
    xTimerQueue                              0xa0000080   Data           4  timers.o(.data)
    xTimerTaskHandle                         0xa0000084   Data           4  timers.o(.data)
    xLastTime                                0xa0000088   Data           4  timers.o(.data)
    pxCurrentTimerList                       0xa000008c   Data           4  timers.o(.data)
    pxOverflowTimerList                      0xa0000090   Data           4  timers.o(.data)
    .data                                    0xa0000094   Section        4  lcd_grph.o(.data)
    foregroundColor                          0xa0000094   Data           2  lcd_grph.o(.data)
    backgroundColor                          0xa0000096   Data           2  lcd_grph.o(.data)
    .data                                    0xa0000098   Section        1  lcd_hw.o(.data)
    .bss                                     0xa000009c   Section       60  lcd.o(.bss)
    buttonController                         0xa000009c   Data          60  lcd.o(.bss)
    .bss                                     0xa00000d8   Section      852  ui.o(.bss)
    .bss                                     0xa000042c   Section      180  tasks.o(.bss)
    pxReadyTasksLists                        0xa000042c   Data          80  tasks.o(.bss)
    xDelayedTaskList1                        0xa000047c   Data          20  tasks.o(.bss)
    xDelayedTaskList2                        0xa0000490   Data          20  tasks.o(.bss)
    xPendingReadyList                        0xa00004a4   Data          20  tasks.o(.bss)
    xTasksWaitingTermination                 0xa00004b8   Data          20  tasks.o(.bss)
    xSuspendedTaskList                       0xa00004cc   Data          20  tasks.o(.bss)
    .bss                                     0xa00004e0   Section       40  timers.o(.bss)
    xActiveTimerList1                        0xa00004e0   Data          20  timers.o(.bss)
    xActiveTimerList2                        0xa00004f4   Data          20  timers.o(.bss)
    .bss                                     0xa0000508   Section       96  libspace.o(.bss)
    HEAP                                     0xa0000568   Section    4194304  lpc2400.o(HEAP)
    Heap_Mem                                 0xa0000568   Data       4194304  lpc2400.o(HEAP)
    STACK                                    0xa0400568   Section     4880  lpc2400.o(STACK)
    Stack_Mem                                0xa0400568   Data        4880  lpc2400.o(STACK)
    Stack_Top                                0xa0401878   Data           0  lpc2400.o(STACK)

    Global Symbols

    Symbol Name                              Value     Ov Type        Size  Object(Section)

    BuildAttributes$$THM_ISAv1$ARM_ISAv4$S$PE$A:L22$X:L11$S22$IEEE1$IW$USESV6$~STKCKD$USESV7$~SHL$OTIME$ROPI$EBA8$UX$STANDARDLIB$REQ8$PRES8$EABIv2 0x00000000   Number         0  anon$$obj.o ABSOLUTE
    __ARM_use_no_argv                        0x00000000   Number         0  main.o ABSOLUTE
    __ARM_exceptions_init                     - Undefined Weak Reference
    __alloca_initialize                       - Undefined Weak Reference
    __arm_preinit_                            - Undefined Weak Reference
    __cpp_initialize__aeabi_                  - Undefined Weak Reference
    __cxa_finalize                            - Undefined Weak Reference
    __rt_locale                               - Undefined Weak Reference
    __sigvec_lookup                           - Undefined Weak Reference
    __user_heap_extent                        - Undefined Weak Reference
    _atexit_init                              - Undefined Weak Reference
    _call_atexit_fns                          - Undefined Weak Reference
    _clock_init                               - Undefined Weak Reference
    _fp_trap_init                             - Undefined Weak Reference
    _fp_trap_shutdown                         - Undefined Weak Reference
    _get_lc_collate                           - Undefined Weak Reference
    _get_lc_ctype                             - Undefined Weak Reference
    _get_lc_monetary                          - Undefined Weak Reference
    _get_lc_numeric                           - Undefined Weak Reference
    _get_lc_time                              - Undefined Weak Reference
    _getenv_init                              - Undefined Weak Reference
    _handle_redirection                       - Undefined Weak Reference
    _initio                                   - Undefined Weak Reference
    _mutex_acquire                            - Undefined Weak Reference
    _mutex_free                               - Undefined Weak Reference
    _mutex_release                            - Undefined Weak Reference
    _printf_post_padding                      - Undefined Weak Reference
    _printf_pre_padding                       - Undefined Weak Reference
    _printf_truncate_signed                   - Undefined Weak Reference
    _printf_truncate_unsigned                 - Undefined Weak Reference
    _rand_init                                - Undefined Weak Reference
    _signal_finish                            - Undefined Weak Reference
    _signal_init                              - Undefined Weak Reference
    _terminateio                              - Undefined Weak Reference
    Reset_Handler                            0x00000058   ARM Code       0  lpc2400.o(RESET)
    __main                                   0x00000340   ARM Code       8  __main.o(!!!main)
    __scatterload                            0x00000348   ARM Code       0  __scatter.o(!!!scatter)
    __scatterload_rt2                        0x00000348   ARM Code      52  __scatter.o(!!!scatter)
    __scatterload_null                       0x0000035c   ARM Code       0  __scatter.o(!!!scatter)
    __scatterload_copy                       0x00000384   ARM Code      40  __scatter_copy.o(!!handler_copy)
    __scatterload_zeroinit                   0x000003ac   ARM Code      44  __scatter_zi.o(!!handler_zi)
    Inline Thumb to ARM Veneer to _printf_percent 0x000003d9   Thumb Code     4  _printf_percent.o(.ARM.Collect$$_printf_percent$$00000000)
    _printf_percent                          0x000003dc   ARM Code       0  _printf_percent.o(.ARM.Collect$$_printf_percent$$00000000)
    _printf_u                                0x000003dc   ARM Code       0  _printf_u.o(.ARM.Collect$$_printf_percent$$0000000A)
    _printf_percent_end                      0x000003e4   ARM Code       0  _printf_percent_end.o(.ARM.Collect$$_printf_percent$$00000017)
    Inline ARM to Thumb Veneer to __rt_lib_init 0x000003ec   ARM Code       8  libinit.o(.ARM.Collect$$libinit$$00000000)
    __rt_lib_init                            0x000003f5   Thumb Code     0  libinit.o(.ARM.Collect$$libinit$$00000000)
    __rt_lib_init_fp_1                       0x000003f7   Thumb Code     0  libinit2.o(.ARM.Collect$$libinit$$00000002)
    __rt_lib_init_heap_2                     0x000003f7   Thumb Code     0  libinit2.o(.ARM.Collect$$libinit$$00000005)
    __rt_lib_init_preinit_1                  0x000003f7   Thumb Code     0  libinit2.o(.ARM.Collect$$libinit$$00000004)
    __rt_lib_init_alloca_1                   0x000003ff   Thumb Code     0  libinit2.o(.ARM.Collect$$libinit$$0000002E)
    __rt_lib_init_argv_1                     0x000003ff   Thumb Code     0  libinit2.o(.ARM.Collect$$libinit$$0000002C)
    __rt_lib_init_atexit_1                   0x000003ff   Thumb Code     0  libinit2.o(.ARM.Collect$$libinit$$0000001B)
    __rt_lib_init_clock_1                    0x000003ff   Thumb Code     0  libinit2.o(.ARM.Collect$$libinit$$00000021)
    __rt_lib_init_cpp_1                      0x000003ff   Thumb Code     0  libinit2.o(.ARM.Collect$$libinit$$00000032)
    __rt_lib_init_exceptions_1               0x000003ff   Thumb Code     0  libinit2.o(.ARM.Collect$$libinit$$00000030)
    __rt_lib_init_fp_trap_1                  0x000003ff   Thumb Code     0  libinit2.o(.ARM.Collect$$libinit$$0000001F)
    __rt_lib_init_getenv_1                   0x000003ff   Thumb Code     0  libinit2.o(.ARM.Collect$$libinit$$00000023)
    __rt_lib_init_heap_1                     0x000003ff   Thumb Code     0  libinit2.o(.ARM.Collect$$libinit$$0000000A)
    __rt_lib_init_lc_collate_1               0x000003ff   Thumb Code     0  libinit2.o(.ARM.Collect$$libinit$$00000011)
    __rt_lib_init_lc_ctype_1                 0x000003ff   Thumb Code     0  libinit2.o(.ARM.Collect$$libinit$$00000013)
    __rt_lib_init_lc_monetary_1              0x000003ff   Thumb Code     0  libinit2.o(.ARM.Collect$$libinit$$00000015)
    __rt_lib_init_lc_numeric_1               0x000003ff   Thumb Code     0  libinit2.o(.ARM.Collect$$libinit$$00000017)
    __rt_lib_init_lc_time_1                  0x000003ff   Thumb Code     0  libinit2.o(.ARM.Collect$$libinit$$00000019)
    __rt_lib_init_rand_1                     0x000003ff   Thumb Code     0  libinit2.o(.ARM.Collect$$libinit$$0000000E)
    __rt_lib_init_return                     0x000003ff   Thumb Code     0  libinit2.o(.ARM.Collect$$libinit$$00000033)
    __rt_lib_init_signal_1                   0x000003ff   Thumb Code     0  libinit2.o(.ARM.Collect$$libinit$$0000001D)
    __rt_lib_init_stdio_1                    0x000003ff   Thumb Code     0  libinit2.o(.ARM.Collect$$libinit$$00000025)
    __rt_lib_init_user_alloc_1               0x000003ff   Thumb Code     0  libinit2.o(.ARM.Collect$$libinit$$0000000C)
    Inline ARM to Thumb Veneer to __rt_lib_shutdown 0x0000040c   ARM Code       8  libshutdown.o(.ARM.Collect$$libshutdown$$00000000)
    __rt_lib_shutdown                        0x00000415   Thumb Code     0  libshutdown.o(.ARM.Collect$$libshutdown$$00000000)
    __rt_lib_shutdown_cpp_1                  0x00000419   Thumb Code     0  libshutdown2.o(.ARM.Collect$$libshutdown$$00000002)
    __rt_lib_shutdown_fp_trap_1              0x00000419   Thumb Code     0  libshutdown2.o(.ARM.Collect$$libshutdown$$00000007)
    __rt_lib_shutdown_heap_1                 0x00000419   Thumb Code     0  libshutdown2.o(.ARM.Collect$$libshutdown$$0000000F)
    __rt_lib_shutdown_return                 0x00000419   Thumb Code     0  libshutdown2.o(.ARM.Collect$$libshutdown$$00000010)
    __rt_lib_shutdown_signal_1               0x00000419   Thumb Code     0  libshutdown2.o(.ARM.Collect$$libshutdown$$0000000A)
    __rt_lib_shutdown_stdio_1                0x00000419   Thumb Code     0  libshutdown2.o(.ARM.Collect$$libshutdown$$00000004)
    __rt_lib_shutdown_user_alloc_1           0x00000419   Thumb Code     0  libshutdown2.o(.ARM.Collect$$libshutdown$$0000000C)
    __rt_entry                               0x00000420   ARM Code       0  __rtentry.o(.ARM.Collect$$rtentry$$00000000)
    __rt_entry_presh_1                       0x00000420   ARM Code       0  __rtentry2.o(.ARM.Collect$$rtentry$$00000002)
    __rt_entry_sh                            0x00000420   ARM Code       0  __rtentry4.o(.ARM.Collect$$rtentry$$00000004)
    __rt_entry_li                            0x00000428   ARM Code       0  __rtentry2.o(.ARM.Collect$$rtentry$$0000000A)
    __rt_entry_postsh_1                      0x00000428   ARM Code       0  __rtentry2.o(.ARM.Collect$$rtentry$$00000009)
    __rt_entry_main                          0x0000042c   ARM Code       0  __rtentry2.o(.ARM.Collect$$rtentry$$0000000D)
    __rt_entry_postli_1                      0x0000042c   ARM Code       0  __rtentry2.o(.ARM.Collect$$rtentry$$0000000C)
    Inline Thumb to ARM Veneer to __rt_exit  0x00000455   Thumb Code     4  rtexit.o(.ARM.Collect$$rtexit$$00000000)
    __rt_exit                                0x00000458   ARM Code       0  rtexit.o(.ARM.Collect$$rtexit$$00000000)
    __rt_exit_ls                             0x0000045c   ARM Code       0  rtexit2.o(.ARM.Collect$$rtexit$$00000003)
    __rt_exit_prels_1                        0x0000045c   ARM Code       0  rtexit2.o(.ARM.Collect$$rtexit$$00000002)
    __rt_exit_exit                           0x00000460   ARM Code       0  rtexit2.o(.ARM.Collect$$rtexit$$00000004)
    __user_initial_stackheap                 0x00000468   ARM Code       0  lpc2400.o(.text)
    _maybe_terminate_alloc                   0x00000469   Thumb Code     0  maybetermalloc1.o(.emb_text)
    main                                     0x0000048d   Thumb Code    56  main.o(.text)
    vStartConsole                            0x00000583   Thumb Code    50  console.o(.text)
    xConsolePortHandle                       0x000005b5   Thumb Code     6  console.o(.text)
    Inline ARM to Thumb Veneer to _sys_exit  0x000005e8   ARM Code       8  retarget.o(.text)
    fputc                                    0x000005f1   Thumb Code    28  retarget.o(.text)
    fgetc                                    0x0000060d   Thumb Code    52  retarget.o(.text)
    ferror                                   0x00000641   Thumb Code     6  retarget.o(.text)
    _ttywrch                                 0x00000647   Thumb Code    22  retarget.o(.text)
    _sys_exit                                0x0000065d   Thumb Code     2  retarget.o(.text)
    xSerialPortInitMinimal                   0x00000661   Thumb Code   146  serial.o(.text)
    xSerialGetChar                           0x000006f3   Thumb Code    24  serial.o(.text)
    xSerialPutChar                           0x0000070b   Thumb Code    90  serial.o(.text)
    vSerialPutString                         0x00000765   Thumb Code    34  serial.o(.text)
    vUART_ISRHandler                         0x00000787   Thumb Code   116  serial.o(.text)
    vUART_ISREntry                           0x00000814   ARM Code       0  serialisr.o(.text)
    vTimerCallback1                          0x000008a9   Thumb Code    22  lcd.o(.text)
    loading                                  0x000008bf   Thumb Code    86  lcd.o(.text)
    limiter                                  0x00000915   Thumb Code    64  lcd.o(.text)
    vStartLcd                                0x00000f69   Thumb Code    84  lcd.o(.text)
    vLCD_ISRHandler                          0x00000fbd   Thumb Code    42  lcd.o(.text)
    vLCD_ISREntry                            0x0000103c   ARM Code       0  lcdisr.o(.text)
    initialiseButtons                        0x000010d1   Thumb Code   488  ui.o(.text)
    drawDefaultInterface                     0x000012b9   Thumb Code   484  ui.o(.text)
    setButtonController                      0x0000149d   Thumb Code    22  ui.o(.text)
    getButtonController                      0x000014b3   Thumb Code    42  ui.o(.text)
    getButtons                               0x000014dd   Thumb Code   104  sensors.o(.text)
    vStartSensors                            0x000015d1   Thumb Code    84  sensors.o(.text)
    getleds                                  0x000016a5   Thumb Code    74  ledlights.o(.text)
    vTimerCallback                           0x000016ef   Thumb Code    34  ledlights.o(.text)
    brightness                               0x00001711   Thumb Code    72  ledlights.o(.text)
    vStartLights                             0x0000189f   Thumb Code   104  ledlights.o(.text)
    vListInitialise                          0x00001995   Thumb Code    22  list.o(.text)
    vListInitialiseItem                      0x000019ab   Thumb Code     6  list.o(.text)
    vListInsertEnd                           0x000019b1   Thumb Code    24  list.o(.text)
    vListInsert                              0x000019c9   Thumb Code    50  list.o(.text)
    uxListRemove                             0x000019fb   Thumb Code    36  list.o(.text)
    xQueueGenericReset                       0x00001a1f   Thumb Code   104  queue.o(.text)
    xQueueGenericCreate                      0x00001a87   Thumb Code    56  queue.o(.text)
    xQueueGenericSend                        0x00001b93   Thumb Code   228  queue.o(.text)
    xQueueGenericSendFromISR                 0x00001c77   Thumb Code    78  queue.o(.text)
    xQueueGiveFromISR                        0x00001cc5   Thumb Code    70  queue.o(.text)
    xQueueGenericReceive                     0x00001d31   Thumb Code   238  queue.o(.text)
    xQueueReceiveFromISR                     0x00001e1f   Thumb Code    80  queue.o(.text)
    xQueuePeekFromISR                        0x00001e6f   Thumb Code    24  queue.o(.text)
    uxQueueMessagesWaiting                   0x00001e87   Thumb Code    18  queue.o(.text)
    uxQueueSpacesAvailable                   0x00001e99   Thumb Code    22  queue.o(.text)
    uxQueueMessagesWaitingFromISR            0x00001eaf   Thumb Code     4  queue.o(.text)
    vQueueDelete                             0x00001eb3   Thumb Code     8  queue.o(.text)
    xQueueIsQueueEmptyFromISR                0x00001ebb   Thumb Code    14  queue.o(.text)
    xQueueIsQueueFullFromISR                 0x00001ec9   Thumb Code    16  queue.o(.text)
    vQueueWaitForMessageRestricted           0x00001ed9   Thumb Code    68  queue.o(.text)
    xTaskCreate                              0x00001fed   Thumb Code    82  tasks.o(.text)
    vTaskDelete                              0x0000203f   Thumb Code   108  tasks.o(.text)
    xTaskIncrementTick                       0x000020ab   Thumb Code   168  tasks.o(.text)
    xTaskResumeAll                           0x00002153   Thumb Code   152  tasks.o(.text)
    vTaskSuspendAll                          0x0000223b   Thumb Code    10  tasks.o(.text)
    vTaskDelayUntil                          0x00002245   Thumb Code    64  tasks.o(.text)
    vTaskDelay                               0x00002285   Thumb Code    36  tasks.o(.text)
    uxTaskPriorityGet                        0x000022a9   Thumb Code    26  tasks.o(.text)
    uxTaskPriorityGetFromISR                 0x000022c3   Thumb Code    12  tasks.o(.text)
    vTaskPrioritySet                         0x000022cf   Thumb Code   138  tasks.o(.text)
    vTaskSwitchContext                       0x00002359   Thumb Code    72  tasks.o(.text)
    vTaskSuspend                             0x000023a1   Thumb Code   110  tasks.o(.text)
    vTaskResume                              0x0000240f   Thumb Code    78  tasks.o(.text)
    xTaskResumeFromISR                       0x0000245d   Thumb Code    78  tasks.o(.text)
    vTaskStartScheduler                      0x000024bd   Thumb Code    62  tasks.o(.text)
    vTaskEndScheduler                        0x000024fb   Thumb Code    18  tasks.o(.text)
    xTaskGetTickCount                        0x0000250d   Thumb Code    18  tasks.o(.text)
    xTaskGetTickCountFromISR                 0x0000251f   Thumb Code     6  tasks.o(.text)
    uxTaskGetNumberOfTasks                   0x00002525   Thumb Code     6  tasks.o(.text)
    pcTaskGetName                            0x0000252b   Thumb Code    12  tasks.o(.text)
    vTaskPlaceOnEventList                    0x00002537   Thumb Code    24  tasks.o(.text)
    vTaskPlaceOnUnorderedEventList           0x0000254f   Thumb Code    34  tasks.o(.text)
    vTaskPlaceOnEventListRestricted          0x00002571   Thumb Code    34  tasks.o(.text)
    xTaskRemoveFromEventList                 0x00002593   Thumb Code    82  tasks.o(.text)
    xTaskRemoveFromUnorderedEventList        0x000025e5   Thumb Code    68  tasks.o(.text)
    vTaskSetTimeOutState                     0x00002629   Thumb Code    12  tasks.o(.text)
    xTaskCheckForTimeOut                     0x00002635   Thumb Code    66  tasks.o(.text)
    vTaskMissedYield                         0x00002677   Thumb Code     8  tasks.o(.text)
    xTaskGetSchedulerState                   0x0000267f   Thumb Code    26  tasks.o(.text)
    uxTaskResetEventItemValue                0x00002699   Thumb Code    20  tasks.o(.text)
    ulTaskNotifyTake                         0x000026ad   Thumb Code    90  tasks.o(.text)
    xTaskNotifyWait                          0x00002707   Thumb Code   140  tasks.o(.text)
    xTaskGenericNotify                       0x00002793   Thumb Code   134  tasks.o(.text)
    xTaskGenericNotifyFromISR                0x00002819   Thumb Code   146  tasks.o(.text)
    vTaskNotifyGiveFromISR                   0x000028ab   Thumb Code    96  tasks.o(.text)
    xTaskNotifyStateClear                    0x0000290b   Thumb Code    44  tasks.o(.text)
    pxPortInitialiseStack                    0x00002a45   Thumb Code   118  port.o(.text)
    xPortStartScheduler                      0x00002abb   Thumb Code    68  port.o(.text)
    vPortEndScheduler                        0x00002aff   Thumb Code     2  port.o(.text)
    vPortEnterCritical                       0x00002b01   Thumb Code    16  port.o(.text)
    vPortExitCritical                        0x00002b11   Thumb Code    28  port.o(.text)
    pvPortMalloc                             0x00002b75   Thumb Code    28  heap_3.o(.text)
    vPortFree                                0x00002b91   Thumb Code    22  heap_3.o(.text)
    xTimerGenericCommand                     0x00002be1   Thumb Code    72  timers.o(.text)
    xTimerCreateTimerTask                    0x00002c83   Thumb Code    48  timers.o(.text)
    xTimerCreate                             0x00002cb3   Thumb Code    64  timers.o(.text)
    xTimerGetTimerDaemonTaskHandle           0x00002cf3   Thumb Code     6  timers.o(.text)
    xTimerGetPeriod                          0x00002cf9   Thumb Code     4  timers.o(.text)
    xTimerGetExpiryTime                      0x00002cfd   Thumb Code     4  timers.o(.text)
    pcTimerGetName                           0x00002d01   Thumb Code     4  timers.o(.text)
    xTimerIsTimerActive                      0x00002d05   Thumb Code    28  timers.o(.text)
    pvTimerGetTimerID                        0x00002d21   Thumb Code    18  timers.o(.text)
    vTimerSetTimerID                         0x00002d33   Thumb Code    18  timers.o(.text)
    lcd_movePen                              0x00002f05   Thumb Code    76  lcd_grph.o(.text)
    lcd_point                                0x00002f51   Thumb Code    28  lcd_grph.o(.text)
    lcd_setWindow                            0x00002f6d   Thumb Code    84  lcd_grph.o(.text)
    lcd_fillScreen                           0x00002fc1   Thumb Code    66  lcd_grph.o(.text)
    lcd_drawRect                             0x00003003   Thumb Code    64  lcd_grph.o(.text)
    lcd_fillRect                             0x00003043   Thumb Code    86  lcd_grph.o(.text)
    lcd_line                                 0x00003099   Thumb Code   272  lcd_grph.o(.text)
    lcd_circle                               0x000031a9   Thumb Code   644  lcd_grph.o(.text)
    lcd_putChar                              0x0000342d   Thumb Code   128  lcd_grph.o(.text)
    lcd_putString                            0x000034ad   Thumb Code    42  lcd_grph.o(.text)
    lcd_fontColor                            0x000034d7   Thumb Code     8  lcd_grph.o(.text)
    lcd_pictureBegin                         0x000034df   Thumb Code    38  lcd_grph.o(.text)
    lcd_pictureData                          0x00003505   Thumb Code    30  lcd_grph.o(.text)
    lcd_pictureEnd                           0x00003523   Thumb Code    18  lcd_grph.o(.text)
    lcd_picture                              0x00003535   Thumb Code    30  lcd_grph.o(.text)
    mdelay                                   0x000035b5   Thumb Code    12  lcd_hw.o(.text)
    lcd_hw_init                              0x000035eb   Thumb Code   186  lcd_hw.o(.text)
    writeToDisp                              0x000036a5   Thumb Code     8  lcd_hw.o(.text)
    readFromDisp                             0x000036ad   Thumb Code    22  lcd_hw.o(.text)
    writeToReg                               0x000036c3   Thumb Code    26  lcd_hw.o(.text)
    readFromReg                              0x000036dd   Thumb Code    26  lcd_hw.o(.text)
    writeLcdCommand                          0x000036f7   Thumb Code    88  lcd_hw.o(.text)
    lcd_init                                 0x0000374f   Thumb Code  1044  lcd_hw.o(.text)
    getTouch                                 0x00003b63   Thumb Code   192  lcd_hw.o(.text)
    __I$use$semihosting                      0x00003c54   ARM Code       0  use_no_semi.o(.text)
    __use_no_semihosting_swi                 0x00003c54   ARM Code       4  use_no_semi.o(.text)
    malloc                                   0x00003c59   Thumb Code   110  h1_alloc.o(.text)
    free                                     0x00003cc7   Thumb Code    84  h1_free.o(.text)
    __2printf                                0x00003d1d   Thumb Code    22  noretval__2printf.o(.text)
    __printf                                 0x00003d39   Thumb Code   118  __printf.o(.text)
    Inline ARM to Thumb Veneer to _printf_int_dec 0x00003db0   ARM Code       8  _printf_dec.o(.text)
    _printf_int_dec                          0x00003db9   Thumb Code    94  _printf_dec.o(.text)
    strcpy                                   0x00003e29   Thumb Code    74  strcpy.o(.text)
    strlen                                   0x00003e79   Thumb Code    64  strlen.o(.text)
    Inline Thumb to ARM Veneer to __aeabi_memcpy 0x00003ebd   Thumb Code     4  rt_memcpy.o(.text)
    __aeabi_memcpy                           0x00003ec0   ARM Code       0  rt_memcpy.o(.text)
    __rt_memcpy                              0x00003ec0   ARM Code     212  rt_memcpy.o(.text)
    _memcpy_lastbytes                        0x00003f74   ARM Code       0  rt_memcpy.o(.text)
    Inline Thumb to ARM Veneer to __aeabi_memcpy4 0x00003f95   Thumb Code     4  rt_memcpy_w.o(.text)
    __aeabi_memcpy4                          0x00003f98   ARM Code       0  rt_memcpy_w.o(.text)
    __aeabi_memcpy8                          0x00003f98   ARM Code       0  rt_memcpy_w.o(.text)
    __rt_memcpy_w                            0x00003f98   ARM Code     100  rt_memcpy_w.o(.text)
    _memcpy_lastbytes_aligned                0x00003fe4   ARM Code       0  rt_memcpy_w.o(.text)
    __aeabi_idiv                             0x00003ffc   ARM Code       0  aeabi_sdiv.o(.text)
    __aeabi_idivmod                          0x00003ffc   ARM Code     384  aeabi_sdiv.o(.text)
    __use_two_region_memory                  0x0000417d   Thumb Code     2  heapauxi.o(.text)
    __rt_heap_escrow                         0x0000417f   Thumb Code     2  heapauxi.o(.text)
    __rt_heap_expand                         0x00004181   Thumb Code     2  heapauxi.o(.text)
    Inline Thumb to ARM Veneer to __rt_heap_descriptor 0x00004185   Thumb Code     4  rt_heap_descriptor_intlibspace.o(.text)
    __rt_heap_descriptor                     0x00004188   ARM Code      12  rt_heap_descriptor_intlibspace.o(.text)
    __use_no_heap                            0x00004195   Thumb Code     2  hguard.o(.text)
    __heap$guard                             0x00004197   Thumb Code     2  hguard.o(.text)
    _terminate_user_alloc                    0x00004199   Thumb Code     2  init_alloc.o(.text)
    _init_user_alloc                         0x0000419b   Thumb Code     2  init_alloc.o(.text)
    __Heap_Full                              0x0000419d   Thumb Code    36  init_alloc.o(.text)
    __Heap_Broken                            0x000041c1   Thumb Code    14  init_alloc.o(.text)
    _init_alloc                              0x000041cf   Thumb Code    94  init_alloc.o(.text)
    __Heap_Initialize                        0x0000422d   Thumb Code    10  h1_init.o(.text)
    __Heap_DescSize                          0x00004237   Thumb Code     4  h1_init.o(.text)
    _printf_int_common                       0x0000423b   Thumb Code   186  _printf_intcommon.o(.text)
    _printf_char_file                        0x000042f5   Thumb Code    38  _printf_char_file.o(.text)
    Inline Thumb to ARM Veneer to __rt_udiv10 0x00004321   Thumb Code     4  rtudiv10.o(.text)
    __rt_udiv10                              0x00004324   ARM Code      44  rtudiv10.o(.text)
    __user_libspace                          0x00004350   ARM Code      12  libspace.o(.text)
    __user_perproc_libspace                  0x00004350   ARM Code       0  libspace.o(.text)
    __user_perthread_libspace                0x00004350   ARM Code       0  libspace.o(.text)
    __Heap_ProvideMemory                     0x0000435d   Thumb Code    56  h1_extend.o(.text)
    _printf_char_common                      0x0000439f   Thumb Code    34  _printf_char_common.o(.text)
    __rt_SIGRTMEM                            0x000043c5   Thumb Code    16  defsig_rtmem_outer.o(.text)
    __user_setup_stackheap                   0x000043d4   ARM Code      96  sys_stackheap_outer.o(.text)
    exit                                     0x00004435   Thumb Code    20  exit.o(.text)
    __sig_exit                               0x00004449   Thumb Code    16  defsig_exit.o(.text)
    __rt_SIGRTMEM_inner                      0x00004459   Thumb Code    26  defsig_rtmem_inner.o(.text)
    __default_signal_display                 0x000044ad   Thumb Code    56  defsig_general.o(.text)
    Inline Thumb to ARM Veneer to __aeabi_uidivmod 0x000044e5   Thumb Code     4  aeabi_sdiv.o(.text_udiv)
    __aeabi_uidiv                            0x000044e8   ARM Code       0  aeabi_sdiv.o(.text_udiv)
    __aeabi_uidivmod                         0x000044e8   ARM Code      36  aeabi_sdiv.o(.text_udiv)
    Inline Thumb to ARM Veneer to vPortStartFirstTask 0x0000450d   Thumb Code     4  portasm.o(PORT_ASM)
    vPortStartFirstTask                      0x00004510   ARM Code       0  portasm.o(PORT_ASM)
    vPortYield                               0x00004540   ARM Code       0  portasm.o(PORT_ASM)
    vPortYieldProcessor                      0x00004548   ARM Code       0  portasm.o(PORT_ASM)
    vPreemptiveTick                          0x000045d4   ARM Code       0  portasm.o(PORT_ASM)
    Short Thumb to ARM Veneer to vPortYield  0x00004699   Thumb Code     8  anon$$obj.o(Veneer$$Code)
    __ARM_common_call_via_r1                 0x000046a1   Thumb Code     2  timers.o(i.__ARM_common_call_via_r1)
    __ARM_common_call_via_r2                 0x000046a3   Thumb Code     2  __printf.o(i.__ARM_common_call_via_r2)
    Inline Thumb to ARM Veneer to __ARM_common_disable_irq 0x000046a5   Thumb Code     4  tasks.o(i.__ARM_common_disable_irq)
    __ARM_common_disable_irq                 0x000046a8   ARM Code      20  tasks.o(i.__ARM_common_disable_irq)
    Inline Thumb to ARM Veneer to __ARM_common_enable_irq 0x000046bd   Thumb Code     4  port.o(i.__ARM_common_enable_irq)
    __ARM_common_enable_irq                  0x000046c0   ARM Code      16  port.o(i.__ARM_common_enable_irq)
    Inline Thumb to ARM Veneer to __ARM_common_switch8 0x000046d1   Thumb Code     4  lcd.o(i.__ARM_common_switch8)
    __ARM_common_switch8                     0x000046d4   ARM Code      24  lcd.o(i.__ARM_common_switch8)
    font5x7                                  0x00004a30   Data         768  font5x7.o(.constdata)
    Region$$Table$$Base                      0x00004d44   Number         0  anon$$obj.o(Region$$Table)
    Region$$Table$$Limit                     0x00004d64   Number         0  anon$$obj.o(Region$$Table)
    pcPrompt                                 0xa0000000   Data           4  console.o(.data)
    __stdout                                 0xa0000008   Data           4  retarget.o(.data)
    x0                                       0xa0000018   Data           4  lcd.o(.data)
    y0                                       0xa000001c   Data           4  lcd.o(.data)
    x1                                       0xa0000020   Data           4  lcd.o(.data)
    y1                                       0xa0000024   Data           4  lcd.o(.data)
    xLcdSemphr                               0xa0000028   Data           4  lcd.o(.data)
    localQueue                               0xa000002c   Data           4  lcd.o(.data)
    timer                                    0xa0000030   Data           4  lcd.o(.data)
    localQueueMain                           0xa0000034   Data           4  sensors.o(.data)
    lightTimer                               0xa000003c   Data           4  ledlights.o(.data)
    pxCurrentTCB                             0xa0000040   Data           4  tasks.o(.data)
    ulCriticalNesting                        0xa000007c   Data           4  port.o(.data)
    activeController                         0xa0000098   Data           1  lcd_hw.o(.data)
    buttonController                         0xa00000d8   Data          60  ui.o(.bss)
    presets                                  0xa0000114   Data          88  ui.o(.bss)
    dimmers                                  0xa000016c   Data         176  ui.o(.bss)
    adjusters                                0xa000021c   Data         352  ui.o(.bss)
    adjusterReading                          0xa000037c   Data         176  ui.o(.bss)
    __libspace_start                         0xa0000508   Data          96  libspace.o(.bss)
    __temporary_stack_top$libspace           0xa0000568   Data           0  libspace.o(.bss)



==============================================================================

Memory Map of the image

  Image Entry point : 0x00000340

  Load Region LR_IROM1 (Base: 0x00000000, Size: 0x00004e00, Max: 0x00080000, ABSOLUTE)

    Execution Region ER_IROM1 (Base: 0x00000000, Size: 0x00004d64, Max: 0x00080000, ABSOLUTE)

    Base Addr    Size         Type   Attr      Idx    E Section Name        Object

    0x00000000   0x00000340   Code   RO            3    RESET               lpc2400.o
    0x00000340   0x00000008   Code   RO          117  * !!!main             c_t.l(__main.o)
    0x00000348   0x0000003c   Code   RO          275    !!!scatter          c_t.l(__scatter.o)
    0x00000384   0x00000028   Code   RO          276    !!handler_copy      c_t.l(__scatter_copy.o)
    0x000003ac   0x0000002c   Code   RO          277    !!handler_zi        c_t.l(__scatter_zi.o)
    0x000003d8   0x00000004   Ven    RO          103    .ARM.Collect$$_printf_percent$$00000000  c_t.l(_printf_percent.o)
    0x000003dc   0x00000000   Code   RO          103    .ARM.Collect$$_printf_percent$$00000000  c_t.l(_printf_percent.o)
    0x000003dc   0x00000008   Code   RO          102    .ARM.Collect$$_printf_percent$$0000000A  c_t.l(_printf_u.o)
    0x000003e4   0x00000008   Code   RO          137    .ARM.Collect$$_printf_percent$$00000017  c_t.l(_printf_percent_end.o)
    0x000003ec   0x00000008   Ven    RO          232    .ARM.Collect$$libinit$$00000000  c_t.l(libinit.o)
    0x000003f4   0x00000002   Code   RO          232    .ARM.Collect$$libinit$$00000000  c_t.l(libinit.o)
    0x000003f6   0x00000000   Code   RO          141    .ARM.Collect$$libinit$$00000002  c_t.l(libinit2.o)
    0x000003f6   0x00000000   Code   RO          143    .ARM.Collect$$libinit$$00000004  c_t.l(libinit2.o)
    0x000003f6   0x00000008   Code   RO          144    .ARM.Collect$$libinit$$00000005  c_t.l(libinit2.o)
    0x000003fe   0x00000000   Code   RO          146    .ARM.Collect$$libinit$$0000000A  c_t.l(libinit2.o)
    0x000003fe   0x00000000   Code   RO          148    .ARM.Collect$$libinit$$0000000C  c_t.l(libinit2.o)
    0x000003fe   0x00000000   Code   RO          150    .ARM.Collect$$libinit$$0000000E  c_t.l(libinit2.o)
    0x000003fe   0x00000000   Code   RO          153    .ARM.Collect$$libinit$$00000011  c_t.l(libinit2.o)
    0x000003fe   0x00000000   Code   RO          155    .ARM.Collect$$libinit$$00000013  c_t.l(libinit2.o)
    0x000003fe   0x00000000   Code   RO          157    .ARM.Collect$$libinit$$00000015  c_t.l(libinit2.o)
    0x000003fe   0x00000000   Code   RO          159    .ARM.Collect$$libinit$$00000017  c_t.l(libinit2.o)
    0x000003fe   0x00000000   Code   RO          161    .ARM.Collect$$libinit$$00000019  c_t.l(libinit2.o)
    0x000003fe   0x00000000   Code   RO          163    .ARM.Collect$$libinit$$0000001B  c_t.l(libinit2.o)
    0x000003fe   0x00000000   Code   RO          165    .ARM.Collect$$libinit$$0000001D  c_t.l(libinit2.o)
    0x000003fe   0x00000000   Code   RO          167    .ARM.Collect$$libinit$$0000001F  c_t.l(libinit2.o)
    0x000003fe   0x00000000   Code   RO          169    .ARM.Collect$$libinit$$00000021  c_t.l(libinit2.o)
    0x000003fe   0x00000000   Code   RO          171    .ARM.Collect$$libinit$$00000023  c_t.l(libinit2.o)
    0x000003fe   0x00000000   Code   RO          173    .ARM.Collect$$libinit$$00000025  c_t.l(libinit2.o)
    0x000003fe   0x00000000   Code   RO          177    .ARM.Collect$$libinit$$0000002C  c_t.l(libinit2.o)
    0x000003fe   0x00000000   Code   RO          179    .ARM.Collect$$libinit$$0000002E  c_t.l(libinit2.o)
    0x000003fe   0x00000000   Code   RO          181    .ARM.Collect$$libinit$$00000030  c_t.l(libinit2.o)
    0x000003fe   0x00000000   Code   RO          183    .ARM.Collect$$libinit$$00000032  c_t.l(libinit2.o)
    0x000003fe   0x0000000c   Code   RO          184    .ARM.Collect$$libinit$$00000033  c_t.l(libinit2.o)
    0x0000040a   0x00000002   PAD
    0x0000040c   0x00000008   Ven    RO          272    .ARM.Collect$$libshutdown$$00000000  c_t.l(libshutdown.o)
    0x00000414   0x00000004   Code   RO          272    .ARM.Collect$$libshutdown$$00000000  c_t.l(libshutdown.o)
    0x00000418   0x00000000   Code   RO          241    .ARM.Collect$$libshutdown$$00000002  c_t.l(libshutdown2.o)
    0x00000418   0x00000000   Code   RO          243    .ARM.Collect$$libshutdown$$00000004  c_t.l(libshutdown2.o)
    0x00000418   0x00000000   Code   RO          246    .ARM.Collect$$libshutdown$$00000007  c_t.l(libshutdown2.o)
    0x00000418   0x00000000   Code   RO          249    .ARM.Collect$$libshutdown$$0000000A  c_t.l(libshutdown2.o)
    0x00000418   0x00000000   Code   RO          251    .ARM.Collect$$libshutdown$$0000000C  c_t.l(libshutdown2.o)
    0x00000418   0x00000000   Code   RO          254    .ARM.Collect$$libshutdown$$0000000F  c_t.l(libshutdown2.o)
    0x00000418   0x00000006   Code   RO          255    .ARM.Collect$$libshutdown$$00000010  c_t.l(libshutdown2.o)
    0x0000041e   0x00000002   PAD
    0x00000420   0x00000000   Code   RO          119    .ARM.Collect$$rtentry$$00000000  c_t.l(__rtentry.o)
    0x00000420   0x00000000   Code   RO          189    .ARM.Collect$$rtentry$$00000002  c_t.l(__rtentry2.o)
    0x00000420   0x00000008   Code   RO          201    .ARM.Collect$$rtentry$$00000004  c_t.l(__rtentry4.o)
    0x00000428   0x00000000   Code   RO          191    .ARM.Collect$$rtentry$$00000009  c_t.l(__rtentry2.o)
    0x00000428   0x00000004   Code   RO          192    .ARM.Collect$$rtentry$$0000000A  c_t.l(__rtentry2.o)
    0x0000042c   0x00000000   Code   RO          194    .ARM.Collect$$rtentry$$0000000C  c_t.l(__rtentry2.o)
    0x0000042c   0x00000028   Code   RO          195    .ARM.Collect$$rtentry$$0000000D  c_t.l(__rtentry2.o)
    0x00000454   0x00000004   Ven    RO          233    .ARM.Collect$$rtexit$$00000000  c_t.l(rtexit.o)
    0x00000458   0x00000004   Code   RO          233    .ARM.Collect$$rtexit$$00000000  c_t.l(rtexit.o)
    0x0000045c   0x00000000   Code   RO          257    .ARM.Collect$$rtexit$$00000002  c_t.l(rtexit2.o)
    0x0000045c   0x00000004   Code   RO          258    .ARM.Collect$$rtexit$$00000003  c_t.l(rtexit2.o)
    0x00000460   0x00000008   Code   RO          259    .ARM.Collect$$rtexit$$00000004  c_t.l(rtexit2.o)
    0x00000468   0x00000000   Code   RO          205    .emb_text           c_t.l(maybetermalloc1.o)
    0x00000468   0x00000024   Code   RO            4    .text               lpc2400.o
    0x0000048c   0x000000a0   Code   RO            5    .text               main.o
    0x0000052c   0x000000bc   Code   RO            6    .text               console.o
    0x000005e8   0x00000008   Ven    RO            9    .text               retarget.o
    0x000005f0   0x0000006e   Code   RO            9    .text               retarget.o
    0x0000065e   0x00000002   PAD
    0x00000660   0x000001b4   Code   RO           11    .text               serial.o
    0x00000814   0x00000094   Code   RO           13    .text               serialisr.o
    0x000008a8   0x00000794   Code   RO           14    .text               lcd.o
    0x0000103c   0x00000094   Code   RO           19    .text               lcdisr.o
    0x000010d0   0x0000040c   Code   RO           20    .text               ui.o
    0x000014dc   0x000001c8   Code   RO           23    .text               sensors.o
    0x000016a4   0x000002f0   Code   RO           25    .text               ledlights.o
    0x00001994   0x0000008a   Code   RO           27    .text               list.o
    0x00001a1e   0x0000051a   Code   RO           28    .text               queue.o
    0x00001f38   0x00000b0c   Code   RO           29    .text               tasks.o
    0x00002a44   0x00000130   Code   RO           33    .text               port.o
    0x00002b74   0x00000032   Code   RO           37    .text               heap_3.o
    0x00002ba6   0x00000002   PAD
    0x00002ba8   0x0000035c   Code   RO           38    .text               timers.o
    0x00002f04   0x000006b0   Code   RO           43    .text               lcd_grph.o
    0x000035b4   0x000006a0   Code   RO           46    .text               lcd_hw.o
    0x00003c54   0x00000004   Code   RO           50    .text               c_t.l(use_no_semi.o)
    0x00003c58   0x0000006e   Code   RO           53    .text               c_t.l(h1_alloc.o)
    0x00003cc6   0x00000054   Code   RO           54    .text               c_t.l(h1_free.o)
    0x00003d1a   0x00000002   PAD
    0x00003d1c   0x0000001c   Code   RO           86    .text               c_t.l(noretval__2printf.o)
    0x00003d38   0x00000076   Code   RO           87    .text               c_t.l(__printf.o)
    0x00003dae   0x00000002   PAD
    0x00003db0   0x00000008   Ven    RO           89    .text               c_t.l(_printf_dec.o)
    0x00003db8   0x00000070   Code   RO           89    .text               c_t.l(_printf_dec.o)
    0x00003e28   0x00000050   Code   RO          104    .text               c_t.l(strcpy.o)
    0x00003e78   0x00000044   Code   RO          105    .text               c_t.l(strlen.o)
    0x00003ebc   0x00000004   Ven    RO          106    .text               c_t.l(rt_memcpy.o)
    0x00003ec0   0x000000d4   Code   RO          106    .text               c_t.l(rt_memcpy.o)
    0x00003f94   0x00000004   Ven    RO          107    .text               c_t.l(rt_memcpy_w.o)
    0x00003f98   0x00000064   Code   RO          107    .text               c_t.l(rt_memcpy_w.o)
    0x00003ffc   0x00000180   Code   RO          108    .text               c_t.l(aeabi_sdiv.o)
    0x0000417c   0x00000006   Code   RO          116    .text               c_t.l(heapauxi.o)
    0x00004182   0x00000002   PAD
    0x00004184   0x00000004   Ven    RO          124    .text               c_t.l(rt_heap_descriptor_intlibspace.o)
    0x00004188   0x0000000c   Code   RO          124    .text               c_t.l(rt_heap_descriptor_intlibspace.o)
    0x00004194   0x00000004   Code   RO          125    .text               c_t.l(hguard.o)
    0x00004198   0x00000094   Code   RO          126    .text               c_t.l(init_alloc.o)
    0x0000422c   0x0000000e   Code   RO          128    .text               c_t.l(h1_init.o)
    0x0000423a   0x000000ba   Code   RO          135    .text               c_t.l(_printf_intcommon.o)
    0x000042f4   0x0000002c   Code   RO          136    .text               c_t.l(_printf_char_file.o)
    0x00004320   0x00000004   Ven    RO          138    .text               c_t.l(rtudiv10.o)
    0x00004324   0x0000002c   Code   RO          138    .text               c_t.l(rtudiv10.o)
    0x00004350   0x0000000c   Code   RO          186    .text               c_t.l(libspace.o)
    0x0000435c   0x00000038   Code   RO          207    .text               c_t.l(h1_extend.o)
    0x00004394   0x00000030   Code   RO          209    .text               c_t.l(_printf_char_common.o)
    0x000043c4   0x00000010   Code   RO          210    .text               c_t.l(defsig_rtmem_outer.o)
    0x000043d4   0x00000060   Code   RO          217    .text               c_t.l(sys_stackheap_outer.o)
    0x00004434   0x00000014   Code   RO          222    .text               c_t.l(exit.o)
    0x00004448   0x00000010   Code   RO          223    .text               c_t.l(defsig_exit.o)
    0x00004458   0x00000054   Code   RO          226    .text               c_t.l(defsig_rtmem_inner.o)
    0x000044ac   0x00000038   Code   RO          238    .text               c_t.l(defsig_general.o)
    0x000044e4   0x00000004   Ven    RO          109    .text_udiv          c_t.l(aeabi_sdiv.o)
    0x000044e8   0x00000024   Code   RO          109    .text_udiv          c_t.l(aeabi_sdiv.o)
    0x0000450c   0x00000004   Ven    RO           36    PORT_ASM            portasm.o
    0x00004510   0x00000188   Code   RO           36    PORT_ASM            portasm.o
    0x00004698   0x00000008   Ven    RO          293    Veneer$$Code        anon$$obj.o
    0x000046a0   0x00000002   Code   RO           41    i.__ARM_common_call_via_r1  timers.o
    0x000046a2   0x00000002   Code   RO           88    i.__ARM_common_call_via_r2  c_t.l(__printf.o)
    0x000046a4   0x00000004   Ven    RO           32    i.__ARM_common_disable_irq  tasks.o
    0x000046a8   0x00000014   Code   RO           32    i.__ARM_common_disable_irq  tasks.o
    0x000046bc   0x00000004   Ven    RO           35    i.__ARM_common_enable_irq  port.o
    0x000046c0   0x00000010   Code   RO           35    i.__ARM_common_enable_irq  port.o
    0x000046d0   0x00000004   Ven    RO           18    i.__ARM_common_switch8  lcd.o
    0x000046d4   0x00000018   Code   RO           18    i.__ARM_common_switch8  lcd.o
    0x000046ec   0x00000344   Data   RO           22    .constdata          ui.o
    0x00004a30   0x00000300   Data   RO           42    .constdata          font5x7.o
    0x00004d30   0x00000008   Data   RO           44    .constdata          lcd_grph.o
    0x00004d38   0x0000000a   Data   RO            7    .conststring        console.o
    0x00004d42   0x00000002   PAD
    0x00004d44   0x00000020   Data   RO          273    Region$$Table       anon$$obj.o


    Execution Region RW_RAM1 (Base: 0xa0000000, Size: 0x00401878, Max: 0x02000000, ABSOLUTE)

    Base Addr    Size         Type   Attr      Idx    E Section Name        Object

    0xa0000000   0x00000008   Data   RW            8    .data               console.o
    0xa0000008   0x00000004   Data   RW           10    .data               retarget.o
    0xa000000c   0x0000000c   Data   RW           12    .data               serial.o
    0xa0000018   0x0000001c   Data   RW           16    .data               lcd.o
    0xa0000034   0x00000004   Data   RW           24    .data               sensors.o
    0xa0000038   0x00000008   Data   RW           26    .data               ledlights.o
    0xa0000040   0x0000003c   Data   RW           31    .data               tasks.o
    0xa000007c   0x00000004   Data   RW           34    .data               port.o
    0xa0000080   0x00000014   Data   RW           40    .data               timers.o
    0xa0000094   0x00000004   Data   RW           45    .data               lcd_grph.o
    0xa0000098   0x00000001   Data   RW           47    .data               lcd_hw.o
    0xa0000099   0x00000003   PAD
    0xa000009c   0x0000003c   Zero   RW           15    .bss                lcd.o
    0xa00000d8   0x00000354   Zero   RW           21    .bss                ui.o
    0xa000042c   0x000000b4   Zero   RW           30    .bss                tasks.o
    0xa00004e0   0x00000028   Zero   RW           39    .bss                timers.o
    0xa0000508   0x00000060   Zero   RW          187    .bss                c_t.l(libspace.o)
    0xa0000568   0x00400000   Zero   RW            2    HEAP                lpc2400.o
    0xa0400568   0x00001310   Zero   RW            1    STACK               lpc2400.o


==============================================================================

Image component sizes


      Code (inc. data)   RO Data    RW Data    ZI Data      Debug   Object Name

       188         46         10          8          0          0   console.o
         0          0        768          0          0          0   font5x7.o
        50          0          0          0          0          0   heap_3.o
      1964        258          0         28         60          0   lcd.o
      1712         28          8          4          0          0   lcd_grph.o
      1696        218          0          1          0          0   lcd_hw.o
       148         12          0          0          0          0   lcdisr.o
       752        142          0          8          0          0   ledlights.o
       138          0          0          0          0          0   list.o
       868        112          0          0    4199184          0   lpc2400.o
       160         26          0          0          0          0   main.o
       320         72          0          4          0          0   port.o
       392         20          0          0          0          0   portasm.o
      1306          0          0          0          0          0   queue.o
       110          0          0          4          0          0   retarget.o
       456        128          0          4          0          0   sensors.o
       436         26          0         12          0          0   serial.o
       148         12          0          0          0          0   serialisr.o
      2848         52          0         60        180          0   tasks.o
       862         32          0         20         40          0   timers.o
      1036         30        836          0        852          0   ui.o

    ----------------------------------------------------------------------
     15626       1214       1656        156    4200316          0   Object Totals
        32          0         32          0          0          0   (incl. Generated)
         4          0          2          3          0          0   (incl. Padding)

    ----------------------------------------------------------------------

      Code (inc. data)   RO Data    RW Data    ZI Data      Debug   Library Member Name

         8          0          0          0          0          0   __main.o
       120          0          0          0          0          0   __printf.o
         0          0          0          0          0          0   __rtentry.o
        44          4          0          0          0          0   __rtentry2.o
         8          0          0          0          0          0   __rtentry4.o
        60          8          0          0          0          0   __scatter.o
        40          0          0          0          0          0   __scatter_copy.o
        44          0          0          0          0          0   __scatter_zi.o
        48          4          0          0          0          0   _printf_char_common.o
        44          6          0          0          0          0   _printf_char_file.o
       120         18          0          0          0          0   _printf_dec.o
       186          0          0          0          0          0   _printf_intcommon.o
         4          0          0          0          0          0   _printf_percent.o
         8          0          0          0          0          0   _printf_percent_end.o
         8          0          0          0          0          0   _printf_u.o
       424          0          0          0          0          0   aeabi_sdiv.o
        16          0          0          0          0          0   defsig_exit.o
        56          0          0          0          0          0   defsig_general.o
        84         58          0          0          0          0   defsig_rtmem_inner.o
        16          0          0          0          0          0   defsig_rtmem_outer.o
        20          0          0          0          0          0   exit.o
       110          0          0          0          0          0   h1_alloc.o
        56          0          0          0          0          0   h1_extend.o
        84          0          0          0          0          0   h1_free.o
        14          0          0          0          0          0   h1_init.o
         6          0          0          0          0          0   heapauxi.o
         4          0          0          0          0          0   hguard.o
       148          0          0          0          0          0   init_alloc.o
        10          0          0          0          0          0   libinit.o
        20          0          0          0          0          0   libinit2.o
        12          0          0          0          0          0   libshutdown.o
         6          0          0          0          0          0   libshutdown2.o
        12          4          0          0         96          0   libspace.o
         0          0          0          0          0          0   maybetermalloc1.o
        28          6          0          0          0          0   noretval__2printf.o
        16          4          0          0          0          0   rt_heap_descriptor_intlibspace.o
       216          0          0          0          0          0   rt_memcpy.o
       104          0          0          0          0          0   rt_memcpy_w.o
         8          0          0          0          0          0   rtexit.o
        12          0          0          0          0          0   rtexit2.o
        48          0          0          0          0          0   rtudiv10.o
        80          6          0          0          0          0   strcpy.o
        68          4          0          0          0          0   strlen.o
        96          0          0          0          0          0   sys_stackheap_outer.o
         4          0          0          0          0          0   use_no_semi.o

    ----------------------------------------------------------------------
      2530        122          0          0         96          0   Library Totals
        10          0          0          0          0          0   (incl. Padding)

    ----------------------------------------------------------------------

      Code (inc. data)   RO Data    RW Data    ZI Data      Debug   Library Name

      2520        122          0          0         96          0   c_t.l

    ----------------------------------------------------------------------
      2530        122          0          0         96          0   Library Totals

    ----------------------------------------------------------------------

==============================================================================


      Code (inc. data)   RO Data    RW Data    ZI Data      Debug   

     18156       1336       1656        156    4200412          0   Grand Totals
     18156       1336       1656        156    4200412          0   ELF Image Totals
     18156       1336       1656        156          0          0   ROM Totals

==============================================================================

    Total RO  Size (Code + RO Data)                19812 (  19.35kB)
    Total RW  Size (RW Data + ZI Data)           4200568 (4102.12kB)
    Total ROM Size (Code + RO Data + RW Data)      19968 (  19.50kB)

==============================================================================

