Component: ARM Compiler 5.06 update 4 (build 422) Tool: armlink [4d35d2]

==============================================================================

Section Cross References

    lpc2400.o(STACK) refers (Special) to heapauxi.o(.text) for __use_two_region_memory
    lpc2400.o(HEAP) refers (Special) to heapauxi.o(.text) for __use_two_region_memory
    lpc2400.o(RESET) refers (Special) to heapauxi.o(.text) for __use_two_region_memory
    lpc2400.o(RESET) refers to portasm.o(PORT_ASM) for vPortYieldProcessor
    lpc2400.o(RESET) refers to lpc2400.o(STACK) for Stack_Top
    lpc2400.o(RESET) refers to __main.o(!!!main) for __main
    lpc2400.o(.text) refers (Special) to heapauxi.o(.text) for __use_two_region_memory
    lpc2400.o(.text) refers to lpc2400.o(HEAP) for Heap_Mem
    lpc2400.o(.text) refers to lpc2400.o(STACK) for Stack_Mem
    main.o(.text) refers to lcd_hw.o(.text) for lcd_hw_init
    main.o(.text) refers to console.o(.text) for vStartConsole
    main.o(.text) refers to lcd.o(.text) for vStartLcd
    main.o(.text) refers to sensors.o(.text) for vStartSensors
    main.o(.text) refers to tasks.o(.text) for vTaskStartScheduler
    main.o(.text) refers to lcdisr.o(.text) for vLCD_ISREntry
    console.o(.text) refers to strlen.o(.text) for strlen
    console.o(.text) refers to serial.o(.text) for vSerialPutString
    console.o(.text) refers to tasks.o(.text) for xTaskCreate
    console.o(.text) refers to noretval__2printf.o(.text) for __2printf
    console.o(.text) refers to console.o(.data) for pcPrompt
    console.o(.data) refers to console.o(.conststring) for .conststring
    retarget.o(.text) refers (Special) to use_no_semi.o(.text) for __use_no_semihosting_swi
    retarget.o(.text) refers to console.o(.text) for xConsolePortHandle
    retarget.o(.text) refers to serial.o(.text) for xSerialPutChar
    retarget.o(.data) refers (Special) to use_no_semi.o(.text) for __use_no_semihosting_swi
    serial.o(.text) refers to queue.o(.text) for xQueueGenericCreate
    serial.o(.text) refers to port.o(.text) for vPortEnterCritical
    serial.o(.text) refers to aeabi_sdiv.o(.text_udiv) for __aeabi_uidivmod
    serial.o(.text) refers to tasks.o(.text) for vTaskSwitchContext
    serial.o(.text) refers to serial.o(.data) for xRxedChars
    serial.o(.text) refers to serialisr.o(.text) for vUART_ISREntry
    serialisr.o(.text) refers to port.o(.data) for ulCriticalNesting
    serialisr.o(.text) refers to tasks.o(.data) for pxCurrentTCB
    serialisr.o(.text) refers to serial.o(.text) for vUART_ISRHandler
    lcd.o(.text) refers to noretval__2printf.o(.text) for __2printf
    lcd.o(.text) refers to lcd_hw.o(.text) for lcd_init
    lcd.o(.text) refers to ui.o(.text) for initialiseButtons
    lcd.o(.text) refers to rt_memcpy_w.o(.text) for __aeabi_memcpy4
    lcd.o(.text) refers to lcd_grph.o(.text) for lcd_fillScreen
    lcd.o(.text) refers to queue.o(.text) for xQueueGenericReceive
    lcd.o(.text) refers to tasks.o(.text) for xTaskGetTickCount
    lcd.o(.text) refers to strcpy.o(.text) for strcpy
    lcd.o(.text) refers to lcd.o(.data) for xLcdSemphr
    lcdisr.o(.text) refers to port.o(.data) for ulCriticalNesting
    lcdisr.o(.text) refers to tasks.o(.data) for pxCurrentTCB
    lcdisr.o(.text) refers to lcd.o(.text) for vLCD_ISRHandler
    ui.o(.text) refers to rt_memcpy_w.o(.text) for __aeabi_memcpy4
    ui.o(.text) refers to lcd_grph.o(.text) for lcd_fillRect
    ui.o(.text) refers to ui.o(.constdata) for .constdata
    ui.o(.text) refers to ui.o(.bss) for adjusters
    sensors.o(.text) refers to _printf_percent.o(.ARM.Collect$$_printf_percent$$00000000) for _printf_percent
    sensors.o(.text) refers to _printf_u.o(.ARM.Collect$$_printf_percent$$0000000A) for _printf_u
    sensors.o(.text) refers to _printf_s.o(.ARM.Collect$$_printf_percent$$00000014) for _printf_s
    sensors.o(.text) refers to _printf_dec.o(.text) for _printf_int_dec
    sensors.o(.text) refers to _printf_str.o(.text) for _printf_str
    sensors.o(.text) refers to noretval__2printf.o(.text) for __2printf
    sensors.o(.text) refers to tasks.o(.text) for xTaskGetTickCount
    queue.o(.text) refers to port.o(.text) for vPortEnterCritical
    queue.o(.text) refers to tasks.o(.text) for xTaskRemoveFromEventList
    queue.o(.text) refers to portasm.o(PORT_ASM) for vPortYield
    queue.o(.text) refers to list.o(.text) for vListInitialise
    queue.o(.text) refers to heap_3.o(.text) for pvPortMalloc
    queue.o(.text) refers to rt_memcpy.o(.text) for __aeabi_memcpy
    tasks.o(.text) refers to list.o(.text) for vListInitialise
    tasks.o(.text) refers to port.o(.text) for vPortEnterCritical
    tasks.o(.text) refers to portasm.o(PORT_ASM) for vPortYield
    tasks.o(.text) refers to heap_3.o(.text) for pvPortMalloc
    tasks.o(.text) refers to tasks.o(.bss) for pxReadyTasksLists
    tasks.o(.text) refers to tasks.o(.data) for pxDelayedTaskList
    port.o(.text) refers to portasm.o(PORT_ASM) for vPortStartFirstTask
[...]
    _printf_char_file.o(.text) refers to retarget.o(.text) for ferror
    _get_argv.o(.text) refers (Special) to hrguard.o(.text) for __heap_region$guard
    _get_argv.o(.text) refers to h1_alloc.o(.text) for malloc
    _get_argv.o(.text) refers to defsig_rtmem_outer.o(.text) for __rt_SIGRTMEM
    _get_argv.o(.text) refers to sys_command.o(.text) for _sys_command_string
    libinit2.o(.ARM.Collect$$libinit$$00000001) refers to fpinit.o(x$fpl$fpinit) for _fp_init
    libinit2.o(.ARM.Collect$$libinit$$00000005) refers (Weak) to init_alloc.o(.text) for _init_alloc
    libinit2.o(.ARM.Collect$$libinit$$00000010) refers to libinit2.o(.ARM.Collect$$libinit$$0000000F) for .ARM.Collect$$libinit$$0000000F
    libinit2.o(.ARM.Collect$$libinit$$00000012) refers to libinit2.o(.ARM.Collect$$libinit$$0000000F) for .ARM.Collect$$libinit$$0000000F
    libinit2.o(.ARM.Collect$$libinit$$00000014) refers to libinit2.o(.ARM.Collect$$libinit$$0000000F) for .ARM.Collect$$libinit$$0000000F
    libinit2.o(.ARM.Collect$$libinit$$00000016) refers to libinit2.o(.ARM.Collect$$libinit$$0000000F) for .ARM.Collect$$libinit$$0000000F
    libinit2.o(.ARM.Collect$$libinit$$00000018) refers to libinit2.o(.ARM.Collect$$libinit$$0000000F) for .ARM.Collect$$libinit$$0000000F
    libinit2.o(.ARM.Collect$$libinit$$00000026) refers to argv_veneer.o(.emb_text) for __ARM_argv_veneer
    libinit2.o(.ARM.Collect$$libinit$$00000027) refers to argv_veneer.o(.emb_text) for __ARM_argv_veneer
    sys_command.o(.text) refers (Special) to use_no_semi.o(.text) for __I$use$semihosting
    sys_command.o(.text) refers (Special) to indicate_semi.o(.text) for __semihosting_library_function
    libspace.o(.text) refers to libspace.o(.bss) for __libspace_start
    __rtentry2.o(.ARM.Collect$$rtentry$$00000008) refers to boardinit2.o(.text) for _platform_post_stackheap_init
    __rtentry2.o(.ARM.Collect$$rtentry$$0000000A) refers to libinit.o(.ARM.Collect$$libinit$$00000000) for __rt_lib_init
    __rtentry2.o(.ARM.Collect$$rtentry$$0000000B) refers to boardinit3.o(.text) for _platform_post_lib_init
    __rtentry2.o(.ARM.Collect$$rtentry$$0000000D) refers to exit.o(.text) for exit
    __rtentry2.o(.ARM.Collect$$rtentry$$0000000D) refers to main.o(.text) for main
    __rtentry2.o(.ARM.exidx) refers to __rtentry2.o(.ARM.Collect$$rtentry$$00000001) for .ARM.Collect$$rtentry$$00000001
    __rtentry2.o(.ARM.exidx) refers to __rtentry2.o(.ARM.Collect$$rtentry$$00000008) for .ARM.Collect$$rtentry$$00000008
    __rtentry2.o(.ARM.exidx) refers to __rtentry2.o(.ARM.Collect$$rtentry$$0000000A) for .ARM.Collect$$rtentry$$0000000A
    __rtentry2.o(.ARM.exidx) refers to __rtentry2.o(.ARM.Collect$$rtentry$$0000000B) for .ARM.Collect$$rtentry$$0000000B
    __rtentry2.o(.ARM.exidx) refers to __rtentry2.o(.ARM.Collect$$rtentry$$0000000D) for .ARM.Collect$$rtentry$$0000000D
    __rtentry4.o(.ARM.Collect$$rtentry$$00000004) refers to sys_stackheap_outer.o(.text) for __user_setup_stackheap
    __rtentry4.o(.ARM.exidx) refers to __rtentry4.o(.ARM.Collect$$rtentry$$00000004) for .ARM.Collect$$rtentry$$00000004
    rt_div0.o(.text) refers to defsig_fpe_outer.o(.text) for __rt_SIGFPE
    maybetermalloc2.o(.emb_text) refers (Special) to term_alloc.o(.text) for _terminate_alloc
    h1_extend.o(.text) refers to h1_free.o(.text) for free
    h1_extend_mt.o(.text) refers to h1_free_mt.o(.text) for _free_internal
    _printf_char_common.o(.text) refers to __printf.o(.text) for __printf
    defsig_rtmem_outer.o(.text) refers to defsig_rtmem_inner.o(.text) for __rt_SIGRTMEM_inner
    defsig_rtmem_outer.o(.text) refers to defsig_exit.o(.text) for __sig_exit
    defsig_rtmem_formal.o(.text) refers to rt_raise.o(.text) for __rt_raise
    heapauxa.o(.text) refers to heapauxa.o(.data) for .data
    argv_veneer.o(.emb_text) refers to no_argv.o(.text) for __ARM_get_argv
    sys_stackheap_outer.o(.text) refers to libspace.o(.text) for __user_perproc_libspace
    sys_stackheap_outer.o(.text) refers to lpc2400.o(.text) for __user_initial_stackheap
    rt_raise.o(.text) refers to __raise.o(.text) for __raise
    rt_raise.o(.text) refers to retarget.o(.text) for _sys_exit
    term_alloc.o(.text) refers (Special) to libshutdown2.o(.ARM.Collect$$libshutdown$$0000000E) for __rt_lib_shutdown_heap_2
    term_alloc.o(.text) refers to rt_heap_descriptor_intlibspace.o(.text) for __rt_heap_descriptor
    __printf_nopercent.o(.text) refers to __printf_nopercent.o(i.__ARM_common_call_via_r7) for __ARM_common_call_via_r7
    __printf_nopercent.o(.text) refers to heap2.o(i.__ARM_common_call_via_r5) for __ARM_common_call_via_r5
    exit.o(.text) refers to rtexit.o(.ARM.Collect$$rtexit$$00000000) for __rt_exit
    defsig_exit.o(.text) refers to retarget.o(.text) for _sys_exit
    defsig_fpe_outer.o(.text) refers to defsig_fpe_inner.o(.text) for __rt_SIGFPE_inner
    defsig_fpe_outer.o(.text) refers to defsig_exit.o(.text) for __sig_exit
    defsig_fpe_formal.o(.text) refers to rt_raise.o(.text) for __rt_raise
    defsig_rtmem_inner.o(.text) refers to defsig_general.o(.text) for __default_signal_display
    _get_argv_nomalloc.o(.text) refers (Special) to hrguard.o(.text) for __heap_region$guard
    _get_argv_nomalloc.o(.text) refers to defsig_rtmem_outer.o(.text) for __rt_SIGRTMEM
    _get_argv_nomalloc.o(.text) refers to sys_command.o(.text) for _sys_command_string
    libinit.o(.ARM.Collect$$libinit$$00000000) refers (Special) to libinit2.o(.ARM.Collect$$libinit$$0000002E) for __rt_lib_init_alloca_1
    libinit.o(.ARM.Collect$$libinit$$00000000) refers (Special) to libinit2.o(.ARM.Collect$$libinit$$0000002C) for __rt_lib_init_argv_1
    libinit.o(.ARM.Collect$$libinit$$00000000) refers (Special) to libinit2.o(.ARM.Collect$$libinit$$0000001B) for __rt_lib_init_atexit_1
    libinit.o(.ARM.Collect$$libinit$$00000000) refers (Special) to libinit2.o(.ARM.Collect$$libinit$$00000021) for __rt_lib_init_clock_1
    libinit.o(.ARM.Collect$$libinit$$00000000) refers (Special) to libinit2.o(.ARM.Collect$$libinit$$00000032) for __rt_lib_init_cpp_1
    libinit.o(.ARM.Collect$$libinit$$00000000) refers (Special) to libinit2.o(.ARM.Collect$$libinit$$00000030) for __rt_lib_init_exceptions_1
    libinit.o(.ARM.Collect$$libinit$$00000000) refers (Special) to libinit2.o(.ARM.Collect$$libinit$$00000002) for __rt_lib_init_fp_1
    libinit.o(.ARM.Collect$$libinit$$00000000) refers (Special) to libinit2.o(.ARM.Collect$$libinit$$0000001F) for __rt_lib_init_fp_trap_1
    libinit.o(.ARM.Collect$$libinit$$00000000) refers (Special) to libinit2.o(.ARM.Collect$$libinit$$00000023) for __rt_lib_init_getenv_1
    libinit.o(.ARM.Collect$$libinit$$00000000) refers (Special) to libinit2.o(.ARM.Collect$$libinit$$0000000A) for __rt_lib_init_heap_1
    libinit.o(.ARM.Collect$$libinit$$00000000) refers (Special) to libinit2.o(.ARM.Collect$$libinit$$00000011) for __rt_lib_init_lc_collate_1
    libinit.o(.ARM.Collect$$libinit$$00000000) refers (Special) to libinit2.o(.ARM.Collect$$libinit$$00000013) for __rt_lib_init_lc_ctype_1
    libinit.o(.ARM.Collect$$libinit$$00000000) refers (Special) to libinit2.o(.ARM.Collect$$libinit$$00000015) for __rt_lib_init_lc_monetary_1
    libinit.o(.ARM.Collect$$libinit$$00000000) refers (Special) to libinit2.o(.ARM.Collect$$libinit$$00000017) for __rt_lib_init_lc_numeric_1
    libinit.o(.ARM.Collect$$libinit$$00000000) refers (Special) to libinit2.o(.ARM.Collect$$libinit$$00000019) for __rt_lib_init_lc_time_1
    libinit.o(.ARM.Collect$$libinit$$00000000) refers (Special) to libinit2.o(.ARM.Collect$$libinit$$00000004) for __rt_lib_init_preinit_1
    libinit.o(.ARM.Collect$$libinit$$00000000) refers (Special) to libinit2.o(.ARM.Collect$$libinit$$0000000E) for __rt_lib_init_rand_1
    libinit.o(.ARM.Collect$$libinit$$00000000) refers (Special) to libinit2.o(.ARM.Collect$$libinit$$00000033) for __rt_lib_init_return
    libinit.o(.ARM.Collect$$libinit$$00000000) refers (Special) to libinit2.o(.ARM.Collect$$libinit$$0000001D) for __rt_lib_init_signal_1
    libinit.o(.ARM.Collect$$libinit$$00000000) refers (Special) to libinit2.o(.ARM.Collect$$libinit$$00000025) for __rt_lib_init_stdio_1
    libinit.o(.ARM.Collect$$libinit$$00000000) refers (Special) to libinit2.o(.ARM.Collect$$libinit$$0000000C) for __rt_lib_init_user_alloc_1
    rtexit.o(.ARM.Collect$$rtexit$$00000000) refers (Special) to rtexit2.o(.ARM.Collect$$rtexit$$00000004) for __rt_exit_exit
    rtexit.o(.ARM.Collect$$rtexit$$00000000) refers (Special) to rtexit2.o(.ARM.Collect$$rtexit$$00000003) for __rt_exit_ls
    rtexit.o(.ARM.Collect$$rtexit$$00000000) refers (Special) to rtexit2.o(.ARM.Collect$$rtexit$$00000002) for __rt_exit_prels_1
    rtexit.o(.ARM.exidx) refers (Special) to rtexit2.o(.ARM.Collect$$rtexit$$00000004) for __rt_exit_exit
    rtexit.o(.ARM.exidx) refers (Special) to rtexit2.o(.ARM.Collect$$rtexit$$00000003) for __rt_exit_ls
    rtexit.o(.ARM.exidx) refers (Special) to rtexit2.o(.ARM.Collect$$rtexit$$00000002) for __rt_exit_prels_1
    rtexit.o(.ARM.exidx) refers to rtexit.o(.ARM.Collect$$rtexit$$00000000) for .ARM.Collect$$rtexit$$00000000
    __raise.o(.text) refers to __printf.o(i.__ARM_common_call_via_r2) for __ARM_common_call_via_r2
    __raise.o(.text) refers to defsig.o(CL$$defsig) for __default_signal_handler
    defsig_general.o(.text) refers to retarget.o(.text) for _ttywrch
    defsig_fpe_inner.o(.text) refers to defsig_general.o(.text) for __default_signal_display
    libshutdown2.o(.ARM.Collect$$libshutdown$$0000000D) refers (Weak) to term_alloc.o(.text) for _terminate_alloc
    rtexit2.o(.ARM.Collect$$rtexit$$00000003) refers to libshutdown.o(.ARM.Collect$$libshutdown$$00000000) for __rt_lib_shutdown
    rtexit2.o(.ARM.Collect$$rtexit$$00000004) refers to retarget.o(.text) for _sys_exit
    rtexit2.o(.ARM.exidx) refers to rtexit2.o(.ARM.Collect$$rtexit$$00000001) for .ARM.Collect$$rtexit$$00000001
    rtexit2.o(.ARM.exidx) refers to rtexit2.o(.ARM.Collect$$rtexit$$00000003) for .ARM.Collect$$rtexit$$00000003
    rtexit2.o(.ARM.exidx) refers to rtexit2.o(.ARM.Collect$$rtexit$$00000004) for .ARM.Collect$$rtexit$$00000004
    defsig.o(CL$$defsig) refers to defsig_fpe_inner.o(.text) for __rt_SIGFPE_inner
    defsig.o(CL$$defsig) refers to defsig_rtmem_inner.o(.text) for __rt_SIGRTMEM_inner
    defsig_abrt_inner.o(.text) refers to defsig_general.o(.text) for __default_signal_display
    defsig_rtred_inner.o(.text) refers to defsig_general.o(.text) for __default_signal_display
    defsig_stak_inner.o(.text) refers to defsig_general.o(.text) for __default_signal_display
    defsig_pvfn_inner.o(.text) refers to defsig_general.o(.text) for __default_signal_display
    defsig_cppl_inner.o(.text) refers to defsig_general.o(.text) for __default_signal_display
    defsig_segv_inner.o(.text) refers to defsig_general.o(.text) for __default_signal_display
    defsig_other.o(.text) refers to defsig_general.o(.text) for __default_signal_display
    libshutdown.o(.ARM.Collect$$libshutdown$$00000000) refers (Special) to libshutdown2.o(.ARM.Collect$$libshutdown$$00000002) for __rt_lib_shutdown_cpp_1
    libshutdown.o(.ARM.Collect$$libshutdown$$00000000) refers (Special) to libshutdown2.o(.ARM.Collect$$libshutdown$$00000007) for __rt_lib_shutdown_fp_trap_1
    libshutdown.o(.ARM.Collect$$libshutdown$$00000000) refers (Special) to libshutdown2.o(.ARM.Collect$$libshutdown$$0000000F) for __rt_lib_shutdown_heap_1
    libshutdown.o(.ARM.Collect$$libshutdown$$00000000) refers (Special) to libshutdown2.o(.ARM.Collect$$libshutdown$$00000010) for __rt_lib_shutdown_return
    libshutdown.o(.ARM.Collect$$libshutdown$$00000000) refers (Special) to libshutdown2.o(.ARM.Collect$$libshutdown$$0000000A) for __rt_lib_shutdown_signal_1
    libshutdown.o(.ARM.Collect$$libshutdown$$00000000) refers (Special) to libshutdown2.o(.ARM.Collect$$libshutdown$$00000004) for __rt_lib_shutdown_stdio_1
    libshutdown.o(.ARM.Collect$$libshutdown$$00000000) refers (Special) to libshutdown2.o(.ARM.Collect$$libshutdown$$0000000C) for __rt_lib_shutdown_user_alloc_1


==============================================================================

Adding Veneers to the image

    Adding TA veneer (4 bytes, Inline) for call to '_printf_percent' from __printf.o(.text).
    Adding AT veneer (8 bytes, Inline) for call to '__rt_lib_init' from __rtentry2.o(.ARM.Collect$$rtentry$$0000000A).
    Adding AT veneer (8 bytes, Inline) for call to '__rt_lib_shutdown' from rtexit2.o(.ARM.Collect$$rtexit$$00000003).
    Adding TA veneer (4 bytes, Inline) for call to '__rt_exit' from exit.o(.text).
    Adding AT veneer (8 bytes, Inline) for call to 'malloc' from heap_3.o(.text).
    Adding AT veneer (8 bytes, Inline) for call to 'free' from heap_3.o(.text).
    Adding AT veneer (8 bytes, Inline) for call to '__2printf' from console.o(.text).
    Adding AT veneer (8 bytes, Inline) for call to '_printf_int_dec' from _printf_u.o(.ARM.Collect$$_printf_percent$$0000000A).
    Adding AT veneer (8 bytes, Inline) for call to 'strcpy' from lcd.o(.text).
    Adding AT veneer (8 bytes, Inline) for call to 'strlen' from console.o(.text).
    Adding TA veneer (4 bytes, Inline) for call to '__rt_heap_descriptor' from h1_alloc.o(.text).
    Adding AT veneer (8 bytes, Inline) for call to '_printf_string' from _printf_s.o(.ARM.Collect$$_printf_percent$$00000014).
    Adding TA veneer (4 bytes, Inline) for call to '__rt_udiv10' from _printf_dec.o(.text).
    Adding TA veneer (8 bytes, Short) for call to 'ferror' from _printf_char_file.o(.text).
    Adding TA veneer (8 bytes, Short) for call to '_sys_exit' from defsig_exit.o(.text).
    Adding TA veneer (8 bytes, Short) for call to '_ttywrch' from defsig_general.o(.text).

16 Veneer(s) (total 112 bytes) added to the image.

==============================================================================

Image Symbol Table

    Local Symbols

    Symbol Name                              Value     Ov Type        Size  Object(Section)

    RESET                                    0x00000000   Section      832  lpc2400.o(RESET)
    ../clib/angel/boardlib.s                 0x00000000   Number         0  boardinit1.o ABSOLUTE
    ../clib/angel/boardlib.s                 0x00000000   Number         0  boardshut.o ABSOLUTE
    ../clib/angel/boardlib.s                 0x00000000   Number         0  boardinit2.o ABSOLUTE
    ../clib/angel/boardlib.s                 0x00000000   Number         0  boardinit3.o ABSOLUTE
    ../clib/angel/handlers.s                 0x00000000   Number         0  __scatter_zi.o ABSOLUTE
    ../clib/angel/handlers.s                 0x00000000   Number         0  __scatter_copy.o ABSOLUTE
    ../clib/angel/kernel.s                   0x00000000   Number         0  rtexit.o ABSOLUTE
    ../clib/angel/kernel.s                   0x00000000   Number         0  __rtentry4.o ABSOLUTE
    ../clib/angel/kernel.s                   0x00000000   Number         0  __rtentry.o ABSOLUTE
    ../clib/angel/kernel.s                   0x00000000   Number         0  rtexit2.o ABSOLUTE
    ../clib/angel/kernel.s                   0x00000000   Number         0  __rtentry2.o ABSOLUTE
    ../clib/angel/rt.s                       0x00000000   Number         0  rt_div0.o ABSOLUTE
    ../clib/angel/rt.s                       0x00000000   Number         0  rt_heap_descriptor_intlibspace.o ABSOLUTE
    ../clib/angel/rt.s                       0x00000000   Number         0  rt_raise.o ABSOLUTE
    ../clib/angel/rt.s                       0x00000000   Number         0  rt_heap_descriptor.o ABSOLUTE
    ../clib/angel/rt.s                       0x00000000   Number         0  aeabi_idiv0_sigfpe.o ABSOLUTE
    ../clib/angel/rt.s                       0x00000000   Number         0  aeabi_idiv0.o ABSOLUTE
    ../clib/angel/scatter.s                  0x00000000   Number         0  __scatter.o ABSOLUTE
    ../clib/angel/startup.s                  0x00000000   Number         0  __main.o ABSOLUTE
    ../clib/angel/sys.s                      0x00000000   Number         0  sys_stackheap_outer.o ABSOLUTE
    ../clib/angel/sys.s                      0x00000000   Number         0  indicate_semi.o ABSOLUTE
    ../clib/angel/sys.s                      0x00000000   Number         0  mutex_dummy.o ABSOLUTE
    ../clib/angel/sys.s                      0x00000000   Number         0  use_no_semi.o ABSOLUTE
    ../clib/angel/sys.s                      0x00000000   Number         0  libspace.o ABSOLUTE
    ../clib/angel/sysapp.c                   0x00000000   Number         0  sys_command.o ABSOLUTE
    ../clib/armsys.c                         0x00000000   Number         0  _get_argv.o ABSOLUTE
    ../clib/armsys.c                         0x00000000   Number         0  no_argv.o ABSOLUTE
    ../clib/armsys.c                         0x00000000   Number         0  argv_veneer.o ABSOLUTE
    ../clib/armsys.c                         0x00000000   Number         0  _get_argv_nomalloc.o ABSOLUTE
    ../clib/armsys.c                         0x00000000   Number         0  argv_veneer.o ABSOLUTE
    ../clib/division.s                       0x00000000   Number         0  rtudiv10.o ABSOLUTE
    ../clib/division.s                       0x00000000   Number         0  aeabi_sdiv_div0.o ABSOLUTE
    ../clib/division.s                       0x00000000   Number         0  aeabi_sdiv.o ABSOLUTE
    ../clib/divrt.s                          0x00000000   Number         0  divrt_7tdmi_div0.o ABSOLUTE
    ../clib/divrt.s                          0x00000000   Number         0  divrt_7tdmi.o ABSOLUTE
    ../clib/heap1.c                          0x00000000   Number         0  h1_free_mt.o ABSOLUTE
    ../clib/heap1.c                          0x00000000   Number         0  h1_init.o ABSOLUTE
    ../clib/heap1.c                          0x00000000   Number         0  h1_init_mt.o ABSOLUTE
    ../clib/heap1.c                          0x00000000   Number         0  h1_free.o ABSOLUTE
    ../clib/heap1.c                          0x00000000   Number         0  h1_final_mt.o ABSOLUTE
    ../clib/heap1.c                          0x00000000   Number         0  h1_final.o ABSOLUTE
    ../clib/heap1.c                          0x00000000   Number         0  h1_alloc_mt.o ABSOLUTE
    ../clib/heap1.c                          0x00000000   Number         0  h1_alloc.o ABSOLUTE
    ../clib/heap1.c                          0x00000000   Number         0  h1_extend.o ABSOLUTE
    ../clib/heap1.c                          0x00000000   Number         0  h1_extend_mt.o ABSOLUTE
    ../clib/heap2.c                          0x00000000   Number         0  fdtree.o ABSOLUTE
    ../clib/heap2.c                          0x00000000   Number         0  heap2mt.o ABSOLUTE
    ../clib/heap2.c                          0x00000000   Number         0  heap2.o ABSOLUTE
    ../clib/heapalloc.c                      0x00000000   Number         0  maybetermalloc1.o ABSOLUTE
    ../clib/heapalloc.c                      0x00000000   Number         0  term_alloc.o ABSOLUTE
    ../clib/heapalloc.c                      0x00000000   Number         0  maybetermalloc2.o ABSOLUTE
    ../clib/heapalloc.c                      0x00000000   Number         0  maybetermalloc2.o ABSOLUTE
    ../clib/heapalloc.c                      0x00000000   Number         0  maybetermalloc1.o ABSOLUTE
    ../clib/heapalloc.c                      0x00000000   Number         0  hrguard.o ABSOLUTE
    ../clib/heapalloc.c                      0x00000000   Number         0  heapstubs.o ABSOLUTE
    ../clib/heapalloc.c                      0x00000000   Number         0  init_alloc.o ABSOLUTE
    ../clib/heapalloc.c                      0x00000000   Number         0  malloc.o ABSOLUTE
    ../clib/heapalloc.c                      0x00000000   Number         0  free.o ABSOLUTE
    ../clib/heapalloc.c                      0x00000000   Number         0  hguard.o ABSOLUTE
    ../clib/heapaux.c                        0x00000000   Number         0  heapauxi.o ABSOLUTE
    ../clib/heapaux.c                        0x00000000   Number         0  heapauxa.o ABSOLUTE
    ../clib/libinit.s                        0x00000000   Number         0  libinit2.o ABSOLUTE
    ../clib/libinit.s                        0x00000000   Number         0  libshutdown.o ABSOLUTE
    ../clib/libinit.s                        0x00000000   Number         0  libshutdown2.o ABSOLUTE
    ../clib/libinit.s                        0x00000000   Number         0  libinit.o ABSOLUTE
    ../clib/memcpset.s                       0x00000000   Number         0  rt_memcpy.o ABSOLUTE
    ../clib/memcpset.s                       0x00000000   Number         0  rt_memcpy_w.o ABSOLUTE
    ../clib/printf.c                         0x00000000   Number         0  __2printf.o ABSOLUTE
    ../clib/printf.c                         0x00000000   Number         0  noretval__2printf.o ABSOLUTE
    ../clib/printf.c                         0x00000000   Number         0  __printf.o ABSOLUTE
    ../clib/printf.c                         0x00000000   Number         0  _printf_str.o ABSOLUTE
    ../clib/printf.c                         0x00000000   Number         0  _printf_dec.o ABSOLUTE
    ../clib/printf.c                         0x00000000   Number         0  __printf_flags.o ABSOLUTE
    ../clib/printf.c                         0x00000000   Number         0  __printf_ss.o ABSOLUTE
    ../clib/printf.c                         0x00000000   Number         0  __printf_flags_ss.o ABSOLUTE
    ../clib/printf.c                         0x00000000   Number         0  __printf_wp.o ABSOLUTE
    ../clib/printf.c                         0x00000000   Number         0  __printf_flags_wp.o ABSOLUTE
    ../clib/printf.c                         0x00000000   Number         0  _printf_char_file.o ABSOLUTE
    ../clib/printf.c                         0x00000000   Number         0  _printf_intcommon.o ABSOLUTE
    ../clib/printf.c                         0x00000000   Number         0  __printf_nopercent.o ABSOLUTE
    ../clib/printf.c                         0x00000000   Number         0  _printf_char.o ABSOLUTE
    ../clib/printf.c                         0x00000000   Number         0  __printf_flags_ss_wp.o ABSOLUTE
    ../clib/printf.c                         0x00000000   Number         0  __printf_ss_wp.o ABSOLUTE
    ../clib/printf.c                         0x00000000   Number         0  _printf_char_common.o ABSOLUTE
    ../clib/printf_percent.s                 0x00000000   Number         0  _printf_percent_end.o ABSOLUTE
    ../clib/printf_percent.s                 0x00000000   Number         0  _printf_percent.o ABSOLUTE
    ../clib/printf_percent.s                 0x00000000   Number         0  _printf_s.o ABSOLUTE
    ../clib/printf_percent.s                 0x00000000   Number         0  _printf_u.o ABSOLUTE
    ../clib/signal.c                         0x00000000   Number         0  defsig_rtmem_inner.o ABSOLUTE
    ../clib/signal.c                         0x00000000   Number         0  defsig_fpe_outer.o ABSOLUTE
    ../clib/signal.c                         0x00000000   Number         0  __raise.o ABSOLUTE
    ../clib/signal.c                         0x00000000   Number         0  defsig_abrt_inner.o ABSOLUTE
    ../clib/signal.c                         0x00000000   Number         0  defsig_rtred_inner.o ABSOLUTE
    ../clib/signal.c                         0x00000000   Number         0  defsig_stak_inner.o ABSOLUTE
    ../clib/signal.c                         0x00000000   Number         0  defsig_pvfn_inner.o ABSOLUTE
    ../clib/signal.c                         0x00000000   Number         0  defsig_rtmem_formal.o ABSOLUTE
    ../clib/signal.c                         0x00000000   Number         0  defsig_rtmem_outer.o ABSOLUTE
    ../clib/signal.c                         0x00000000   Number         0  defsig_segv_inner.o ABSOLUTE
    ../clib/signal.c                         0x00000000   Number         0  defsig_fpe_inner.o ABSOLUTE
    ../clib/signal.c                         0x00000000   Number         0  defsig_general.o ABSOLUTE
    ../clib/signal.c                         0x00000000   Number         0  defsig_cppl_inner.o ABSOLUTE
    ../clib/signal.c                         0x00000000   Number         0  defsig_exit.o ABSOLUTE
    ../clib/signal.c                         0x00000000   Number         0  defsig_other.o ABSOLUTE
    ../clib/signal.c                         0x00000000   Number         0  defsig_fpe_formal.o ABSOLUTE
    ../clib/signal.s                         0x00000000   Number         0  defsig.o ABSOLUTE
    ../clib/stdlib.c                         0x00000000   Number         0  exit.o ABSOLUTE
    ../clib/string.c                         0x00000000   Number         0  strcpy.o ABSOLUTE
    ../clib/string.c                         0x00000000   Number         0  strlen.o ABSOLUTE
    ../fplib/fpinit.s                        0x00000000   Number         0  fpinit.o ABSOLUTE
    ..\FreeRTOS\Source\list.c                0x00000000   Number         0  list.o ABSOLUTE
    ..\FreeRTOS\Source\portable\MemMang\heap_3.c 0x00000000   Number         0  heap_3.o ABSOLUTE
    ..\FreeRTOS\Source\portable\TCD\ARM7_LPC2468\port.c 0x00000000   Number         0  port.o ABSOLUTE
    ..\FreeRTOS\Source\portable\TCD\ARM7_LPC2468\portASM.s 0x00000000   Number         0  portasm.o ABSOLUTE
    ..\FreeRTOS\Source\queue.c               0x00000000   Number         0  queue.o ABSOLUTE
    ..\FreeRTOS\Source\tasks.c               0x00000000   Number         0  tasks.o ABSOLUTE
    LCD\font5x7.c                            0x00000000   Number         0  font5x7.o ABSOLUTE
    LCD\lcd_grph.c                           0x00000000   Number         0  lcd_grph.o ABSOLUTE
    LCD\lcd_hw.c                             0x00000000   Number         0  lcd_hw.o ABSOLUTE
    LPC2400.s                                0x00000000   Number         0  lpc2400.o ABSOLUTE
    Retarget.c                               0x00000000   Number         0  retarget.o ABSOLUTE
    UI.c                                     0x00000000   Number         0  ui.o ABSOLUTE
    console.c                                0x00000000   Number         0  console.o ABSOLUTE
    dc.s                                     0x00000000   Number         0  dc.o ABSOLUTE
    lcd.c                                    0x00000000   Number         0  lcd.o ABSOLUTE
    lcdISR.s                                 0x00000000   Number         0  lcdisr.o ABSOLUTE
    main.c                                   0x00000000   Number         0  main.o ABSOLUTE
    sensors.c                                0x00000000   Number         0  sensors.o ABSOLUTE
    serial.c                                 0x00000000   Number         0  serial.o ABSOLUTE
    serialISR.s                              0x00000000   Number         0  serialisr.o ABSOLUTE
    Undef_Handler                            0x00000040   ARM Code       4  lpc2400.o(RESET)
    PAbt_Handler                             0x00000048   ARM Code       4  lpc2400.o(RESET)
    DAbt_Handler                             0x0000004c   ARM Code       4  lpc2400.o(RESET)
    IRQ_Handler                              0x00000050   ARM Code       4  lpc2400.o(RESET)
    !!!main                                  0x00000340   Section        8  __main.o(!!!main)
    !!!scatter                               0x00000348   Section       60  __scatter.o(!!!scatter)
    !!handler_copy                           0x00000384   Section       40  __scatter_copy.o(!!handler_copy)
    !!handler_zi                             0x000003ac   Section       44  __scatter_zi.o(!!handler_zi)
    .ARM.Collect$$_printf_percent$$00000000  0x000003dc   Section        0  _printf_percent.o(.ARM.Collect$$_printf_percent$$00000000)
    .ARM.Collect$$_printf_percent$$0000000A  0x000003dc   Section        8  _printf_u.o(.ARM.Collect$$_printf_percent$$0000000A)
    .ARM.Collect$$_printf_percent$$00000014  0x000003e4   Section        8  _printf_s.o(.ARM.Collect$$_printf_percent$$00000014)
    .ARM.Collect$$_printf_percent$$00000017  0x000003ec   Section        8  _printf_percent_end.o(.ARM.Collect$$_printf_percent$$00000017)
    .ARM.Collect$$libinit$$00000000          0x000003fc   Section        2  libinit.o(.ARM.Collect$$libinit$$00000000)
    .ARM.Collect$$libinit$$00000002          0x000003fe   Section        0  libinit2.o(.ARM.Collect$$libinit$$00000002)
    .ARM.Collect$$libinit$$00000004          0x000003fe   Section        0  libinit2.o(.ARM.Collect$$libinit$$00000004)
    .ARM.Collect$$libinit$$00000005          0x000003fe   Section        8  libinit2.o(.ARM.Collect$$libinit$$00000005)
    .ARM.Collect$$libinit$$0000000A          0x00000406   Section        0  libinit2.o(.ARM.Collect$$libinit$$0000000A)
    .ARM.Collect$$libinit$$0000000C          0x00000406   Section        0  libinit2.o(.ARM.Collect$$libinit$$0000000C)
    .ARM.Collect$$libinit$$0000000E          0x00000406   Section        0  libinit2.o(.ARM.Collect$$libinit$$0000000E)
    .ARM.Collect$$libinit$$00000011          0x00000406   Section        0  libinit2.o(.ARM.Collect$$libinit$$00000011)
    .ARM.Collect$$libinit$$00000013          0x00000406   Section        0  libinit2.o(.ARM.Collect$$libinit$$00000013)
    .ARM.Collect$$libinit$$00000015          0x00000406   Section        0  libinit2.o(.ARM.Collect$$libinit$$00000015)
    .ARM.Collect$$libinit$$00000017          0x00000406   Section        0  libinit2.o(.ARM.Collect$$libinit$$00000017)
    .ARM.Collect$$libinit$$00000019          0x00000406   Section        0  libinit2.o(.ARM.Collect$$libinit$$00000019)
    .ARM.Collect$$libinit$$0000001B          0x00000406   Section        0  libinit2.o(.ARM.Collect$$libinit$$0000001B)
    .ARM.Collect$$libinit$$0000001D          0x00000406   Section        0  libinit2.o(.ARM.Collect$$libinit$$0000001D)
    .ARM.Collect$$libinit$$0000001F          0x00000406   Section        0  libinit2.o(.ARM.Collect$$libinit$$0000001F)
    .ARM.Collect$$libinit$$00000021          0x00000406   Section        0  libinit2.o(.ARM.Collect$$libinit$$00000021)
    .ARM.Collect$$libinit$$00000023          0x00000406   Section        0  libinit2.o(.ARM.Collect$$libinit$$00000023)
    .ARM.Collect$$libinit$$00000025          0x00000406   Section        0  libinit2.o(.ARM.Collect$$libinit$$00000025)
    .ARM.Collect$$libinit$$0000002C          0x00000406   Section        0  libinit2.o(.ARM.Collect$$libinit$$0000002C)
    .ARM.Collect$$libinit$$0000002E          0x00000406   Section        0  libinit2.o(.ARM.Collect$$libinit$$0000002E)
    .ARM.Collect$$libinit$$00000030          0x00000406   Section        0  libinit2.o(.ARM.Collect$$libinit$$00000030)
    .ARM.Collect$$libinit$$00000032          0x00000406   Section        0  libinit2.o(.ARM.Collect$$libinit$$00000032)
    .ARM.Collect$$libinit$$00000033          0x00000406   Section       12  libinit2.o(.ARM.Collect$$libinit$$00000033)
    .ARM.Collect$$libshutdown$$00000000      0x0000041c   Section        4  libshutdown.o(.ARM.Collect$$libshutdown$$00000000)
    .ARM.Collect$$libshutdown$$00000002      0x00000420   Section        0  libshutdown2.o(.ARM.Collect$$libshutdown$$00000002)
    .ARM.Collect$$libshutdown$$00000004      0x00000420   Section        0  libshutdown2.o(.ARM.Collect$$libshutdown$$00000004)
    .ARM.Collect$$libshutdown$$00000007      0x00000420   Section        0  libshutdown2.o(.ARM.Collect$$libshutdown$$00000007)
    .ARM.Collect$$libshutdown$$0000000A      0x00000420   Section        0  libshutdown2.o(.ARM.Collect$$libshutdown$$0000000A)
    .ARM.Collect$$libshutdown$$0000000C      0x00000420   Section        0  libshutdown2.o(.ARM.Collect$$libshutdown$$0000000C)
    .ARM.Collect$$libshutdown$$0000000F      0x00000420   Section        0  libshutdown2.o(.ARM.Collect$$libshutdown$$0000000F)
    .ARM.Collect$$libshutdown$$00000010      0x00000420   Section        6  libshutdown2.o(.ARM.Collect$$libshutdown$$00000010)
    .ARM.Collect$$rtentry$$00000000          0x00000428   Section        0  __rtentry.o(.ARM.Collect$$rtentry$$00000000)
    .ARM.Collect$$rtentry$$00000002          0x00000428   Section        0  __rtentry2.o(.ARM.Collect$$rtentry$$00000002)
    .ARM.Collect$$rtentry$$00000004          0x00000428   Section        8  __rtentry4.o(.ARM.Collect$$rtentry$$00000004)
    .ARM.Collect$$rtentry$$00000009          0x00000430   Section        0  __rtentry2.o(.ARM.Collect$$rtentry$$00000009)
    .ARM.Collect$$rtentry$$0000000A          0x00000430   Section        4  __rtentry2.o(.ARM.Collect$$rtentry$$0000000A)
    .ARM.Collect$$rtentry$$0000000C          0x00000434   Section        0  __rtentry2.o(.ARM.Collect$$rtentry$$0000000C)
    .ARM.Collect$$rtentry$$0000000D          0x00000434   Section       40  __rtentry2.o(.ARM.Collect$$rtentry$$0000000D)
    .ARM.Collect$$rtexit$$00000000           0x00000460   Section        4  rtexit.o(.ARM.Collect$$rtexit$$00000000)
    .ARM.Collect$$rtexit$$00000002           0x00000464   Section        0  rtexit2.o(.ARM.Collect$$rtexit$$00000002)
    .ARM.Collect$$rtexit$$00000003           0x00000464   Section        4  rtexit2.o(.ARM.Collect$$rtexit$$00000003)
    .ARM.Collect$$rtexit$$00000004           0x00000468   Section        8  rtexit2.o(.ARM.Collect$$rtexit$$00000004)
    .emb_text                                0x00000470   Section        0  maybetermalloc1.o(.emb_text)
    .text                                    0x00000470   Section       36  lpc2400.o(.text)
    .text                                    0x00000494   Section        0  main.o(.text)
    prvSetupHardware                         0x00000494   ARM Code     148  main.o(.text)
    .text                                    0x00000560   Section        0  console.o(.text)
    vConsoleTask                             0x00000560   ARM Code     152  console.o(.text)
    .text                                    0x00000684   Section        0  retarget.o(.text)
    .text                                    0x00000734   Section        0  serial.o(.text)
    .text                                    0x00000abc   Section      148  serialisr.o(.text)
    .text                                    0x00000b50   Section        0  lcd.o(.text)
    vLcdTask                                 0x00000b50   ARM Code    1168  lcd.o(.text)
    .text                                    0x000010a0   Section      148  lcdisr.o(.text)
    .text                                    0x00001134   Section        0  ui.o(.text)
    .text                                    0x00001ab0   Section        0  sensors.o(.text)
    vSensorsTask                             0x00001bf0   ARM Code     152  sensors.o(.text)
    .text                                    0x00001d80   Section        0  list.o(.text)
    .text                                    0x00001e94   Section        0  queue.o(.text)
    prvInitialiseNewQueue                    0x00001f50   ARM Code      72  queue.o(.text)
    prvUnlockQueue                           0x00001ff8   ARM Code     232  queue.o(.text)
    prvIsQueueFull                           0x000020e0   ARM Code      56  queue.o(.text)
    prvCopyDataToQueue                       0x00002118   ARM Code     208  queue.o(.text)
    prvIsQueueEmpty                          0x000024c4   ARM Code      52  queue.o(.text)
    prvCopyDataFromQueue                     0x000024f8   ARM Code      88  queue.o(.text)
    .text                                    0x000028bc   Section        0  tasks.o(.text)
    prvInitialiseTaskLists                   0x000028bc   ARM Code     112  tasks.o(.text)
    prvAddNewTaskToReadyList                 0x0000292c   ARM Code     260  tasks.o(.text)
    prvInitialiseNewTask                     0x00002a30   ARM Code     204  tasks.o(.text)
    prvResetNextTaskUnblockTime              0x00002ba8   ARM Code      88  tasks.o(.text)
    prvDeleteTCB                             0x00002c00   ARM Code      32  tasks.o(.text)
    prvAddCurrentTaskToDelayedList           0x00003010   ARM Code     184  tasks.o(.text)
    prvTaskIsTaskSuspended                   0x000034dc   ARM Code     124  tasks.o(.text)
    prvCheckTasksWaitingTermination          0x000036a4   ARM Code     240  tasks.o(.text)
    prvIdleTask                              0x00003794   ARM Code      32  tasks.o(.text)
    .text                                    0x000040e0   Section        0  port.o(.text)
    prvSetupTimerInterrupt                   0x000041d0   ARM Code     116  port.o(.text)
    .text                                    0x000042ec   Section        0  heap_3.o(.text)
    .text                                    0x0000433c   Section        0  lcd_grph.o(.text)
    hLine                                    0x000043f0   ARM Code     108  lcd_grph.o(.text)
    vLine                                    0x0000445c   ARM Code      88  lcd_grph.o(.text)
    .text                                    0x00005028   Section        0  lcd_hw.o(.text)
    sendSpi                                  0x00005040   ARM Code     104  lcd_hw.o(.text)
    .text                                    0x00005a64   Section        4  use_no_semi.o(.text)
    .text                                    0x00005a70   Section        0  h1_alloc.o(.text)
    .text                                    0x00005ae8   Section        0  h1_free.o(.text)
    .text                                    0x00005b44   Section        0  noretval__2printf.o(.text)
    .text                                    0x00005b60   Section        0  __printf.o(.text)
    .text                                    0x00005bd6   Section        0  _printf_str.o(.text)
    .text                                    0x00005c38   Section        0  _printf_dec.o(.text)
    .text                                    0x00005cb0   Section        0  strcpy.o(.text)
    .text                                    0x00005d08   Section        0  strlen.o(.text)
    .text                                    0x00005d4c   Section      212  rt_memcpy.o(.text)
    .text                                    0x00005e20   Section      100  rt_memcpy_w.o(.text)
    .text                                    0x00005e84   Section      384  aeabi_sdiv.o(.text)
    __arm_div8                               0x00005eb0   ARM Code       0  aeabi_sdiv.o(.text)
    __arm_div5                               0x00005ed4   ARM Code       0  aeabi_sdiv.o(.text)
    __arm_div2                               0x00005ef8   ARM Code       0  aeabi_sdiv.o(.text)
    __arm_div_large                          0x00005f34   ARM Code       0  aeabi_sdiv.o(.text)
    .text                                    0x00006004   Section        0  heapauxi.o(.text)
    .text                                    0x00006010   Section       12  rt_heap_descriptor_intlibspace.o(.text)
    .text                                    0x0000601c   Section        0  hguard.o(.text)
    .text                                    0x00006020   Section        0  init_alloc.o(.text)
    .text                                    0x000060b4   Section        0  h1_init.o(.text)
    .text                                    0x000060c2   Section        0  _printf_intcommon.o(.text)
    .text                                    0x00006184   Section        0  _printf_char.o(.text)
    .text                                    0x000061b8   Section        0  _printf_char_file.o(.text)
    .text                                    0x000061e8   Section       44  rtudiv10.o(.text)
    .text                                    0x00006214   Section       12  libspace.o(.text)
    .text                                    0x00006220   Section        0  h1_extend.o(.text)
    .text                                    0x00006258   Section        0  _printf_char_common.o(.text)
    _printf_input_char                       0x00006259   Thumb Code    10  _printf_char_common.o(.text)
    .text                                    0x00006288   Section        0  defsig_rtmem_outer.o(.text)
    .text                                    0x00006298   Section       96  sys_stackheap_outer.o(.text)
    .text                                    0x000062f8   Section        0  exit.o(.text)
    .text                                    0x0000630c   Section        0  defsig_exit.o(.text)
    .text                                    0x0000631c   Section        0  defsig_rtmem_inner.o(.text)
    .text                                    0x00006370   Section        0  defsig_general.o(.text)
    .text_udiv                               0x000063a8   Section       36  aeabi_sdiv.o(.text_udiv)
    PORT_ASM                                 0x000063cc   Section      392  portasm.o(PORT_ASM)
    i.__ARM_common_call_via_r1               0x0000656c   Section        0  __printf.o(i.__ARM_common_call_via_r1)
    i.__ARM_common_call_via_r2               0x0000656e   Section        0  __printf.o(i.__ARM_common_call_via_r2)
    .constdata                               0x00006570   Section      836  ui.o(.constdata)
    .constdata                               0x000068b4   Section      768  font5x7.o(.constdata)
    .constdata                               0x00006bb4   Section        8  lcd_grph.o(.constdata)
    font_mask                                0x00006bb4   Data           8  lcd_grph.o(.constdata)
    .conststring                             0x00006bbc   Section       10  console.o(.conststring)
    .data                                    0xa0000000   Section        8  console.o(.data)
    xPort                                    0xa0000000   Data           4  console.o(.data)
    .data                                    0xa0000008   Section        4  retarget.o(.data)
    .data                                    0xa000000c   Section       12  serial.o(.data)
    xRxedChars                               0xa000000c   Data           4  serial.o(.data)
    xCharsForTx                              0xa0000010   Data           4  serial.o(.data)
    lTHREEmpty                               0xa0000014   Data           4  serial.o(.data)
    .data                                    0xa0000018   Section        4  lcd.o(.data)
    .data                                    0xa000001c   Section       60  tasks.o(.data)
    pxDelayedTaskList                        0xa0000020   Data           4  tasks.o(.data)
    pxOverflowDelayedTaskList                0xa0000024   Data           4  tasks.o(.data)
    uxDeletedTasksWaitingCleanUp             0xa0000028   Data           4  tasks.o(.data)
    uxCurrentNumberOfTasks                   0xa000002c   Data           4  tasks.o(.data)
    xTickCount                               0xa0000030   Data           4  tasks.o(.data)
    uxTopReadyPriority                       0xa0000034   Data           4  tasks.o(.data)
    xSchedulerRunning                        0xa0000038   Data           4  tasks.o(.data)
    uxPendedTicks                            0xa000003c   Data           4  tasks.o(.data)
    xYieldPending                            0xa0000040   Data           4  tasks.o(.data)
    xNumOfOverflows                          0xa0000044   Data           4  tasks.o(.data)
    uxTaskNumber                             0xa0000048   Data           4  tasks.o(.data)
    xNextTaskUnblockTime                     0xa000004c   Data           4  tasks.o(.data)
    xIdleTaskHandle                          0xa0000050   Data           4  tasks.o(.data)
    uxSchedulerSuspended                     0xa0000054   Data           4  tasks.o(.data)
    .data                                    0xa0000058   Section        4  port.o(.data)
    .data                                    0xa000005c   Section        4  lcd_grph.o(.data)
    foregroundColor                          0xa000005c   Data           2  lcd_grph.o(.data)
    backgroundColor                          0xa000005e   Data           2  lcd_grph.o(.data)
    .data                                    0xa0000060   Section        1  lcd_hw.o(.data)
    .bss                                     0xa0000064   Section      852  ui.o(.bss)
    .bss                                     0xa00003b8   Section      180  tasks.o(.bss)
    pxReadyTasksLists                        0xa00003b8   Data          80  tasks.o(.bss)
    xDelayedTaskList1                        0xa0000408   Data          20  tasks.o(.bss)
    xDelayedTaskList2                        0xa000041c   Data          20  tasks.o(.bss)
    xPendingReadyList                        0xa0000430   Data          20  tasks.o(.bss)
    xTasksWaitingTermination                 0xa0000444   Data          20  tasks.o(.bss)
    xSuspendedTaskList                       0xa0000458   Data          20  tasks.o(.bss)
    .bss                                     0xa000046c   Section       96  libspace.o(.bss)
    HEAP                                     0xa00004d0   Section    4194304  lpc2400.o(HEAP)
    Heap_Mem                                 0xa00004d0   Data       4194304  lpc2400.o(HEAP)
    STACK                                    0xa04004d0   Section     4880  lpc2400.o(STACK)
    Stack_Mem                                0xa04004d0   Data        4880  lpc2400.o(STACK)
    Stack_Top                                0xa04017e0   Data           0  lpc2400.o(STACK)

    Global Symbols

    Symbol Name                              Value     Ov Type        Size  Object(Section)

    BuildAttributes$$THM_ISAv1$ARM_ISAv4$S$PE$A:L22$X:L11$S22$IEEE1$IW$USESV6$~STKCKD$USESV7$~SHL$OTIME$ROPI$EBA8$UX$STANDARDLIB$REQ8$PRES8$EABIv2 0x00000000   Number         0  anon$$obj.o ABSOLUTE
    __ARM_use_no_argv                        0x00000000   Number         0  main.o ABSOLUTE
    __ARM_exceptions_init                     - Undefined Weak Reference
    __alloca_initialize                       - Undefined Weak Reference
    __arm_preinit_                            - Undefined Weak Reference
    __cpp_initialize__aeabi_                  - Undefined Weak Reference
    __cxa_finalize                            - Undefined Weak Reference
    __rt_locale                               - Undefined Weak Reference
    __sigvec_lookup                           - Undefined Weak Reference
    __user_heap_extent                        - Undefined Weak Reference
    _atexit_init                              - Undefined Weak Reference
    _call_atexit_fns                          - Undefined Weak Reference
    _clock_init                               - Undefined Weak Reference
    _fp_trap_init                             - Undefined Weak Reference
    _fp_trap_shutdown                         - Undefined Weak Reference
    _get_lc_collate                           - Undefined Weak Reference
    _get_lc_ctype                             - Undefined Weak Reference
    _get_lc_monetary                          - Undefined Weak Reference
    _get_lc_numeric                           - Undefined Weak Reference
    _get_lc_time                              - Undefined Weak Reference
    _getenv_init                              - Undefined Weak Reference
    _handle_redirection                       - Undefined Weak Reference
    _initio                                   - Undefined Weak Reference
    _mutex_acquire                            - Undefined Weak Reference
    _mutex_free                               - Undefined Weak Reference
    _mutex_release                            - Undefined Weak Reference
    _printf_mbtowc                            - Undefined Weak Reference
    _printf_post_padding                      - Undefined Weak Reference
    _printf_pre_padding                       - Undefined Weak Reference
    _printf_truncate_signed                   - Undefined Weak Reference
    _printf_truncate_unsigned                 - Undefined Weak Reference
    _rand_init                                - Undefined Weak Reference
    _signal_finish                            - Undefined Weak Reference
    _signal_init                              - Undefined Weak Reference
    _terminateio                              - Undefined Weak Reference
    Reset_Handler                            0x00000058   ARM Code       0  lpc2400.o(RESET)
    __main                                   0x00000340   ARM Code       8  __main.o(!!!main)
    __scatterload                            0x00000348   ARM Code       0  __scatter.o(!!!scatter)
    __scatterload_rt2                        0x00000348   ARM Code      52  __scatter.o(!!!scatter)
    __scatterload_null                       0x0000035c   ARM Code       0  __scatter.o(!!!scatter)
    __scatterload_copy                       0x00000384   ARM Code      40  __scatter_copy.o(!!handler_copy)
    __scatterload_zeroinit                   0x000003ac   ARM Code      44  __scatter_zi.o(!!handler_zi)
    Inline Thumb to ARM Veneer to _printf_percent 0x000003d9   Thumb Code     4  _printf_percent.o(.ARM.Collect$$_printf_percent$$00000000)
    _printf_percent                          0x000003dc   ARM Code       0  _printf_percent.o(.ARM.Collect$$_printf_percent$$00000000)
    _printf_u                                0x000003dc   ARM Code       0  _printf_u.o(.ARM.Collect$$_printf_percent$$0000000A)
    _printf_s                                0x000003e4   ARM Code       0  _printf_s.o(.ARM.Collect$$_printf_percent$$00000014)
    _printf_percent_end                      0x000003ec   ARM Code       0  _printf_percent_end.o(.ARM.Collect$$_printf_percent$$00000017)
    Inline ARM to Thumb Veneer to __rt_lib_init 0x000003f4   ARM Code       8  libinit.o(.ARM.Collect$$libinit$$00000000)
    __rt_lib_init                            0x000003fd   Thumb Code     0  libinit.o(.ARM.Collect$$libinit$$00000000)
    __rt_lib_init_fp_1                       0x000003ff   Thumb Code     0  libinit2.o(.ARM.Collect$$libinit$$00000002)
    __rt_lib_init_heap_2                     0x000003ff   Thumb Code     0  libinit2.o(.ARM.Collect$$libinit$$00000005)
    __rt_lib_init_preinit_1                  0x000003ff   Thumb Code     0  libinit2.o(.ARM.Collect$$libinit$$00000004)
    __rt_lib_init_alloca_1                   0x00000407   Thumb Code     0  libinit2.o(.ARM.Collect$$libinit$$0000002E)
    __rt_lib_init_argv_1                     0x00000407   Thumb Code     0  libinit2.o(.ARM.Collect$$libinit$$0000002C)
    __rt_lib_init_atexit_1                   0x00000407   Thumb Code     0  libinit2.o(.ARM.Collect$$libinit$$0000001B)
    __rt_lib_init_clock_1                    0x00000407   Thumb Code     0  libinit2.o(.ARM.Collect$$libinit$$00000021)
    __rt_lib_init_cpp_1                      0x00000407   Thumb Code     0  libinit2.o(.ARM.Collect$$libinit$$00000032)
    __rt_lib_init_exceptions_1               0x00000407   Thumb Code     0  libinit2.o(.ARM.Collect$$libinit$$00000030)
    __rt_lib_init_fp_trap_1                  0x00000407   Thumb Code     0  libinit2.o(.ARM.Collect$$libinit$$0000001F)
    __rt_lib_init_getenv_1                   0x00000407   Thumb Code     0  libinit2.o(.ARM.Collect$$libinit$$00000023)
    __rt_lib_init_heap_1                     0x00000407   Thumb Code     0  libinit2.o(.ARM.Collect$$libinit$$0000000A)
    __rt_lib_init_lc_collate_1               0x00000407   Thumb Code     0  libinit2.o(.ARM.Collect$$libinit$$00000011)
    __rt_lib_init_lc_ctype_1                 0x00000407   Thumb Code     0  libinit2.o(.ARM.Collect$$libinit$$00000013)
    __rt_lib_init_lc_monetary_1              0x00000407   Thumb Code     0  libinit2.o(.ARM.Collect$$libinit$$00000015)
    __rt_lib_init_lc_numeric_1               0x00000407   Thumb Code     0  libinit2.o(.ARM.Collect$$libinit$$00000017)
    __rt_lib_init_lc_time_1                  0x00000407   Thumb Code     0  libinit2.o(.ARM.Collect$$libinit$$00000019)
    __rt_lib_init_rand_1                     0x00000407   Thumb Code     0  libinit2.o(.ARM.Collect$$libinit$$0000000E)
    __rt_lib_init_return                     0x00000407   Thumb Code     0  libinit2.o(.ARM.Collect$$libinit$$00000033)
    __rt_lib_init_signal_1                   0x00000407   Thumb Code     0  libinit2.o(.ARM.Collect$$libinit$$0000001D)
    __rt_lib_init_stdio_1                    0x00000407   Thumb Code     0  libinit2.o(.ARM.Collect$$libinit$$00000025)
    __rt_lib_init_user_alloc_1               0x00000407   Thumb Code     0  libinit2.o(.ARM.Collect$$libinit$$0000000C)
    Inline ARM to Thumb Veneer to __rt_lib_shutdown 0x00000414   ARM Code       8  libshutdown.o(.ARM.Collect$$libshutdown$$00000000)
    __rt_lib_shutdown                        0x0000041d   Thumb Code     0  libshutdown.o(.ARM.Collect$$libshutdown$$00000000)
    __rt_lib_shutdown_cpp_1                  0x00000421   Thumb Code     0  libshutdown2.o(.ARM.Collect$$libshutdown$$00000002)
    __rt_lib_shutdown_fp_trap_1              0x00000421   Thumb Code     0  libshutdown2.o(.ARM.Collect$$libshutdown$$00000007)
    __rt_lib_shutdown_heap_1                 0x00000421   Thumb Code     0  libshutdown2.o(.ARM.Collect$$libshutdown$$0000000F)
    __rt_lib_shutdown_return                 0x00000421   Thumb Code     0  libshutdown2.o(.ARM.Collect$$libshutdown$$00000010)
    __rt_lib_shutdown_signal_1               0x00000421   Thumb Code     0  libshutdown2.o(.ARM.Collect$$libshutdown$$0000000A)
    __rt_lib_shutdown_stdio_1                0x00000421   Thumb Code     0  libshutdown2.o(.ARM.Collect$$libshutdown$$00000004)
    __rt_lib_shutdown_user_alloc_1           0x00000421   Thumb Code     0  libshutdown2.o(.ARM.Collect$$libshutdown$$0000000C)
    __rt_entry                               0x00000428   ARM Code       0  __rtentry.o(.ARM.Collect$$rtentry$$00000000)
    __rt_entry_presh_1                       0x00000428   ARM Code       0  __rtentry2.o(.ARM.Collect$$rtentry$$00000002)
    __rt_entry_sh                            0x00000428   ARM Code       0  __rtentry4.o(.ARM.Collect$$rtentry$$00000004)
    __rt_entry_li                            0x00000430   ARM Code       0  __rtentry2.o(.ARM.Collect$$rtentry$$0000000A)
    __rt_entry_postsh_1                      0x00000430   ARM Code       0  __rtentry2.o(.ARM.Collect$$rtentry$$00000009)
    __rt_entry_main                          0x00000434   ARM Code       0  __rtentry2.o(.ARM.Collect$$rtentry$$0000000D)
    __rt_entry_postli_1                      0x00000434   ARM Code       0  __rtentry2.o(.ARM.Collect$$rtentry$$0000000C)
    Inline Thumb to ARM Veneer to __rt_exit  0x0000045d   Thumb Code     4  rtexit.o(.ARM.Collect$$rtexit$$00000000)
    __rt_exit                                0x00000460   ARM Code       0  rtexit.o(.ARM.Collect$$rtexit$$00000000)
    __rt_exit_ls                             0x00000464   ARM Code       0  rtexit2.o(.ARM.Collect$$rtexit$$00000003)
    __rt_exit_prels_1                        0x00000464   ARM Code       0  rtexit2.o(.ARM.Collect$$rtexit$$00000002)
    __rt_exit_exit                           0x00000468   ARM Code       0  rtexit2.o(.ARM.Collect$$rtexit$$00000004)
    __user_initial_stackheap                 0x00000470   ARM Code       0  lpc2400.o(.text)
    _maybe_terminate_alloc                   0x00000471   Thumb Code     0  maybetermalloc1.o(.emb_text)
    main                                     0x00000528   ARM Code      44  main.o(.text)
    vStartConsole                            0x000005f8   ARM Code      80  console.o(.text)
    xConsolePortHandle                       0x00000648   ARM Code      12  console.o(.text)
    fputc                                    0x00000684   ARM Code      48  retarget.o(.text)
    fgetc                                    0x000006b4   ARM Code      68  retarget.o(.text)
    ferror                                   0x000006f8   ARM Code      12  retarget.o(.text)
    _ttywrch                                 0x00000704   ARM Code      40  retarget.o(.text)
    _sys_exit                                0x0000072c   ARM Code       8  retarget.o(.text)
    xSerialPortInitMinimal                   0x00000734   ARM Code     292  serial.o(.text)
    xSerialGetChar                           0x00000858   ARM Code      68  serial.o(.text)
    xSerialPutChar                           0x0000089c   ARM Code     172  serial.o(.text)
    vSerialPutString                         0x00000948   ARM Code      72  serial.o(.text)
    vUART_ISRHandler                         0x00000990   ARM Code     276  serial.o(.text)
    vUART_ISREntry                           0x00000abc   ARM Code       0  serialisr.o(.text)
    vStartLcd                                0x00000fe0   ARM Code     112  lcd.o(.text)
    vLCD_ISRHandler                          0x00001050   ARM Code      72  lcd.o(.text)
    vLCD_ISREntry                            0x000010a0   ARM Code       0  lcdisr.o(.text)
    initialiseButtons                        0x00001134   ARM Code     680  ui.o(.text)
    drawDefaultInterface                     0x000013dc   ARM Code    1560  ui.o(.text)
    setButtonController                      0x000019f4   ARM Code      36  ui.o(.text)
    getButtons                               0x00001ab0   ARM Code     320  sensors.o(.text)
    vStartSensors                            0x00001c88   ARM Code     144  sensors.o(.text)
    vListInitialise                          0x00001d80   ARM Code      44  list.o(.text)
    vListInitialiseItem                      0x00001dac   ARM Code      12  list.o(.text)
    vListInsertEnd                           0x00001db8   ARM Code      48  list.o(.text)
    vListInsert                              0x00001de8   ARM Code      96  list.o(.text)
    uxListRemove                             0x00001e48   ARM Code      76  list.o(.text)
    xQueueGenericReset                       0x00001e94   ARM Code     188  queue.o(.text)
    xQueueGenericCreate                      0x00001f98   ARM Code      96  queue.o(.text)
    xQueueGenericSend                        0x000021e8   ARM Code     380  queue.o(.text)
    xQueueGenericSendFromISR                 0x00002364   ARM Code     188  queue.o(.text)
    xQueueGiveFromISR                        0x00002420   ARM Code     164  queue.o(.text)
    xQueueGenericReceive                     0x00002550   ARM Code     440  queue.o(.text)
    xQueueReceiveFromISR                     0x00002708   ARM Code     176  queue.o(.text)
    xQueuePeekFromISR                        0x000027b8   ARM Code      76  queue.o(.text)
    uxQueueMessagesWaiting                   0x00002804   ARM Code      32  queue.o(.text)
    uxQueueSpacesAvailable                   0x00002824   ARM Code      44  queue.o(.text)
    uxQueueMessagesWaitingFromISR            0x00002850   ARM Code      12  queue.o(.text)
    vQueueDelete                             0x0000285c   ARM Code      28  queue.o(.text)
    xQueueIsQueueEmptyFromISR                0x00002878   ARM Code      32  queue.o(.text)
    xQueueIsQueueFullFromISR                 0x00002898   ARM Code      36  queue.o(.text)
    xTaskCreate                              0x00002afc   ARM Code     172  tasks.o(.text)
    vTaskDelete                              0x00002c20   ARM Code     220  tasks.o(.text)
    xTaskIncrementTick                       0x00002cfc   ARM Code     440  tasks.o(.text)
    xTaskResumeAll                           0x00002eb4   ARM Code     348  tasks.o(.text)
    vTaskSuspendAll                          0x000030c8   ARM Code      24  tasks.o(.text)
    vTaskDelayUntil                          0x000030e0   ARM Code     152  tasks.o(.text)
    vTaskDelay                               0x00003178   ARM Code      64  tasks.o(.text)
    uxTaskPriorityGet                        0x000031b8   ARM Code      60  tasks.o(.text)
    uxTaskPriorityGetFromISR                 0x000031f4   ARM Code      44  tasks.o(.text)
    vTaskPrioritySet                         0x00003220   ARM Code     312  tasks.o(.text)
    vTaskSwitchContext                       0x00003358   ARM Code     184  tasks.o(.text)
    vTaskSuspend                             0x00003410   ARM Code     204  tasks.o(.text)
    vTaskResume                              0x00003558   ARM Code     160  tasks.o(.text)
    xTaskResumeFromISR                       0x000035f8   ARM Code     172  tasks.o(.text)
    vTaskStartScheduler                      0x000037b4   ARM Code     112  tasks.o(.text)
    vTaskEndScheduler                        0x00003824   ARM Code      40  tasks.o(.text)
    xTaskGetTickCount                        0x0000384c   ARM Code      32  tasks.o(.text)
    xTaskGetTickCountFromISR                 0x0000386c   ARM Code      16  tasks.o(.text)
    uxTaskGetNumberOfTasks                   0x0000387c   ARM Code      12  tasks.o(.text)
    pcTaskGetName                            0x00003888   ARM Code      40  tasks.o(.text)
    vTaskPlaceOnEventList                    0x000038b0   ARM Code      52  tasks.o(.text)
    vTaskPlaceOnUnorderedEventList           0x000038e4   ARM Code      72  tasks.o(.text)
    xTaskRemoveFromEventList                 0x0000392c   ARM Code     196  tasks.o(.text)
    xTaskRemoveFromUnorderedEventList        0x000039f0   ARM Code     156  tasks.o(.text)
    vTaskSetTimeOutState                     0x00003a8c   ARM Code      28  tasks.o(.text)
    xTaskCheckForTimeOut                     0x00003aa8   ARM Code     160  tasks.o(.text)
    vTaskMissedYield                         0x00003b48   ARM Code      16  tasks.o(.text)
    uxTaskResetEventItemValue                0x00003b58   ARM Code      44  tasks.o(.text)
    ulTaskNotifyTake                         0x00003b84   ARM Code     180  tasks.o(.text)
    xTaskNotifyWait                          0x00003c38   ARM Code     228  tasks.o(.text)
    xTaskGenericNotify                       0x00003d1c   ARM Code     300  tasks.o(.text)
    xTaskGenericNotifyFromISR                0x00003e48   ARM Code     364  tasks.o(.text)
    vTaskNotifyGiveFromISR                   0x00003fb4   ARM Code     212  tasks.o(.text)
    xTaskNotifyStateClear                    0x00004088   ARM Code      88  tasks.o(.text)
    pxPortInitialiseStack                    0x000040e0   ARM Code     240  port.o(.text)
    xPortStartScheduler                      0x00004244   ARM Code      24  port.o(.text)
    vPortEndScheduler                        0x0000425c   ARM Code       4  port.o(.text)
    vPortEnterCritical                       0x00004260   ARM Code      36  port.o(.text)
    vPortExitCritical                        0x00004284   ARM Code      68  port.o(.text)
    pvPortMalloc                             0x000042ec   ARM Code      40  heap_3.o(.text)
    vPortFree                                0x00004314   ARM Code      40  heap_3.o(.text)
    lcd_movePen                              0x0000433c   ARM Code     108  lcd_grph.o(.text)
    lcd_point                                0x000043a8   ARM Code      72  lcd_grph.o(.text)
    lcd_setWindow                            0x000044b4   ARM Code     144  lcd_grph.o(.text)
    lcd_fillScreen                           0x00004544   ARM Code     120  lcd_grph.o(.text)
    lcd_drawRect                             0x000045bc   ARM Code     112  lcd_grph.o(.text)
    lcd_fillRect                             0x0000462c   ARM Code     188  lcd_grph.o(.text)
    lcd_line                                 0x000046e8   ARM Code     536  lcd_grph.o(.text)
    lcd_circle                               0x00004900   ARM Code    1184  lcd_grph.o(.text)
    lcd_putChar                              0x00004da0   ARM Code     248  lcd_grph.o(.text)
    lcd_putString                            0x00004e98   ARM Code      92  lcd_grph.o(.text)
    lcd_fontColor                            0x00004ef4   ARM Code      20  lcd_grph.o(.text)
    lcd_pictureBegin                         0x00004f08   ARM Code      84  lcd_grph.o(.text)
    lcd_pictureData                          0x00004f5c   ARM Code      60  lcd_grph.o(.text)
    lcd_pictureEnd                           0x00004f98   ARM Code      32  lcd_grph.o(.text)
    lcd_picture                              0x00004fb8   ARM Code      76  lcd_grph.o(.text)
    mdelay                                   0x00005028   ARM Code      24  lcd_hw.o(.text)
    lcd_hw_init                              0x000050a8   ARM Code     384  lcd_hw.o(.text)
    writeToDisp                              0x00005228   ARM Code      12  lcd_hw.o(.text)
    readFromDisp                             0x00005234   ARM Code      40  lcd_hw.o(.text)
    writeToReg                               0x0000525c   ARM Code      56  lcd_hw.o(.text)
    readFromReg                              0x00005294   ARM Code      60  lcd_hw.o(.text)
    writeLcdCommand                          0x000052d0   ARM Code     252  lcd_hw.o(.text)
    lcd_init                                 0x000053cc   ARM Code    1104  lcd_hw.o(.text)
    getTouch                                 0x0000581c   ARM Code     336  lcd_hw.o(.text)
    __I$use$semihosting                      0x00005a64   ARM Code       0  use_no_semi.o(.text)
    __use_no_semihosting_swi                 0x00005a64   ARM Code       4  use_no_semi.o(.text)
    Inline ARM to Thumb Veneer to malloc     0x00005a68   ARM Code       8  h1_alloc.o(.text)
    malloc                                   0x00005a71   Thumb Code   110  h1_alloc.o(.text)
    Inline ARM to Thumb Veneer to free       0x00005ae0   ARM Code       8  h1_free.o(.text)
    free                                     0x00005ae9   Thumb Code    84  h1_free.o(.text)
    Inline ARM to Thumb Veneer to __2printf  0x00005b3c   ARM Code       8  noretval__2printf.o(.text)
    __2printf                                0x00005b45   Thumb Code    22  noretval__2printf.o(.text)
    __printf                                 0x00005b61   Thumb Code   118  __printf.o(.text)
    _printf_str                              0x00005bd7   Thumb Code    88  _printf_str.o(.text)
    Inline ARM to Thumb Veneer to _printf_int_dec 0x00005c30   ARM Code       8  _printf_dec.o(.text)
    _printf_int_dec                          0x00005c39   Thumb Code    94  _printf_dec.o(.text)
    Inline ARM to Thumb Veneer to strcpy     0x00005ca8   ARM Code       8  strcpy.o(.text)
    strcpy                                   0x00005cb1   Thumb Code    74  strcpy.o(.text)
    Inline ARM to Thumb Veneer to strlen     0x00005d00   ARM Code       8  strlen.o(.text)
    strlen                                   0x00005d09   Thumb Code    64  strlen.o(.text)
    __aeabi_memcpy                           0x00005d4c   ARM Code       0  rt_memcpy.o(.text)
    __rt_memcpy                              0x00005d4c   ARM Code     212  rt_memcpy.o(.text)
    _memcpy_lastbytes                        0x00005e00   ARM Code       0  rt_memcpy.o(.text)
    __aeabi_memcpy4                          0x00005e20   ARM Code       0  rt_memcpy_w.o(.text)
    __aeabi_memcpy8                          0x00005e20   ARM Code       0  rt_memcpy_w.o(.text)
    __rt_memcpy_w                            0x00005e20   ARM Code     100  rt_memcpy_w.o(.text)
    _memcpy_lastbytes_aligned                0x00005e6c   ARM Code       0  rt_memcpy_w.o(.text)
    __aeabi_idiv                             0x00005e84   ARM Code       0  aeabi_sdiv.o(.text)
    __aeabi_idivmod                          0x00005e84   ARM Code     384  aeabi_sdiv.o(.text)
    __use_two_region_memory                  0x00006005   Thumb Code     2  heapauxi.o(.text)
    __rt_heap_escrow                         0x00006007   Thumb Code     2  heapauxi.o(.text)
    __rt_heap_expand                         0x00006009   Thumb Code     2  heapauxi.o(.text)
    Inline Thumb to ARM Veneer to __rt_heap_descriptor 0x0000600d   Thumb Code     4  rt_heap_descriptor_intlibspace.o(.text)
    __rt_heap_descriptor                     0x00006010   ARM Code      12  rt_heap_descriptor_intlibspace.o(.text)
    __use_no_heap                            0x0000601d   Thumb Code     2  hguard.o(.text)
    __heap$guard                             0x0000601f   Thumb Code     2  hguard.o(.text)
    _terminate_user_alloc                    0x00006021   Thumb Code     2  init_alloc.o(.text)
    _init_user_alloc                         0x00006023   Thumb Code     2  init_alloc.o(.text)
    __Heap_Full                              0x00006025   Thumb Code    36  init_alloc.o(.text)
    __Heap_Broken                            0x00006049   Thumb Code    14  init_alloc.o(.text)
    _init_alloc                              0x00006057   Thumb Code    94  init_alloc.o(.text)
    __Heap_Initialize                        0x000060b5   Thumb Code    10  h1_init.o(.text)
    __Heap_DescSize                          0x000060bf   Thumb Code     4  h1_init.o(.text)
    _printf_int_common                       0x000060c3   Thumb Code   186  _printf_intcommon.o(.text)
    Inline ARM to Thumb Veneer to _printf_string 0x0000617c   ARM Code       8  _printf_char.o(.text)
    _printf_cs_common                        0x00006185   Thumb Code    26  _printf_char.o(.text)
    _printf_char                             0x0000619f   Thumb Code    16  _printf_char.o(.text)
    _printf_string                           0x000061af   Thumb Code     8  _printf_char.o(.text)
    _printf_char_file                        0x000061b9   Thumb Code    38  _printf_char_file.o(.text)
    Inline Thumb to ARM Veneer to __rt_udiv10 0x000061e5   Thumb Code     4  rtudiv10.o(.text)
    __rt_udiv10                              0x000061e8   ARM Code      44  rtudiv10.o(.text)
    __user_libspace                          0x00006214   ARM Code      12  libspace.o(.text)
    __user_perproc_libspace                  0x00006214   ARM Code       0  libspace.o(.text)
    __user_perthread_libspace                0x00006214   ARM Code       0  libspace.o(.text)
    __Heap_ProvideMemory                     0x00006221   Thumb Code    56  h1_extend.o(.text)
    _printf_char_common                      0x00006263   Thumb Code    34  _printf_char_common.o(.text)
    __rt_SIGRTMEM                            0x00006289   Thumb Code    16  defsig_rtmem_outer.o(.text)
    __user_setup_stackheap                   0x00006298   ARM Code      96  sys_stackheap_outer.o(.text)
    exit                                     0x000062f9   Thumb Code    20  exit.o(.text)
    __sig_exit                               0x0000630d   Thumb Code    16  defsig_exit.o(.text)
    __rt_SIGRTMEM_inner                      0x0000631d   Thumb Code    26  defsig_rtmem_inner.o(.text)
    __default_signal_display                 0x00006371   Thumb Code    56  defsig_general.o(.text)
    __aeabi_uidiv                            0x000063a8   ARM Code       0  aeabi_sdiv.o(.text_udiv)
    __aeabi_uidivmod                         0x000063a8   ARM Code      36  aeabi_sdiv.o(.text_udiv)
    vPortStartFirstTask                      0x000063cc   ARM Code       0  portasm.o(PORT_ASM)
    vPortYield                               0x000063fc   ARM Code       0  portasm.o(PORT_ASM)
    vPortYieldProcessor                      0x00006404   ARM Code       0  portasm.o(PORT_ASM)
    vPreemptiveTick                          0x00006490   ARM Code       0  portasm.o(PORT_ASM)
    Short Thumb to ARM Veneer to ferror      0x00006555   Thumb Code     8  anon$$obj.o(Veneer$$Code)
    Short Thumb to ARM Veneer to _sys_exit   0x0000655d   Thumb Code     8  anon$$obj.o(Veneer$$Code)
    Short Thumb to ARM Veneer to _ttywrch    0x00006565   Thumb Code     8  anon$$obj.o(Veneer$$Code)
    __ARM_common_call_via_r1                 0x0000656d   Thumb Code     2  __printf.o(i.__ARM_common_call_via_r1)
    __ARM_common_call_via_r2                 0x0000656f   Thumb Code     2  __printf.o(i.__ARM_common_call_via_r2)
    font5x7                                  0x000068b4   Data         768  font5x7.o(.constdata)
    Region$$Table$$Base                      0x00006bc8   Number         0  anon$$obj.o(Region$$Table)
    Region$$Table$$Limit                     0x00006be8   Number         0  anon$$obj.o(Region$$Table)
    pcPrompt                                 0xa0000004   Data           4  console.o(.data)
    __stdout                                 0xa0000008   Data           4  retarget.o(.data)
    xLcdSemphr                               0xa0000018   Data           4  lcd.o(.data)
    pxCurrentTCB                             0xa000001c   Data           4  tasks.o(.data)
    ulCriticalNesting                        0xa0000058   Data           4  port.o(.data)
    activeController                         0xa0000060   Data           1  lcd_hw.o(.data)
    buttonController                         0xa0000064   Data          60  ui.o(.bss)
    presets                                  0xa00000a0   Data          88  ui.o(.bss)
    dimmers                                  0xa00000f8   Data         176  ui.o(.bss)
    adjusters                                0xa00001a8   Data         352  ui.o(.bss)
    adjusterReading                          0xa0000308   Data         176  ui.o(.bss)
    __libspace_start                         0xa000046c   Data          96  libspace.o(.bss)
    __temporary_stack_top$libspace           0xa00004cc   Data           0  libspace.o(.bss)



==============================================================================

Memory Map of the image

  Image Entry point : 0x00000340

  Load Region LR_IROM1 (Base: 0x00000000, Size: 0x00006c4c, Max: 0x00080000, ABSOLUTE)

    Execution Region ER_IROM1 (Base: 0x00000000, Size: 0x00006be8, Max: 0x00080000, ABSOLUTE)

    Base Addr    Size         Type   Attr      Idx    E Section Name        Object

    0x00000000   0x00000340   Code   RO            3    RESET               lpc2400.o
    0x00000340   0x00000008   Code   RO          499  * !!!main             c_t.l(__main.o)
    0x00000348   0x0000003c   Code   RO          719    !!!scatter          c_t.l(__scatter.o)
    0x00000384   0x00000028   Code   RO          721    !!handler_copy      c_t.l(__scatter_copy.o)
    0x000003ac   0x0000002c   Code   RO          723    !!handler_zi        c_t.l(__scatter_zi.o)
    0x000003d8   0x00000004   Ven    RO          472    .ARM.Collect$$_printf_percent$$00000000  c_t.l(_printf_percent.o)
    0x000003dc   0x00000000   Code   RO          472    .ARM.Collect$$_printf_percent$$00000000  c_t.l(_printf_percent.o)
    0x000003dc   0x00000008   Code   RO          471    .ARM.Collect$$_printf_percent$$0000000A  c_t.l(_printf_u.o)
    0x000003e4   0x00000008   Code   RO          470    .ARM.Collect$$_printf_percent$$00000014  c_t.l(_printf_s.o)
    0x000003ec   0x00000008   Code   RO          539    .ARM.Collect$$_printf_percent$$00000017  c_t.l(_printf_percent_end.o)
    0x000003f4   0x00000008   Ven    RO          662    .ARM.Collect$$libinit$$00000000  c_t.l(libinit.o)
    0x000003fc   0x00000002   Code   RO          662    .ARM.Collect$$libinit$$00000000  c_t.l(libinit.o)
    0x000003fe   0x00000000   Code   RO          545    .ARM.Collect$$libinit$$00000002  c_t.l(libinit2.o)
    0x000003fe   0x00000000   Code   RO          547    .ARM.Collect$$libinit$$00000004  c_t.l(libinit2.o)
    0x000003fe   0x00000008   Code   RO          548    .ARM.Collect$$libinit$$00000005  c_t.l(libinit2.o)
    0x00000406   0x00000000   Code   RO          550    .ARM.Collect$$libinit$$0000000A  c_t.l(libinit2.o)
    0x00000406   0x00000000   Code   RO          552    .ARM.Collect$$libinit$$0000000C  c_t.l(libinit2.o)
    0x00000406   0x00000000   Code   RO          554    .ARM.Collect$$libinit$$0000000E  c_t.l(libinit2.o)
    0x00000406   0x00000000   Code   RO          557    .ARM.Collect$$libinit$$00000011  c_t.l(libinit2.o)
    0x00000406   0x00000000   Code   RO          559    .ARM.Collect$$libinit$$00000013  c_t.l(libinit2.o)
    0x00000406   0x00000000   Code   RO          561    .ARM.Collect$$libinit$$00000015  c_t.l(libinit2.o)
    0x00000406   0x00000000   Code   RO          563    .ARM.Collect$$libinit$$00000017  c_t.l(libinit2.o)
    0x00000406   0x00000000   Code   RO          565    .ARM.Collect$$libinit$$00000019  c_t.l(libinit2.o)
    0x00000406   0x00000000   Code   RO          567    .ARM.Collect$$libinit$$0000001B  c_t.l(libinit2.o)
    0x00000406   0x00000000   Code   RO          569    .ARM.Collect$$libinit$$0000001D  c_t.l(libinit2.o)
    0x00000406   0x00000000   Code   RO          571    .ARM.Collect$$libinit$$0000001F  c_t.l(libinit2.o)
    0x00000406   0x00000000   Code   RO          573    .ARM.Collect$$libinit$$00000021  c_t.l(libinit2.o)
    0x00000406   0x00000000   Code   RO          575    .ARM.Collect$$libinit$$00000023  c_t.l(libinit2.o)
    0x00000406   0x00000000   Code   RO          577    .ARM.Collect$$libinit$$00000025  c_t.l(libinit2.o)
    0x00000406   0x00000000   Code   RO          581    .ARM.Collect$$libinit$$0000002C  c_t.l(libinit2.o)
    0x00000406   0x00000000   Code   RO          583    .ARM.Collect$$libinit$$0000002E  c_t.l(libinit2.o)
    0x00000406   0x00000000   Code   RO          585    .ARM.Collect$$libinit$$00000030  c_t.l(libinit2.o)
    0x00000406   0x00000000   Code   RO          587    .ARM.Collect$$libinit$$00000032  c_t.l(libinit2.o)
    0x00000406   0x0000000c   Code   RO          588    .ARM.Collect$$libinit$$00000033  c_t.l(libinit2.o)
    0x00000412   0x00000002   PAD
    0x00000414   0x00000008   Ven    RO          716    .ARM.Collect$$libshutdown$$00000000  c_t.l(libshutdown.o)
    0x0000041c   0x00000004   Code   RO          716    .ARM.Collect$$libshutdown$$00000000  c_t.l(libshutdown.o)
    0x00000420   0x00000000   Code   RO          676    .ARM.Collect$$libshutdown$$00000002  c_t.l(libshutdown2.o)
    0x00000420   0x00000000   Code   RO          678    .ARM.Collect$$libshutdown$$00000004  c_t.l(libshutdown2.o)
    0x00000420   0x00000000   Code   RO          681    .ARM.Collect$$libshutdown$$00000007  c_t.l(libshutdown2.o)
    0x00000420   0x00000000   Code   RO          684    .ARM.Collect$$libshutdown$$0000000A  c_t.l(libshutdown2.o)
    0x00000420   0x00000000   Code   RO          686    .ARM.Collect$$libshutdown$$0000000C  c_t.l(libshutdown2.o)
    0x00000420   0x00000000   Code   RO          689    .ARM.Collect$$libshutdown$$0000000F  c_t.l(libshutdown2.o)
    0x00000420   0x00000006   Code   RO          690    .ARM.Collect$$libshutdown$$00000010  c_t.l(libshutdown2.o)
    0x00000426   0x00000002   PAD
    0x00000428   0x00000000   Code   RO          503    .ARM.Collect$$rtentry$$00000000  c_t.l(__rtentry.o)
    0x00000428   0x00000000   Code   RO          595    .ARM.Collect$$rtentry$$00000002  c_t.l(__rtentry2.o)
    0x00000428   0x00000008   Code   RO          607    .ARM.Collect$$rtentry$$00000004  c_t.l(__rtentry4.o)
    0x00000430   0x00000000   Code   RO          597    .ARM.Collect$$rtentry$$00000009  c_t.l(__rtentry2.o)
    0x00000430   0x00000004   Code   RO          598    .ARM.Collect$$rtentry$$0000000A  c_t.l(__rtentry2.o)
    0x00000434   0x00000000   Code   RO          600    .ARM.Collect$$rtentry$$0000000C  c_t.l(__rtentry2.o)
    0x00000434   0x00000028   Code   RO          601    .ARM.Collect$$rtentry$$0000000D  c_t.l(__rtentry2.o)
    0x0000045c   0x00000004   Ven    RO          663    .ARM.Collect$$rtexit$$00000000  c_t.l(rtexit.o)
    0x00000460   0x00000004   Code   RO          663    .ARM.Collect$$rtexit$$00000000  c_t.l(rtexit.o)
    0x00000464   0x00000000   Code   RO          692    .ARM.Collect$$rtexit$$00000002  c_t.l(rtexit2.o)
    0x00000464   0x00000004   Code   RO          693    .ARM.Collect$$rtexit$$00000003  c_t.l(rtexit2.o)
    0x00000468   0x00000008   Code   RO          694    .ARM.Collect$$rtexit$$00000004  c_t.l(rtexit2.o)
    0x00000470   0x00000000   Code   RO          613    .emb_text           c_t.l(maybetermalloc1.o)
    0x00000470   0x00000024   Code   RO            4    .text               lpc2400.o
    0x00000494   0x000000cc   Code   RO           11    .text               main.o
    0x00000560   0x00000124   Code   RO           82    .text               console.o
    0x00000684   0x000000b0   Code   RO          105    .text               retarget.o
    0x00000734   0x00000388   Code   RO          133    .text               serial.o
    0x00000abc   0x00000094   Code   RO          147    .text               serialisr.o
    0x00000b50   0x00000550   Code   RO          150    .text               lcd.o
    0x000010a0   0x00000094   Code   RO          184    .text               lcdisr.o
    0x00001134   0x0000097c   Code   RO          187    .text               ui.o
    0x00001ab0   0x000002d0   Code   RO          210    .text               sensors.o
    0x00001d80   0x00000114   Code   RO          225    .text               list.o
    0x00001e94   0x00000a28   Code   RO          237    .text               queue.o
    0x000028bc   0x00001824   Code   RO          249    .text               tasks.o
    0x000040e0   0x0000020c   Code   RO          271    .text               port.o
    0x000042ec   0x00000050   Code   RO          289    .text               heap_3.o
    0x0000433c   0x00000cec   Code   RO          316    .text               lcd_grph.o
    0x00005028   0x00000a3c   Code   RO          345    .text               lcd_hw.o
    0x00005a64   0x00000004   Code   RO          368    .text               c_t.l(use_no_semi.o)
    0x00005a68   0x00000008   Ven    RO          374    .text               c_t.l(h1_alloc.o)
    0x00005a70   0x0000006e   Code   RO          374    .text               c_t.l(h1_alloc.o)
    0x00005ade   0x00000002   PAD
    0x00005ae0   0x00000008   Ven    RO          376    .text               c_t.l(h1_free.o)
    0x00005ae8   0x00000054   Code   RO          376    .text               c_t.l(h1_free.o)
    0x00005b3c   0x00000008   Ven    RO          438    .text               c_t.l(noretval__2printf.o)
    0x00005b44   0x0000001c   Code   RO          438    .text               c_t.l(noretval__2printf.o)
    0x00005b60   0x00000076   Code   RO          440    .text               c_t.l(__printf.o)
    0x00005bd6   0x00000058   Code   RO          446    .text               c_t.l(_printf_str.o)
    0x00005c2e   0x00000002   PAD
    0x00005c30   0x00000008   Ven    RO          448    .text               c_t.l(_printf_dec.o)
    0x00005c38   0x00000070   Code   RO          448    .text               c_t.l(_printf_dec.o)
    0x00005ca8   0x00000008   Ven    RO          473    .text               c_t.l(strcpy.o)
    0x00005cb0   0x00000050   Code   RO          473    .text               c_t.l(strcpy.o)
    0x00005d00   0x00000008   Ven    RO          475    .text               c_t.l(strlen.o)
    0x00005d08   0x00000044   Code   RO          475    .text               c_t.l(strlen.o)
    0x00005d4c   0x000000d4   Code   RO          477    .text               c_t.l(rt_memcpy.o)
    0x00005e20   0x00000064   Code   RO          479    .text               c_t.l(rt_memcpy_w.o)
    0x00005e84   0x00000180   Code   RO          481    .text               c_t.l(aeabi_sdiv.o)
    0x00006004   0x00000006   Code   RO          497    .text               c_t.l(heapauxi.o)
    0x0000600a   0x00000002   PAD
    0x0000600c   0x00000004   Ven    RO          511    .text               c_t.l(rt_heap_descriptor_intlibspace.o)
    0x00006010   0x0000000c   Code   RO          511    .text               c_t.l(rt_heap_descriptor_intlibspace.o)
    0x0000601c   0x00000004   Code   RO          513    .text               c_t.l(hguard.o)
    0x00006020   0x00000094   Code   RO          515    .text               c_t.l(init_alloc.o)
    0x000060b4   0x0000000e   Code   RO          519    .text               c_t.l(h1_init.o)
    0x000060c2   0x000000ba   Code   RO          533    .text               c_t.l(_printf_intcommon.o)
    0x0000617c   0x00000008   Ven    RO          535    .text               c_t.l(_printf_char.o)
    0x00006184   0x00000032   Code   RO          535    .text               c_t.l(_printf_char.o)
    0x000061b6   0x00000002   PAD
    0x000061b8   0x0000002c   Code   RO          537    .text               c_t.l(_printf_char_file.o)
    0x000061e4   0x00000004   Ven    RO          540    .text               c_t.l(rtudiv10.o)
    0x000061e8   0x0000002c   Code   RO          540    .text               c_t.l(rtudiv10.o)
    0x00006214   0x0000000c   Code   RO          591    .text               c_t.l(libspace.o)
    0x00006220   0x00000038   Code   RO          615    .text               c_t.l(h1_extend.o)
    0x00006258   0x00000030   Code   RO          619    .text               c_t.l(_printf_char_common.o)
    0x00006288   0x00000010   Code   RO          621    .text               c_t.l(defsig_rtmem_outer.o)
    0x00006298   0x00000060   Code   RO          633    .text               c_t.l(sys_stackheap_outer.o)
    0x000062f8   0x00000014   Code   RO          643    .text               c_t.l(exit.o)
    0x0000630c   0x00000010   Code   RO          645    .text               c_t.l(defsig_exit.o)
    0x0000631c   0x00000054   Code   RO          651    .text               c_t.l(defsig_rtmem_inner.o)
    0x00006370   0x00000038   Code   RO          671    .text               c_t.l(defsig_general.o)
    0x000063a8   0x00000024   Code   RO          482    .text_udiv          c_t.l(aeabi_sdiv.o)
    0x000063cc   0x00000188   Code   RO          286    PORT_ASM            portasm.o
    0x00006554   0x00000008   Ven    RO          738    Veneer$$Code        anon$$obj.o
    0x0000655c   0x00000008   Ven    RO          739    Veneer$$Code        anon$$obj.o
    0x00006564   0x00000008   Ven    RO          740    Veneer$$Code        anon$$obj.o
    0x0000656c   0x00000002   Code   RO          444    i.__ARM_common_call_via_r1  c_t.l(__printf.o)
    0x0000656e   0x00000002   Code   RO          442    i.__ARM_common_call_via_r2  c_t.l(__printf.o)
    0x00006570   0x00000344   Data   RO          189    .constdata          ui.o
    0x000068b4   0x00000300   Data   RO          301    .constdata          font5x7.o
    0x00006bb4   0x00000008   Data   RO          317    .constdata          lcd_grph.o
    0x00006bbc   0x0000000a   Data   RO           83    .conststring        console.o
    0x00006bc6   0x00000002   PAD
    0x00006bc8   0x00000020   Data   RO          717    Region$$Table       anon$$obj.o


    Execution Region RW_RAM1 (Base: 0xa0000000, Size: 0x004017e0, Max: 0x02000000, ABSOLUTE)

    Base Addr    Size         Type   Attr      Idx    E Section Name        Object

    0xa0000000   0x00000008   Data   RW           84    .data               console.o
    0xa0000008   0x00000004   Data   RW          106    .data               retarget.o
    0xa000000c   0x0000000c   Data   RW          134    .data               serial.o
    0xa0000018   0x00000004   Data   RW          151    .data               lcd.o
    0xa000001c   0x0000003c   Data   RW          251    .data               tasks.o
    0xa0000058   0x00000004   Data   RW          272    .data               port.o
    0xa000005c   0x00000004   Data   RW          318    .data               lcd_grph.o
    0xa0000060   0x00000001   Data   RW          346    .data               lcd_hw.o
    0xa0000061   0x00000003   PAD
    0xa0000064   0x00000354   Zero   RW          188    .bss                ui.o
    0xa00003b8   0x000000b4   Zero   RW          250    .bss                tasks.o
    0xa000046c   0x00000060   Zero   RW          592    .bss                c_t.l(libspace.o)
    0xa00004cc   0x00000004   PAD
    0xa00004d0   0x00400000   Zero   RW            2    HEAP                lpc2400.o
    0xa04004d0   0x00001310   Zero   RW            1    STACK               lpc2400.o


==============================================================================

Image component sizes


      Code (inc. data)   RO Data    RW Data    ZI Data      Debug   Object Name

       292         48         10          8          0       1262   console.o
         0          0        768          0          0        590   font5x7.o
        80          0          0          0          0        825   heap_3.o
      1360         68          0          4          0       4109   lcd.o
      3308         36          8          4          0       9475   lcd_grph.o
      2620        248          0          1          0       3674   lcd_hw.o
       148         12          0          0          0        252   lcdisr.o
       276          0          0          0          0       1882   list.o
       868        112          0          0    4199184        752   lpc2400.o
       204         12          0          0          0      18827   main.o
       524         36          0          4          0       3003   port.o
       392         20          0          0          0        376   portasm.o
      2600          0          0          0          0       9918   queue.o
       176          0          0          4          0       3162   retarget.o
       720        104          0          0          0       1279   sensors.o
       904         24          0         12          0       2517   serial.o
       148         12          0          0          0        260   serialisr.o
      6180         96          0         60        180      18523   tasks.o
      2428        152        836          0        852       2674   ui.o

    ----------------------------------------------------------------------
     23252        980       1656        100    4200216      83360   Object Totals
        24          0         32          0          0          0   (incl. Generated)
         0          0          2          3          0          0   (incl. Padding)

    ----------------------------------------------------------------------

      Code (inc. data)   RO Data    RW Data    ZI Data      Debug   Library Member Name

         8          0          0          0          0         68   __main.o
       122          0          0          0          0        208   __printf.o
         0          0          0          0          0          0   __rtentry.o
        44          4          0          0          0          0   __rtentry2.o
         8          0          0          0          0          0   __rtentry4.o
        60          8          0          0          0          0   __scatter.o
        40          0          0          0          0          0   __scatter_copy.o
        44          0          0          0          0          0   __scatter_zi.o
        58          0          0          0          0        112   _printf_char.o
        48          4          0          0          0         96   _printf_char_common.o
        44          6          0          0          0         88   _printf_char_file.o
       120         18          0          0          0         88   _printf_dec.o
       186          0          0          0          0         96   _printf_intcommon.o
         4          0          0          0          0          0   _printf_percent.o
         8          0          0          0          0          0   _printf_percent_end.o
         8          0          0          0          0          0   _printf_s.o
        88          0          0          0          0         84   _printf_str.o
         8          0          0          0          0          0   _printf_u.o
       420          0          0          0          0        148   aeabi_sdiv.o
        16          0          0          0          0         80   defsig_exit.o
        56          0          0          0          0         84   defsig_general.o
        84         58          0          0          0         80   defsig_rtmem_inner.o
        16          0          0          0          0         80   defsig_rtmem_outer.o
        20          0          0          0          0         80   exit.o
       118          0          0          0          0        116   h1_alloc.o
        56          0          0          0          0         80   h1_extend.o
        92          0          0          0          0        100   h1_free.o
        14          0          0          0          0         76   h1_init.o
         6          0          0          0          0        136   heapauxi.o
         4          0          0          0          0        120   hguard.o
       148          0          0          0          0        192   init_alloc.o
        10          0          0          0          0          0   libinit.o
        20          0          0          0          0          0   libinit2.o
        12          0          0          0          0          0   libshutdown.o
         6          0          0          0          0          0   libshutdown2.o
        12          4          0          0         96         68   libspace.o
         0          0          0          0          0          0   maybetermalloc1.o
        36          6          0          0          0         84   noretval__2printf.o
        16          4          0          0          0         68   rt_heap_descriptor_intlibspace.o
       212          0          0          0          0         68   rt_memcpy.o
       100          0          0          0          0         80   rt_memcpy_w.o
         8          0          0          0          0          0   rtexit.o
        12          0          0          0          0          0   rtexit2.o
        48          0          0          0          0         68   rtudiv10.o
        88          6          0          0          0         76   strcpy.o
        76          4          0          0          0         76   strlen.o
        96          0          0          0          0         80   sys_stackheap_outer.o
         4          0          0          0          0         68   use_no_semi.o

    ----------------------------------------------------------------------
      2716        122          0          0        100       2948   Library Totals
        12          0          0          0          4          0   (incl. Padding)

    ----------------------------------------------------------------------

      Code (inc. data)   RO Data    RW Data    ZI Data      Debug   Library Name

      2704        122          0          0         96       2948   c_t.l

    ----------------------------------------------------------------------
      2716        122          0          0        100       2948   Library Totals

    ----------------------------------------------------------------------

==============================================================================


      Code (inc. data)   RO Data    RW Data    ZI Data      Debug   

     25968       1102       1656        100    4200316      83688   Grand Totals
     25968       1102       1656        100    4200316      83688   ELF Image Totals
     25968       1102       1656        100          0          0   ROM Totals

==============================================================================

    Total RO  Size (Code + RO Data)                27624 (  26.98kB)
    Total RW  Size (RW Data + ZI Data)           4200416 (4101.97kB)
    Total ROM Size (Code + RO Data + RW Data)      27724 (  27.07kB)

==============================================================================

